Archive member included to satisfy reference by file (symbol)

../../libdaisy/build/libdaisy.a(daisy_seed.o)
                              build/DrumModule.o (daisy::DaisySeed::Configure())
../../libdaisy/build/libdaisy.a(codec_ak4556.o)
                              ../../libdaisy/build/libdaisy.a(daisy_seed.o) (daisy::Ak4556::Init(dsy_gpio_pin))
../../libdaisy/build/libdaisy.a(sdram.o)
                              ../../libdaisy/build/libdaisy.a(daisy_seed.o) (dsy_sdram_init)
../../libdaisy/build/libdaisy.a(audio.o)
                              ../../libdaisy/build/libdaisy.a(daisy_seed.o) (daisy::AudioHandle::Init(daisy::AudioHandle::Config const&, daisy::SaiHandle))
../../libdaisy/build/libdaisy.a(gpio.o)
                              ../../libdaisy/build/libdaisy.a(daisy_seed.o) (dsy_gpio_init)
../../libdaisy/build/libdaisy.a(qspi.o)
                              ../../libdaisy/build/libdaisy.a(daisy_seed.o) (dsy_qspi_init)
../../libdaisy/build/libdaisy.a(sai.o)
                              ../../libdaisy/build/libdaisy.a(daisy_seed.o) (daisy::SaiHandle::Init(daisy::SaiHandle::Config const&))
../../libdaisy/build/libdaisy.a(uart.o)
                              build/DrumModule.o (daisy::UartHandler::Init(daisy::UartHandler::Config const&))
../../libdaisy/build/libdaisy.a(system.o)
                              build/DrumModule.o (daisy::System::GetNow())
../../libdaisy/build/libdaisy.a(system_stm32h7xx.o)
                              build/startup_stm32h750xx.o (SystemInit)
../../libdaisy/build/libdaisy.a(hal_map.o)
                              ../../libdaisy/build/libdaisy.a(sdram.o) (dsy_hal_map_get_port)
../../libdaisy/build/libdaisy.a(stm32h7xx_hal.o)
                              ../../libdaisy/build/libdaisy.a(system.o) (HAL_Init)
../../libdaisy/build/libdaisy.a(stm32h7xx_hal_cortex.o)
                              ../../libdaisy/build/libdaisy.a(stm32h7xx_hal.o) (HAL_NVIC_SetPriorityGrouping)
../../libdaisy/build/libdaisy.a(stm32h7xx_hal_dma.o)
                              ../../libdaisy/build/libdaisy.a(sai.o) (HAL_DMA_Init)
../../libdaisy/build/libdaisy.a(stm32h7xx_hal_gpio.o)
                              ../../libdaisy/build/libdaisy.a(sdram.o) (HAL_GPIO_Init)
../../libdaisy/build/libdaisy.a(stm32h7xx_hal_pwr_ex.o)
                              ../../libdaisy/build/libdaisy.a(system.o) (HAL_PWREx_ConfigSupply)
../../libdaisy/build/libdaisy.a(stm32h7xx_hal_qspi.o)
                              ../../libdaisy/build/libdaisy.a(qspi.o) (HAL_QSPI_Init)
../../libdaisy/build/libdaisy.a(stm32h7xx_hal_rcc.o)
                              ../../libdaisy/build/libdaisy.a(system.o) (HAL_RCC_OscConfig)
../../libdaisy/build/libdaisy.a(stm32h7xx_hal_rcc_ex.o)
                              ../../libdaisy/build/libdaisy.a(system.o) (HAL_RCCEx_PeriphCLKConfig)
../../libdaisy/build/libdaisy.a(stm32h7xx_hal_sai.o)
                              ../../libdaisy/build/libdaisy.a(sai.o) (HAL_SAI_InitProtocol)
../../libdaisy/build/libdaisy.a(stm32h7xx_hal_sdram.o)
                              ../../libdaisy/build/libdaisy.a(sdram.o) (HAL_SDRAM_Init)
../../libdaisy/build/libdaisy.a(stm32h7xx_hal_uart.o)
                              ../../libdaisy/build/libdaisy.a(uart.o) (HAL_UART_Transmit)
../../libdaisy/build/libdaisy.a(stm32h7xx_hal_uart_ex.o)
                              ../../libdaisy/build/libdaisy.a(stm32h7xx_hal_uart.o) (HAL_UARTEx_WakeupCallback)
../../libdaisy/build/libdaisy.a(stm32h7xx_ll_fmc.o)
                              ../../libdaisy/build/libdaisy.a(stm32h7xx_hal_sdram.o) (FMC_SDRAM_Init)
../../libdaisy/build/libdaisy.a(i2c.o)
                              ../../libdaisy/build/libdaisy.a(system.o) (dsy_i2c_global_init)
../../libdaisy/build/libdaisy.a(tim.o)
                              ../../libdaisy/build/libdaisy.a(system.o) (daisy::TimerHandle::Init(daisy::TimerHandle::Config const&))
../../libdaisy/build/libdaisy.a(dma.o)
                              ../../libdaisy/build/libdaisy.a(system.o) (dsy_dma_init)
../../libdaisy/build/libdaisy.a(stm32h7xx_hal_i2c.o)
                              ../../libdaisy/build/libdaisy.a(i2c.o) (HAL_I2C_Init)
../../libdaisy/build/libdaisy.a(stm32h7xx_hal_i2c_ex.o)
                              ../../libdaisy/build/libdaisy.a(i2c.o) (HAL_I2CEx_ConfigAnalogFilter)
../../libdaisy/build/libdaisy.a(stm32h7xx_hal_mdma.o)
                              ../../libdaisy/build/libdaisy.a(stm32h7xx_hal_qspi.o) (HAL_MDMA_Start_IT)
../../libdaisy/build/libdaisy.a(stm32h7xx_hal_pwr.o)
                              ../../libdaisy/build/libdaisy.a(stm32h7xx_hal_pwr_ex.o) (HAL_PWR_PVDCallback)
../../libdaisy/build/libdaisy.a(stm32h7xx_hal_tim.o)
                              ../../libdaisy/build/libdaisy.a(tim.o) (HAL_TIM_Base_Init)
../../libdaisy/build/libdaisy.a(stm32h7xx_hal_tim_ex.o)
                              ../../libdaisy/build/libdaisy.a(stm32h7xx_hal_tim.o) (TIMEx_DMACommutationCplt)
../../DaisySP/build/libdaisysp.a(oscillator.o)
[...]
Memory Configuration

Name             Origin             Length             Attributes
FLASH            0x0000000008000000 0x0000000000020000 xr
DTCMRAM          0x0000000020000000 0x0000000000020000 xrw
SRAM             0x0000000024000000 0x0000000000080000 xrw
RAM_D2           0x0000000030000000 0x0000000000048000 xrw
RAM_D3           0x0000000038000000 0x0000000000010000 xrw
ITCMRAM          0x0000000000000000 0x0000000000010000 xrw
SDRAM            0x00000000c0000000 0x0000000004000000 xrw
QSPIFLASH        0x0000000090000000 0x0000000000800000 xr
*default*        0x0000000000000000 0xffffffffffffffff

Linker script and memory map

LOAD /opt/homebrew/Caskroom/gcc-arm-embedded/10-2020-q4-major/gcc-arm-none-eabi-10-2020-q4-major/bin/../lib/gcc/arm-none-eabi/10.2.1/thumb/v7e-m+dp/hard/crti.o
LOAD /opt/homebrew/Caskroom/gcc-arm-embedded/10-2020-q4-major/gcc-arm-none-eabi-10-2020-q4-major/bin/../lib/gcc/arm-none-eabi/10.2.1/thumb/v7e-m+dp/hard/crtbegin.o
LOAD /opt/homebrew/Caskroom/gcc-arm-embedded/10-2020-q4-major/gcc-arm-none-eabi-10-2020-q4-major/bin/../lib/gcc/arm-none-eabi/10.2.1/../../../../arm-none-eabi/lib/thumb/v7e-m+dp/hard/crt0.o
LOAD build/startup_stm32h750xx.o
LOAD build/DrumModule.o
LOAD ../../libdaisy/build/libdaisy.a
LOAD /opt/homebrew/Caskroom/gcc-arm-embedded/10-2020-q4-major/gcc-arm-none-eabi-10-2020-q4-major/bin/../lib/gcc/arm-none-eabi/10.2.1/../../../../arm-none-eabi/lib/thumb/v7e-m+dp/hard/libnosys.a
LOAD ../../DaisySP/build/libdaisysp.a
LOAD /opt/homebrew/Caskroom/gcc-arm-embedded/10-2020-q4-major/gcc-arm-none-eabi-10-2020-q4-major/bin/../lib/gcc/arm-none-eabi/10.2.1/../../../../arm-none-eabi/lib/thumb/v7e-m+dp/hard/libstdc++_nano.a
LOAD /opt/homebrew/Caskroom/gcc-arm-embedded/10-2020-q4-major/gcc-arm-none-eabi-10-2020-q4-major/bin/../lib/gcc/arm-none-eabi/10.2.1/../../../../arm-none-eabi/lib/thumb/v7e-m+dp/hard/libm.a
LOAD /opt/homebrew/Caskroom/gcc-arm-embedded/10-2020-q4-major/gcc-arm-none-eabi-10-2020-q4-major/bin/../lib/gcc/arm-none-eabi/10.2.1/../../../../arm-none-eabi/lib/thumb/v7e-m+dp/hard/libc_nano.a
START GROUP
LOAD /opt/homebrew/Caskroom/gcc-arm-embedded/10-2020-q4-major/gcc-arm-none-eabi-10-2020-q4-major/bin/../lib/gcc/arm-none-eabi/10.2.1/thumb/v7e-m+dp/hard/libgcc.a
LOAD /opt/homebrew/Caskroom/gcc-arm-embedded/10-2020-q4-major/gcc-arm-none-eabi-10-2020-q4-major/bin/../lib/gcc/arm-none-eabi/10.2.1/../../../../arm-none-eabi/lib/thumb/v7e-m+dp/hard/libc_nano.a
END GROUP
START GROUP
LOAD /opt/homebrew/Caskroom/gcc-arm-embedded/10-2020-q4-major/gcc-arm-none-eabi-10-2020-q4-major/bin/../lib/gcc/arm-none-eabi/10.2.1/thumb/v7e-m+dp/hard/libgcc.a
LOAD /opt/homebrew/Caskroom/gcc-arm-embedded/10-2020-q4-major/gcc-arm-none-eabi-10-2020-q4-major/bin/../lib/gcc/arm-none-eabi/10.2.1/../../../../arm-none-eabi/lib/thumb/v7e-m+dp/hard/libc_nano.a
LOAD /opt/homebrew/Caskroom/gcc-arm-embedded/10-2020-q4-major/gcc-arm-none-eabi-10-2020-q4-major/bin/../lib/gcc/arm-none-eabi/10.2.1/../../../../arm-none-eabi/lib/thumb/v7e-m+dp/hard/libnosys.a
END GROUP
START GROUP
LOAD /opt/homebrew/Caskroom/gcc-arm-embedded/10-2020-q4-major/gcc-arm-none-eabi-10-2020-q4-major/bin/../lib/gcc/arm-none-eabi/10.2.1/thumb/v7e-m+dp/hard/libgcc.a
LOAD /opt/homebrew/Caskroom/gcc-arm-embedded/10-2020-q4-major/gcc-arm-none-eabi-10-2020-q4-major/bin/../lib/gcc/arm-none-eabi/10.2.1/../../../../arm-none-eabi/lib/thumb/v7e-m+dp/hard/libc_nano.a
LOAD /opt/homebrew/Caskroom/gcc-arm-embedded/10-2020-q4-major/gcc-arm-none-eabi-10-2020-q4-major/bin/../lib/gcc/arm-none-eabi/10.2.1/../../../../arm-none-eabi/lib/thumb/v7e-m+dp/hard/libnosys.a
END GROUP
LOAD /opt/homebrew/Caskroom/gcc-arm-embedded/10-2020-q4-major/gcc-arm-none-eabi-10-2020-q4-major/bin/../lib/gcc/arm-none-eabi/10.2.1/thumb/v7e-m+dp/hard/crtend.o
LOAD /opt/homebrew/Caskroom/gcc-arm-embedded/10-2020-q4-major/gcc-arm-none-eabi-10-2020-q4-major/bin/../lib/gcc/arm-none-eabi/10.2.1/thumb/v7e-m+dp/hard/crtn.o
                0x0000000020020000                _estack = 0x20020000

.isr_vector     0x0000000008000000      0x298
                0x0000000008000000                . = ALIGN (0x4)
 *(.isr_vector)
 .isr_vector    0x0000000008000000      0x298 build/startup_stm32h750xx.o
                0x0000000008000000                g_pfnVectors
                0x0000000008000298                . = ALIGN (0x4)

.text           0x0000000008000298     0xb798
                0x0000000008000298                . = ALIGN (0x4)
                0x0000000008000298                _stext = .
 *(.text)
 .text          0x0000000008000298       0x40 /opt/homebrew/Caskroom/gcc-arm-embedded/10-2020-q4-major/gcc-arm-none-eabi-10-2020-q4-major/bin/../lib/gcc/arm-none-eabi/10.2.1/thumb/v7e-m+dp/hard/crtbegin.o
 .text          0x00000000080002d8      0x378 /opt/homebrew/Caskroom/gcc-arm-embedded/10-2020-q4-major/gcc-arm-none-eabi-10-2020-q4-major/bin/../lib/gcc/arm-none-eabi/10.2.1/thumb/v7e-m+dp/hard/libgcc.a(_arm_addsubdf3.o)
                0x00000000080002d8                __aeabi_drsub
                0x00000000080002e0                __subdf3
                0x00000000080002e0                __aeabi_dsub
                0x00000000080002e4                __aeabi_dadd
                0x00000000080002e4                __adddf3
                0x000000000800055c                __aeabi_ui2d
                0x000000000800055c                __floatunsidf
                0x000000000800057c                __floatsidf
                0x000000000800057c                __aeabi_i2d
                0x00000000080005a0                __extendsfdf2
                0x00000000080005a0                __aeabi_f2d
                0x00000000080005e4                __aeabi_ul2d
                0x00000000080005e4                __floatundidf
                0x00000000080005f4                __aeabi_l2d
                0x00000000080005f4                __floatdidf
 .text          0x0000000008000650       0x30 /opt/homebrew/Caskroom/gcc-arm-embedded/10-2020-q4-major/gcc-arm-none-eabi-10-2020-q4-major/bin/../lib/gcc/arm-none-eabi/10.2.1/thumb/v7e-m+dp/hard/libgcc.a(_aeabi_uldivmod.o)
                0x0000000008000650                __aeabi_uldivmod
 .text          0x0000000008000680      0x2d0 /opt/homebrew/Caskroom/gcc-arm-embedded/10-2020-q4-major/gcc-arm-none-eabi-10-2020-q4-major/bin/../lib/gcc/arm-none-eabi/10.2.1/thumb/v7e-m+dp/hard/libgcc.a(_udivmoddi4.o)
                0x0000000008000680                __udivmoddi4
 .text          0x0000000008000950        0x4 /opt/homebrew/Caskroom/gcc-arm-embedded/10-2020-q4-major/gcc-arm-none-eabi-10-2020-q4-major/bin/../lib/gcc/arm-none-eabi/10.2.1/thumb/v7e-m+dp/hard/libgcc.a(_dvmd_tls.o)
                0x0000000008000950                __aeabi_ldiv0
                0x0000000008000950                __aeabi_idiv0
 *(.text*)
 .text.Default_Handler
                0x0000000008000954        0x4 build/startup_stm32h750xx.o
                0x0000000008000954                SAI1_IRQHandler
                0x0000000008000954                HASH_RNG_IRQHandler
                0x0000000008000954                EXTI2_IRQHandler
                0x0000000008000954                TIM8_CC_IRQHandler
                0x0000000008000954                HRTIM1_Master_IRQHandler
                0x0000000008000954                DebugMon_Handler
                0x0000000008000954                SPI4_IRQHandler
                0x0000000008000954                TIM1_CC_IRQHandler
                0x0000000008000954                BDMA_Channel6_IRQHandler
                0x0000000008000954                DMA2_Stream5_IRQHandler
                0x0000000008000954                HRTIM1_FLT_IRQHandler
                0x0000000008000954                JPEG_IRQHandler
                0x0000000008000954                BDMA_Channel1_IRQHandler
                0x0000000008000954                HRTIM1_TIMD_IRQHandler
                0x0000000008000954                TAMP_STAMP_IRQHandler
                0x0000000008000954                PendSV_Handler
                0x0000000008000954                NMI_Handler
                0x0000000008000954                EXTI3_IRQHandler
                0x0000000008000954                LPTIM4_IRQHandler
                0x0000000008000954                TIM8_TRG_COM_TIM14_IRQHandler
                0x0000000008000954                LPTIM2_IRQHandler
                0x0000000008000954                DFSDM1_FLT1_IRQHandler
                0x0000000008000954                DMAMUX2_OVR_IRQHandler
                0x0000000008000954                TIM8_UP_TIM13_IRQHandler
                0x0000000008000954                I2C3_ER_IRQHandler
                0x0000000008000954                DFSDM1_FLT2_IRQHandler
                0x0000000008000954                MDMA_IRQHandler
                0x0000000008000954                LPTIM3_IRQHandler
                0x0000000008000954                HSEM1_IRQHandler
                0x0000000008000954                EXTI0_IRQHandler
                0x0000000008000954                DMA1_Stream2_IRQHandler
                0x0000000008000954                FPU_IRQHandler
                0x0000000008000954                OTG_HS_WKUP_IRQHandler
                0x0000000008000954                FDCAN1_IT1_IRQHandler
                0x0000000008000954                UsageFault_Handler
                0x0000000008000954                LTDC_ER_IRQHandler
                0x0000000008000954                DMA2_Stream2_IRQHandler
                0x0000000008000954                HRTIM1_TIME_IRQHandler
                0x0000000008000954                SPI1_IRQHandler
                0x0000000008000954                TIM6_DAC_IRQHandler
                0x0000000008000954                DCMI_IRQHandler
                0x0000000008000954                HRTIM1_TIMC_IRQHandler
                0x0000000008000954                DMA2_Stream3_IRQHandler
                0x0000000008000954                SAI2_IRQHandler
                0x0000000008000954                DFSDM1_FLT3_IRQHandler
                0x0000000008000954                TIM17_IRQHandler
                0x0000000008000954                CRYP_IRQHandler
                0x0000000008000954                BDMA_Channel7_IRQHandler
                0x0000000008000954                LPTIM5_IRQHandler
                0x0000000008000954                ADC3_IRQHandler
                0x0000000008000954                DMA2_Stream0_IRQHandler
                0x0000000008000954                TIM4_IRQHandler
                0x0000000008000954                BDMA_Channel2_IRQHandler
                0x0000000008000954                DMAMUX1_OVR_IRQHandler
                0x0000000008000954                TIM16_IRQHandler
                0x0000000008000954                BDMA_Channel5_IRQHandler
                0x0000000008000954                TIM3_IRQHandler
                0x0000000008000954                RCC_IRQHandler
                0x0000000008000954                TIM8_BRK_TIM12_IRQHandler
                0x0000000008000954                TIM1_TRG_COM_IRQHandler
                0x0000000008000954                Default_Handler
                0x0000000008000954                ECC_IRQHandler
                0x0000000008000954                CEC_IRQHandler
                0x0000000008000954                EXTI15_10_IRQHandler
                0x0000000008000954                BDMA_Channel0_IRQHandler
                0x0000000008000954                ADC_IRQHandler
                0x0000000008000954                DMA1_Stream7_IRQHandler
                0x0000000008000954                HRTIM1_TIMA_IRQHandler
                0x0000000008000954                SPI5_IRQHandler
                0x0000000008000954                TIM7_IRQHandler
                0x0000000008000954                SDMMC1_IRQHandler
                0x0000000008000954                TIM5_IRQHandler
                0x0000000008000954                DMA2_Stream7_IRQHandler
                0x0000000008000954                TIM15_IRQHandler
                0x0000000008000954                PVD_AVD_IRQHandler
                0x0000000008000954                EXTI9_5_IRQHandler
                0x0000000008000954                RTC_WKUP_IRQHandler
                0x0000000008000954                LTDC_IRQHandler
                0x0000000008000954                SAI3_IRQHandler
                0x0000000008000954                ETH_WKUP_IRQHandler
                0x0000000008000954                SPDIF_RX_IRQHandler
                0x0000000008000954                SPI2_IRQHandler
                0x0000000008000954                OTG_HS_EP1_IN_IRQHandler
                0x0000000008000954                MemManage_Handler
                0x0000000008000954                SVC_Handler
                0x0000000008000954                CRS_IRQHandler
                0x0000000008000954                EXTI4_IRQHandler
                0x0000000008000954                HRTIM1_TIMB_IRQHandler
                0x0000000008000954                FDCAN2_IT1_IRQHandler
                0x0000000008000954                ETH_IRQHandler
                0x0000000008000954                TIM1_UP_IRQHandler
                0x0000000008000954                BDMA_Channel4_IRQHandler
                0x0000000008000954                OTG_HS_EP1_OUT_IRQHandler
                0x0000000008000954                WWDG_IRQHandler
                0x0000000008000954                SPI6_IRQHandler
                0x0000000008000954                I2C4_EV_IRQHandler
                0x0000000008000954                MDIOS_IRQHandler
                0x0000000008000954                FDCAN2_IT0_IRQHandler
                0x0000000008000954                FDCAN1_IT0_IRQHandler
                0x0000000008000954                TIM2_IRQHandler
                0x0000000008000954                OTG_FS_WKUP_IRQHandler
                0x0000000008000954                OTG_HS_IRQHandler
                0x0000000008000954                DMA2D_IRQHandler
                0x0000000008000954                TIM1_BRK_IRQHandler
                0x0000000008000954                EXTI1_IRQHandler
                0x0000000008000954                SDMMC2_IRQHandler
                0x0000000008000954                OTG_FS_EP1_OUT_IRQHandler
                0x0000000008000954                BDMA_Channel3_IRQHandler
                0x0000000008000954                MDIOS_WKUP_IRQHandler
                0x0000000008000954                DFSDM1_FLT0_IRQHandler
                0x0000000008000954                SAI4_IRQHandler
                0x0000000008000954                I2C2_ER_IRQHandler
                0x0000000008000954                DMA2_Stream1_IRQHandler
                0x0000000008000954                FLASH_IRQHandler
                0x0000000008000954                DMA2_Stream4_IRQHandler
                0x0000000008000954                BusFault_Handler
                0x0000000008000954                OTG_FS_IRQHandler
                0x0000000008000954                SPI3_IRQHandler
                0x0000000008000954                WAKEUP_PIN_IRQHandler
                0x0000000008000954                OTG_FS_EP1_IN_IRQHandler
                0x0000000008000954                I2C1_ER_IRQHandler
                0x0000000008000954                FMC_IRQHandler
                0x0000000008000954                FDCAN_CAL_IRQHandler
                0x0000000008000954                SWPMI1_IRQHandler
                0x0000000008000954                COMP1_IRQHandler
                0x0000000008000954                LPTIM1_IRQHandler
                0x0000000008000954                I2C4_ER_IRQHandler
                0x0000000008000954                DMA2_Stream6_IRQHandler
                0x0000000008000954                RTC_Alarm_IRQHandler
 .text.Reset_Handler
                0x0000000008000958       0x44 build/startup_stm32h750xx.o
                0x0000000008000958                Reset_Handler
 .text._ZN5daisy6SwitchD2Ev
                0x000000000800099c        0x4 build/DrumModule.o
                0x000000000800099c                daisy::Switch::~Switch()
                0x000000000800099c                daisy::Switch::~Switch()
 .text._ZN5daisy9DaisySeedD2Ev
                0x00000000080009a0        0x4 build/DrumModule.o
                0x00000000080009a0                daisy::DaisySeed::~DaisySeed()
                0x00000000080009a0                daisy::DaisySeed::~DaisySeed()
 .text._ZN7daisysp5AdEnvD2Ev
                0x00000000080009a4        0x4 build/DrumModule.o
                0x00000000080009a4                daisysp::AdEnv::~AdEnv()
                0x00000000080009a4                daisysp::AdEnv::~AdEnv()
 .text._ZN7daisysp10OscillatorD2Ev
                0x00000000080009a8        0x4 build/DrumModule.o
                0x00000000080009a8                daisysp::Oscillator::~Oscillator()
                0x00000000080009a8                daisysp::Oscillator::~Oscillator()
 .text._ZN5daisy11MidiHandlerINS_17MidiUartTransportEED2Ev
                0x00000000080009ac        0x4 build/DrumModule.o
                0x00000000080009ac                daisy::MidiHandler<daisy::MidiUartTransport>::~MidiHandler()
                0x00000000080009ac                daisy::MidiHandler<daisy::MidiUartTransport>::~MidiHandler()
 .text._Z13AudioCallbackPKfPfj
                0x00000000080009b0       0x2c build/DrumModule.o
                0x00000000080009b0                AudioCallback(float const*, float*, unsigned int)
 .text._Z17HandleMidiMessageN5daisy9MidiEventE
                0x00000000080009dc       0x94 build/DrumModule.o
                0x00000000080009dc                HandleMidiMessage(daisy::MidiEvent)
 .text._Z8InitMidiv
                0x0000000008000a70       0x54 build/DrumModule.o
                0x0000000008000a70                InitMidi()
 .text._ZN5daisy11MidiHandlerINS_17MidiUartTransportEE5ParseEh
                0x0000000008000ac4      0x2a0 build/DrumModule.o
                0x0000000008000ac4                daisy::MidiHandler<daisy::MidiUartTransport>::Parse(unsigned char)
 .text.startup.main
                0x0000000008000d64      0x13c build/DrumModule.o
                0x0000000008000d64                main
 .text.startup._GLOBAL__sub_I_hardware
                0x0000000008000ea0       0xa4 build/DrumModule.o
 .text._ZN5daisy9DaisySeed9ConfigureEv
                0x0000000008000f44       0x4c ../../libdaisy/build/libdaisy.a(daisy_seed.o)
                0x0000000008000f44                daisy::DaisySeed::Configure()
 .text._ZN5daisy9DaisySeed10StartAudioEPFvPKfPfjE
                0x0000000008000f90        0x8 ../../libdaisy/build/libdaisy.a(daisy_seed.o)
                0x0000000008000f90                daisy::DaisySeed::StartAudio(void (*)(float const*, float*, unsigned int))
 .text._ZN5daisy9DaisySeed15AudioSampleRateEv
                0x0000000008000f98        0x8 ../../libdaisy/build/libdaisy.a(daisy_seed.o)
                0x0000000008000f98                daisy::DaisySeed::AudioSampleRate()
 .text._ZN5daisy9DaisySeed14ConfigureAudioEv
                0x0000000008000fa0       0x78 ../../libdaisy/build/libdaisy.a(daisy_seed.o)
                0x0000000008000fa0                daisy::DaisySeed::ConfigureAudio()
 .text._ZN5daisy9DaisySeed4InitEb
                0x0000000008001018       0x7c ../../libdaisy/build/libdaisy.a(daisy_seed.o)
                0x0000000008001018                daisy::DaisySeed::Init(bool)
 .text._ZN5daisy6Ak45564InitE12dsy_gpio_pin
                0x0000000008001094       0x44 ../../libdaisy/build/libdaisy.a(codec_ak4556.o)
                0x0000000008001094                daisy::Ak4556::Init(dsy_gpio_pin)
 .text.dsy_sdram_init
                0x00000000080010d8      0x108 ../../libdaisy/build/libdaisy.a(sdram.o)
                0x00000000080010d8                dsy_sdram_init
 .text.HAL_SDRAM_MspInit
                0x00000000080011e0      0x1d0 ../../libdaisy/build/libdaisy.a(sdram.o)
                0x00000000080011e0                HAL_SDRAM_MspInit
 .text._ZN5daisy11AudioHandle4Impl16InternalCallbackEPlS2_j
                0x00000000080013b0      0xbbc ../../libdaisy/build/libdaisy.a(audio.o)
                0x00000000080013b0                daisy::AudioHandle::Impl::InternalCallback(long*, long*, unsigned int)
 .text._ZN5daisy11AudioHandle4InitERKNS0_6ConfigENS_9SaiHandleE
                0x0000000008001f6c       0x64 ../../libdaisy/build/libdaisy.a(audio.o)
                0x0000000008001f6c                daisy::AudioHandle::Init(daisy::AudioHandle::Config const&, daisy::SaiHandle)
 .text._ZNK5daisy11AudioHandle9GetConfigEv
                0x0000000008001fd0        0x8 ../../libdaisy/build/libdaisy.a(audio.o)
                0x0000000008001fd0                daisy::AudioHandle::GetConfig() const
 .text._ZN5daisy11AudioHandle13GetSampleRateEv
                0x0000000008001fd8        0x8 ../../libdaisy/build/libdaisy.a(audio.o)
                0x0000000008001fd8                daisy::AudioHandle::GetSampleRate()
 .text._ZN5daisy11AudioHandle5StartEPFvPKfPfjE
                0x0000000008001fe0       0x2c ../../libdaisy/build/libdaisy.a(audio.o)
                0x0000000008001fe0                daisy::AudioHandle::Start(void (*)(float const*, float*, unsigned int))
 .text.startup._GLOBAL__sub_I__ZN5daisy11AudioHandle4Impl4InitENS0_6ConfigENS_9SaiHandleE
                0x000000000800200c       0x10 ../../libdaisy/build/libdaisy.a(audio.o)
 .text.dsy_gpio_init
                0x000000000800201c      0x1b8 ../../libdaisy/build/libdaisy.a(gpio.o)
                0x000000000800201c                dsy_gpio_init
 .text.dsy_gpio_write
                0x00000000080021d4       0x24 ../../libdaisy/build/libdaisy.a(gpio.o)
                0x00000000080021d4                dsy_gpio_write
 .text.dsy_qspi_init
                0x00000000080021f8      0x388 ../../libdaisy/build/libdaisy.a(qspi.o)
                0x00000000080021f8                dsy_qspi_init
 .text.HAL_QSPI_MspInit
                0x0000000008002580      0x10c ../../libdaisy/build/libdaisy.a(qspi.o)
                0x0000000008002580                HAL_QSPI_MspInit
 .text.HAL_QSPI_MspDeInit
                0x000000000800268c       0x58 ../../libdaisy/build/libdaisy.a(qspi.o)
                0x000000000800268c                HAL_QSPI_MspDeInit
 .text.QUADSPI_IRQHandler
                0x00000000080026e4        0xc ../../libdaisy/build/libdaisy.a(qspi.o)
                0x00000000080026e4                QUADSPI_IRQHandler
 .text._ZN5daisy9SaiHandle4Impl7InitDmaENS1_15PeripheralBlockE
                0x00000000080026f0       0xa0 ../../libdaisy/build/libdaisy.a(sai.o)
                0x00000000080026f0                daisy::SaiHandle::Impl::InitDma(daisy::SaiHandle::Impl::PeripheralBlock)
 .text._ZN5daisy9SaiHandle4Impl8InitPinsEv
                0x0000000008002790       0xa8 ../../libdaisy/build/libdaisy.a(sai.o)
                0x0000000008002790                daisy::SaiHandle::Impl::InitPins()
 .text.HAL_SAI_MspInit
                0x0000000008002838      0x164 ../../libdaisy/build/libdaisy.a(sai.o)
                0x0000000008002838                HAL_SAI_MspInit
 .text.DMA1_Stream0_IRQHandler
                0x000000000800299c        0xc ../../libdaisy/build/libdaisy.a(sai.o)
                0x000000000800299c                DMA1_Stream0_IRQHandler
 .text.DMA1_Stream1_IRQHandler
                0x00000000080029a8        0xc ../../libdaisy/build/libdaisy.a(sai.o)
                0x00000000080029a8                DMA1_Stream1_IRQHandler
 .text.DMA1_Stream3_IRQHandler
                0x00000000080029b4        0xc ../../libdaisy/build/libdaisy.a(sai.o)
                0x00000000080029b4                DMA1_Stream3_IRQHandler
 .text.DMA1_Stream4_IRQHandler
                0x00000000080029c0        0xc ../../libdaisy/build/libdaisy.a(sai.o)
                0x00000000080029c0                DMA1_Stream4_IRQHandler
 .text.HAL_SAI_RxHalfCpltCallback
                0x00000000080029cc       0x78 ../../libdaisy/build/libdaisy.a(sai.o)
                0x00000000080029cc                HAL_SAI_RxHalfCpltCallback
 .text.HAL_SAI_RxCpltCallback
                0x0000000008002a44       0x70 ../../libdaisy/build/libdaisy.a(sai.o)
                0x0000000008002a44                HAL_SAI_RxCpltCallback
 *fill*         0x0000000008002ab4        0x4 
 .text._ZN5daisy9SaiHandle4InitERKNS0_6ConfigE
                0x0000000008002ab8      0x1f0 ../../libdaisy/build/libdaisy.a(sai.o)
                0x0000000008002ab8                daisy::SaiHandle::Init(daisy::SaiHandle::Config const&)
 .text._ZNK5daisy9SaiHandle9GetConfigEv
                0x0000000008002ca8        0x4 ../../libdaisy/build/libdaisy.a(sai.o)
                0x0000000008002ca8                daisy::SaiHandle::GetConfig() const
 .text._ZN5daisy9SaiHandle8StartDmaEPlS1_jPFvS1_S1_jE
                0x0000000008002cac       0x68 ../../libdaisy/build/libdaisy.a(sai.o)
                0x0000000008002cac                daisy::SaiHandle::StartDma(long*, long*, unsigned int, void (*)(long*, long*, unsigned int))
 .text._ZN5daisy9SaiHandle13GetSampleRateEv
                0x0000000008002d14       0x24 ../../libdaisy/build/libdaisy.a(sai.o)
                0x0000000008002d14                daisy::SaiHandle::GetSampleRate()
 .text._ZNK5daisy9SaiHandle9GetOffsetEv
                0x0000000008002d38        0x8 ../../libdaisy/build/libdaisy.a(sai.o)
                0x0000000008002d38                daisy::SaiHandle::GetOffset() const
 .text._ZN5daisy11UartHandler4Impl8InitPinsEv
                0x0000000008002d40      0x15c ../../libdaisy/build/libdaisy.a(uart.o)
                0x0000000008002d40                daisy::UartHandler::Impl::InitPins()
 .text._ZN5daisy11UartHandler4Impl14UARTRxCompleteEv
                0x0000000008002e9c       0xfc ../../libdaisy/build/libdaisy.a(uart.o)
                0x0000000008002e9c                daisy::UartHandler::Impl::UARTRxComplete()
 .text.HAL_UART_RxCpltCallback
                0x0000000008002f98       0x90 ../../libdaisy/build/libdaisy.a(uart.o)
                0x0000000008002f98                HAL_UART_RxCpltCallback
 .text.HAL_UART_ErrorCallback
                0x0000000008003028       0x94 ../../libdaisy/build/libdaisy.a(uart.o)
                0x0000000008003028                HAL_UART_ErrorCallback
 .text.HAL_UART_MspInit
                0x00000000080030bc      0x28c ../../libdaisy/build/libdaisy.a(uart.o)
                0x00000000080030bc                HAL_UART_MspInit
 .text.USART1_IRQHandler
                0x0000000008003348       0xa8 ../../libdaisy/build/libdaisy.a(uart.o)
                0x0000000008003348                USART1_IRQHandler
 .text.USART2_IRQHandler
                0x00000000080033f0       0xac ../../libdaisy/build/libdaisy.a(uart.o)
                0x00000000080033f0                USART2_IRQHandler
 .text.USART3_IRQHandler
                0x000000000800349c       0xac ../../libdaisy/build/libdaisy.a(uart.o)
                0x000000000800349c                USART3_IRQHandler
 .text.UART4_IRQHandler
                0x0000000008003548       0xac ../../libdaisy/build/libdaisy.a(uart.o)
                0x0000000008003548                UART4_IRQHandler
 .text.UART5_IRQHandler
                0x00000000080035f4       0xac ../../libdaisy/build/libdaisy.a(uart.o)
                0x00000000080035f4                UART5_IRQHandler
 .text.USART6_IRQHandler
                0x00000000080036a0       0xac ../../libdaisy/build/libdaisy.a(uart.o)
                0x00000000080036a0                USART6_IRQHandler
 .text.UART7_IRQHandler
                0x000000000800374c       0xac ../../libdaisy/build/libdaisy.a(uart.o)
                0x000000000800374c                UART7_IRQHandler
 .text.UART8_IRQHandler
                0x00000000080037f8       0xac ../../libdaisy/build/libdaisy.a(uart.o)
                0x00000000080037f8                UART8_IRQHandler
 .text.LPUART1_IRQHandler
                0x00000000080038a4       0xb4 ../../libdaisy/build/libdaisy.a(uart.o)
                0x00000000080038a4                LPUART1_IRQHandler
 .text.DMA1_Stream5_IRQHandler
                0x0000000008003958        0xc ../../libdaisy/build/libdaisy.a(uart.o)
                0x0000000008003958                DMA1_Stream5_IRQHandler
 .text._ZN5daisy11UartHandler4InitERKNS0_6ConfigE
                0x0000000008003964      0x104 ../../libdaisy/build/libdaisy.a(uart.o)
                0x0000000008003964                daisy::UartHandler::Init(daisy::UartHandler::Config const&)
 .text._ZN5daisy11UartHandler7StartRxEv
                0x0000000008003a68       0x28 ../../libdaisy/build/libdaisy.a(uart.o)
                0x0000000008003a68                daisy::UartHandler::StartRx()
 .text._ZN5daisy11UartHandler8RxActiveEv
                0x0000000008003a90        0x8 ../../libdaisy/build/libdaisy.a(uart.o)
                0x0000000008003a90                daisy::UartHandler::RxActive()
 .text._ZN5daisy11UartHandler7FlushRxEv
                0x0000000008003a98       0x10 ../../libdaisy/build/libdaisy.a(uart.o)
                0x0000000008003a98                daisy::UartHandler::FlushRx()
 .text._ZN5daisy11UartHandler5PopRxEv
                0x0000000008003aa8       0x28 ../../libdaisy/build/libdaisy.a(uart.o)
                0x0000000008003aa8                daisy::UartHandler::PopRx()
 .text._ZN5daisy11UartHandler8ReadableEv
                0x0000000008003ad0       0x10 ../../libdaisy/build/libdaisy.a(uart.o)
                0x0000000008003ad0                daisy::UartHandler::Readable()
 .text.startup._GLOBAL__sub_I__Z19MapInstanceToHandleP13USART_TypeDef
                0x0000000008003ae0      0x140 ../../libdaisy/build/libdaisy.a(uart.o)
 .text._ZN5daisy11TimerHandleD2Ev
                0x0000000008003c20        0x4 ../../libdaisy/build/libdaisy.a(system.o)
                0x0000000008003c20                daisy::TimerHandle::~TimerHandle()
                0x0000000008003c20                daisy::TimerHandle::~TimerHandle()
 .text.SysTick_Handler
                0x0000000008003c24       0x10 ../../libdaisy/build/libdaisy.a(system.o)
                0x0000000008003c24                SysTick_Handler
 .text.HardFault_Handler
                0x0000000008003c34        0x4 ../../libdaisy/build/libdaisy.a(system.o)
                0x0000000008003c34                HardFault_Handler
 .text._ZN5daisy6System6GetNowEv
                0x0000000008003c38        0x4 ../../libdaisy/build/libdaisy.a(system.o)
                0x0000000008003c38                daisy::System::GetNow()
 .text._ZN5daisy6System5DelayEm
                0x0000000008003c3c        0x4 ../../libdaisy/build/libdaisy.a(system.o)
                0x0000000008003c3c                daisy::System::Delay(unsigned long)
 .text._ZN5daisy6System15ConfigureClocksEv
                0x0000000008003c40      0x194 ../../libdaisy/build/libdaisy.a(system.o)
                0x0000000008003c40                daisy::System::ConfigureClocks()
 .text._ZN5daisy6System4InitERKNS0_6ConfigE
                0x0000000008003dd4      0x11c ../../libdaisy/build/libdaisy.a(system.o)
                0x0000000008003dd4                daisy::System::Init(daisy::System::Config const&)
 .text.startup._GLOBAL__sub_I_SysTick_Handler
                0x0000000008003ef0       0x1c ../../libdaisy/build/libdaisy.a(system.o)
 .text.SystemInit
                0x0000000008003f0c       0x84 ../../libdaisy/build/libdaisy.a(system_stm32h7xx.o)
                0x0000000008003f0c                SystemInit
 .text.dsy_hal_map_get_port
                0x0000000008003f90       0x10 ../../libdaisy/build/libdaisy.a(hal_map.o)
                0x0000000008003f90                dsy_hal_map_get_port
 .text.dsy_hal_map_get_pin
                0x0000000008003fa0       0x10 ../../libdaisy/build/libdaisy.a(hal_map.o)
                0x0000000008003fa0                dsy_hal_map_get_pin
 .text.dsy_hal_map_gpio_clk_enable
                0x0000000008003fb0      0x150 ../../libdaisy/build/libdaisy.a(hal_map.o)
                0x0000000008003fb0                dsy_hal_map_gpio_clk_enable
 .text.HAL_MspInit
                0x0000000008004100        0x4 ../../libdaisy/build/libdaisy.a(stm32h7xx_hal.o)
                0x0000000008004100                HAL_MspInit
 .text.HAL_InitTick
                0x0000000008004104       0x4c ../../libdaisy/build/libdaisy.a(stm32h7xx_hal.o)
                0x0000000008004104                HAL_InitTick
 .text.HAL_Init
                0x0000000008004150       0x60 ../../libdaisy/build/libdaisy.a(stm32h7xx_hal.o)
                0x0000000008004150                HAL_Init
 .text.HAL_IncTick
                0x00000000080041b0       0x18 ../../libdaisy/build/libdaisy.a(stm32h7xx_hal.o)
                0x00000000080041b0                HAL_IncTick
 .text.HAL_GetTick
                0x00000000080041c8        0xc ../../libdaisy/build/libdaisy.a(stm32h7xx_hal.o)
                0x00000000080041c8                HAL_GetTick
 .text.HAL_Delay
                0x00000000080041d4       0x24 ../../libdaisy/build/libdaisy.a(stm32h7xx_hal.o)
                0x00000000080041d4                HAL_Delay
 .text.HAL_GetREVID
                0x00000000080041f8        0xc ../../libdaisy/build/libdaisy.a(stm32h7xx_hal.o)
                0x00000000080041f8                HAL_GetREVID
 .text.HAL_NVIC_SetPriorityGrouping
                0x0000000008004204       0x24 ../../libdaisy/build/libdaisy.a(stm32h7xx_hal_cortex.o)
                0x0000000008004204                HAL_NVIC_SetPriorityGrouping
 .text.HAL_NVIC_SetPriority
                0x0000000008004228       0x7c ../../libdaisy/build/libdaisy.a(stm32h7xx_hal_cortex.o)
                0x0000000008004228                HAL_NVIC_SetPriority
 .text.HAL_NVIC_EnableIRQ
                0x00000000080042a4       0x1c ../../libdaisy/build/libdaisy.a(stm32h7xx_hal_cortex.o)
                0x00000000080042a4                HAL_NVIC_EnableIRQ
 .text.HAL_NVIC_DisableIRQ
                0x00000000080042c0       0x28 ../../libdaisy/build/libdaisy.a(stm32h7xx_hal_cortex.o)
                0x00000000080042c0                HAL_NVIC_DisableIRQ
 .text.HAL_SYSTICK_Config
                0x00000000080042e8       0x2c ../../libdaisy/build/libdaisy.a(stm32h7xx_hal_cortex.o)
                0x00000000080042e8                HAL_SYSTICK_Config
 .text.HAL_MPU_Disable
                0x0000000008004314       0x1c ../../libdaisy/build/libdaisy.a(stm32h7xx_hal_cortex.o)
                0x0000000008004314                HAL_MPU_Disable
 .text.HAL_MPU_Enable
                0x0000000008004330       0x20 ../../libdaisy/build/libdaisy.a(stm32h7xx_hal_cortex.o)
                0x0000000008004330                HAL_MPU_Enable
 .text.HAL_MPU_ConfigRegion
                0x0000000008004350       0x64 ../../libdaisy/build/libdaisy.a(stm32h7xx_hal_cortex.o)
                0x0000000008004350                HAL_MPU_ConfigRegion
 .text.HAL_SYSTICK_Callback
                0x00000000080043b4        0x4 ../../libdaisy/build/libdaisy.a(stm32h7xx_hal_cortex.o)
                0x00000000080043b4                HAL_SYSTICK_Callback
 .text.HAL_SYSTICK_IRQHandler
                0x00000000080043b8        0x8 ../../libdaisy/build/libdaisy.a(stm32h7xx_hal_cortex.o)
                0x00000000080043b8                HAL_SYSTICK_IRQHandler
 .text.DMA_CalcBaseAndBitshift
                0x00000000080043c0       0xf4 ../../libdaisy/build/libdaisy.a(stm32h7xx_hal_dma.o)
 .text.DMA_CalcDMAMUXChannelBaseAndMask
                0x00000000080044b4       0xd8 ../../libdaisy/build/libdaisy.a(stm32h7xx_hal_dma.o)
 .text.HAL_DMA_Init
                0x000000000800458c      0x37c ../../libdaisy/build/libdaisy.a(stm32h7xx_hal_dma.o)
                0x000000000800458c                HAL_DMA_Init
 .text.HAL_DMA_Start_IT
                0x0000000008004908      0x240 ../../libdaisy/build/libdaisy.a(stm32h7xx_hal_dma.o)
                0x0000000008004908                HAL_DMA_Start_IT
 .text.HAL_DMA_Abort_IT
                0x0000000008004b48      0x134 ../../libdaisy/build/libdaisy.a(stm32h7xx_hal_dma.o)
                0x0000000008004b48                HAL_DMA_Abort_IT
 .text.HAL_DMA_IRQHandler
                0x0000000008004c7c      0x6a0 ../../libdaisy/build/libdaisy.a(stm32h7xx_hal_dma.o)
                0x0000000008004c7c                HAL_DMA_IRQHandler
 .text.HAL_DMA_GetError
                0x000000000800531c        0x4 ../../libdaisy/build/libdaisy.a(stm32h7xx_hal_dma.o)
                0x000000000800531c                HAL_DMA_GetError
 .text.HAL_GPIO_Init
                0x0000000008005320      0x280 ../../libdaisy/build/libdaisy.a(stm32h7xx_hal_gpio.o)
                0x0000000008005320                HAL_GPIO_Init
 .text.HAL_GPIO_DeInit
                0x00000000080055a0      0x190 ../../libdaisy/build/libdaisy.a(stm32h7xx_hal_gpio.o)
                0x00000000080055a0                HAL_GPIO_DeInit
 .text.HAL_GPIO_WritePin
                0x0000000008005730        0x8 ../../libdaisy/build/libdaisy.a(stm32h7xx_hal_gpio.o)
                0x0000000008005730                HAL_GPIO_WritePin
 .text.HAL_PWREx_ConfigSupply
                0x0000000008005738       0x4c ../../libdaisy/build/libdaisy.a(stm32h7xx_hal_pwr_ex.o)
                0x0000000008005738                HAL_PWREx_ConfigSupply
 .text.HAL_PWREx_EnableUSBVoltageDetector
                0x0000000008005784       0x10 ../../libdaisy/build/libdaisy.a(stm32h7xx_hal_pwr_ex.o)
                0x0000000008005784                HAL_PWREx_EnableUSBVoltageDetector
 .text.QSPI_Config
                0x0000000008005794      0x174 ../../libdaisy/build/libdaisy.a(stm32h7xx_hal_qspi.o)
 .text.HAL_QSPI_Init
                0x0000000008005908       0xd8 ../../libdaisy/build/libdaisy.a(stm32h7xx_hal_qspi.o)
                0x0000000008005908                HAL_QSPI_Init
 .text.HAL_QSPI_DeInit
                0x00000000080059e0       0x3c ../../libdaisy/build/libdaisy.a(stm32h7xx_hal_qspi.o)
                0x00000000080059e0                HAL_QSPI_DeInit
 .text.HAL_QSPI_Command
                0x0000000008005a1c       0xd4 ../../libdaisy/build/libdaisy.a(stm32h7xx_hal_qspi.o)
                0x0000000008005a1c                HAL_QSPI_Command
 .text.HAL_QSPI_Transmit
                0x0000000008005af0       0xfc ../../libdaisy/build/libdaisy.a(stm32h7xx_hal_qspi.o)
                0x0000000008005af0                HAL_QSPI_Transmit
 .text.HAL_QSPI_Receive
                0x0000000008005bec      0x108 ../../libdaisy/build/libdaisy.a(stm32h7xx_hal_qspi.o)
                0x0000000008005bec                HAL_QSPI_Receive
 .text.HAL_QSPI_AutoPolling
                0x0000000008005cf4       0xf0 ../../libdaisy/build/libdaisy.a(stm32h7xx_hal_qspi.o)
                0x0000000008005cf4                HAL_QSPI_AutoPolling
 .text.HAL_QSPI_MemoryMapped
                0x0000000008005de4       0xc0 ../../libdaisy/build/libdaisy.a(stm32h7xx_hal_qspi.o)
                0x0000000008005de4                HAL_QSPI_MemoryMapped
 .text.HAL_QSPI_ErrorCallback
                0x0000000008005ea4        0x4 ../../libdaisy/build/libdaisy.a(stm32h7xx_hal_qspi.o)
                0x0000000008005ea4                HAL_QSPI_ErrorCallback
 .text.QSPI_DMAAbortCplt
                0x0000000008005ea8       0x38 ../../libdaisy/build/libdaisy.a(stm32h7xx_hal_qspi.o)
 .text.HAL_QSPI_AbortCpltCallback
                0x0000000008005ee0        0x4 ../../libdaisy/build/libdaisy.a(stm32h7xx_hal_qspi.o)
                0x0000000008005ee0                HAL_QSPI_AbortCpltCallback
 .text.HAL_QSPI_CmdCpltCallback
                0x0000000008005ee4        0x4 ../../libdaisy/build/libdaisy.a(stm32h7xx_hal_qspi.o)
                0x0000000008005ee4                HAL_QSPI_CmdCpltCallback
 .text.HAL_QSPI_RxCpltCallback
                0x0000000008005ee8        0x4 ../../libdaisy/build/libdaisy.a(stm32h7xx_hal_qspi.o)
                0x0000000008005ee8                HAL_QSPI_RxCpltCallback
 .text.HAL_QSPI_TxCpltCallback
                0x0000000008005eec        0x4 ../../libdaisy/build/libdaisy.a(stm32h7xx_hal_qspi.o)
                0x0000000008005eec                HAL_QSPI_TxCpltCallback
 .text.HAL_QSPI_FifoThresholdCallback
                0x0000000008005ef0        0x4 ../../libdaisy/build/libdaisy.a(stm32h7xx_hal_qspi.o)
                0x0000000008005ef0                HAL_QSPI_FifoThresholdCallback
 .text.HAL_QSPI_StatusMatchCallback
                0x0000000008005ef4        0x4 ../../libdaisy/build/libdaisy.a(stm32h7xx_hal_qspi.o)
                0x0000000008005ef4                HAL_QSPI_StatusMatchCallback
 .text.HAL_QSPI_TimeOutCallback
                0x0000000008005ef8        0x4 ../../libdaisy/build/libdaisy.a(stm32h7xx_hal_qspi.o)
                0x0000000008005ef8                HAL_QSPI_TimeOutCallback
 .text.HAL_QSPI_IRQHandler
                0x0000000008005efc      0x210 ../../libdaisy/build/libdaisy.a(stm32h7xx_hal_qspi.o)
                0x0000000008005efc                HAL_QSPI_IRQHandler
 .text.HAL_RCC_OscConfig
                0x000000000800610c      0x51c ../../libdaisy/build/libdaisy.a(stm32h7xx_hal_rcc.o)
                0x000000000800610c                HAL_RCC_OscConfig
 .text.HAL_RCC_GetSysClockFreq
                0x0000000008006628      0x140 ../../libdaisy/build/libdaisy.a(stm32h7xx_hal_rcc.o)
                0x0000000008006628                HAL_RCC_GetSysClockFreq
 .text.HAL_RCC_ClockConfig
                0x0000000008006768      0x234 ../../libdaisy/build/libdaisy.a(stm32h7xx_hal_rcc.o)
                0x0000000008006768                HAL_RCC_ClockConfig
 .text.HAL_RCC_GetHCLKFreq
                0x000000000800699c       0x2c ../../libdaisy/build/libdaisy.a(stm32h7xx_hal_rcc.o)
                0x000000000800699c                HAL_RCC_GetHCLKFreq
 .text.HAL_RCC_GetPCLK1Freq
                0x00000000080069c8       0x38 ../../libdaisy/build/libdaisy.a(stm32h7xx_hal_rcc.o)
                0x00000000080069c8                HAL_RCC_GetPCLK1Freq
 .text.HAL_RCC_GetPCLK2Freq
                0x0000000008006a00       0x38 ../../libdaisy/build/libdaisy.a(stm32h7xx_hal_rcc.o)
                0x0000000008006a00                HAL_RCC_GetPCLK2Freq
 .text.RCCEx_PLL2_Config
                0x0000000008006a38       0xf4 ../../libdaisy/build/libdaisy.a(stm32h7xx_hal_rcc_ex.o)
 .text.RCCEx_PLL3_Config
                0x0000000008006b2c       0xf4 ../../libdaisy/build/libdaisy.a(stm32h7xx_hal_rcc_ex.o)
 .text.HAL_RCCEx_PeriphCLKConfig
                0x0000000008006c20      0xa7c ../../libdaisy/build/libdaisy.a(stm32h7xx_hal_rcc_ex.o)
                0x0000000008006c20                HAL_RCCEx_PeriphCLKConfig
 .text.HAL_RCCEx_GetD3PCLK1Freq
                0x000000000800769c       0x24 ../../libdaisy/build/libdaisy.a(stm32h7xx_hal_rcc_ex.o)
                0x000000000800769c                HAL_RCCEx_GetD3PCLK1Freq
 .text.HAL_RCCEx_GetPLL2ClockFreq
                0x00000000080076c0      0x17c ../../libdaisy/build/libdaisy.a(stm32h7xx_hal_rcc_ex.o)
                0x00000000080076c0                HAL_RCCEx_GetPLL2ClockFreq
 .text.HAL_RCCEx_GetPLL3ClockFreq
                0x000000000800783c      0x17c ../../libdaisy/build/libdaisy.a(stm32h7xx_hal_rcc_ex.o)
                0x000000000800783c                HAL_RCCEx_GetPLL3ClockFreq
 .text.HAL_RCCEx_GetPLL1ClockFreq
                0x00000000080079b8      0x17c ../../libdaisy/build/libdaisy.a(stm32h7xx_hal_rcc_ex.o)
                0x00000000080079b8                HAL_RCCEx_GetPLL1ClockFreq
 .text.HAL_RCCEx_GetPeriphCLKFreq
                0x0000000008007b34      0x198 ../../libdaisy/build/libdaisy.a(stm32h7xx_hal_rcc_ex.o)
                0x0000000008007b34                HAL_RCCEx_GetPeriphCLKFreq
 .text.HAL_RCCEx_GetD1SysClockFreq
                0x0000000008007ccc       0x2c ../../libdaisy/build/libdaisy.a(stm32h7xx_hal_rcc_ex.o)
                0x0000000008007ccc                HAL_RCCEx_GetD1SysClockFreq
 .text.HAL_SAI_Init.part.0
                0x0000000008007cf8      0x348 ../../libdaisy/build/libdaisy.a(stm32h7xx_hal_sai.o)
 .text.HAL_SAI_InitProtocol
                0x0000000008008040      0x178 ../../libdaisy/build/libdaisy.a(stm32h7xx_hal_sai.o)
                0x0000000008008040                HAL_SAI_InitProtocol
 .text.HAL_SAI_Transmit_DMA
                0x00000000080081b8      0x124 ../../libdaisy/build/libdaisy.a(stm32h7xx_hal_sai.o)
                0x00000000080081b8                HAL_SAI_Transmit_DMA
 .text.HAL_SAI_Receive_DMA
                0x00000000080082dc       0xd0 ../../libdaisy/build/libdaisy.a(stm32h7xx_hal_sai.o)
                0x00000000080082dc                HAL_SAI_Receive_DMA
 .text.HAL_SAI_TxCpltCallback
                0x00000000080083ac        0x4 ../../libdaisy/build/libdaisy.a(stm32h7xx_hal_sai.o)
                0x00000000080083ac                HAL_SAI_TxCpltCallback
 .text.SAI_DMATxCplt
                0x00000000080083b0       0x64 ../../libdaisy/build/libdaisy.a(stm32h7xx_hal_sai.o)
 .text.HAL_SAI_TxHalfCpltCallback
                0x0000000008008414        0x4 ../../libdaisy/build/libdaisy.a(stm32h7xx_hal_sai.o)
                0x0000000008008414                HAL_SAI_TxHalfCpltCallback
 .text.SAI_DMATxHalfCplt
                0x0000000008008418        0xc ../../libdaisy/build/libdaisy.a(stm32h7xx_hal_sai.o)
 .text.SAI_DMARxCplt
                0x0000000008008424       0x64 ../../libdaisy/build/libdaisy.a(stm32h7xx_hal_sai.o)
 .text.SAI_DMARxHalfCplt
                0x0000000008008488        0xc ../../libdaisy/build/libdaisy.a(stm32h7xx_hal_sai.o)
 .text.HAL_SAI_ErrorCallback
                0x0000000008008494        0x4 ../../libdaisy/build/libdaisy.a(stm32h7xx_hal_sai.o)
                0x0000000008008494                HAL_SAI_ErrorCallback
 .text.SAI_DMAError
                0x0000000008008498       0x6c ../../libdaisy/build/libdaisy.a(stm32h7xx_hal_sai.o)
 .text.HAL_SDRAM_Init
                0x0000000008008504       0x54 ../../libdaisy/build/libdaisy.a(stm32h7xx_hal_sdram.o)
                0x0000000008008504                HAL_SDRAM_Init
 .text.HAL_SDRAM_SendCommand
                0x0000000008008558       0x40 ../../libdaisy/build/libdaisy.a(stm32h7xx_hal_sdram.o)
                0x0000000008008558                HAL_SDRAM_SendCommand
 .text.HAL_SDRAM_ProgramRefreshRate
                0x0000000008008598       0x30 ../../libdaisy/build/libdaisy.a(stm32h7xx_hal_sdram.o)
                0x0000000008008598                HAL_SDRAM_ProgramRefreshRate
 .text.HAL_UART_Receive_DMA
                0x00000000080085c8       0xac ../../libdaisy/build/libdaisy.a(stm32h7xx_hal_uart.o)
                0x00000000080085c8                HAL_UART_Receive_DMA
 .text.HAL_UART_TxCpltCallback
                0x0000000008008674        0x4 ../../libdaisy/build/libdaisy.a(stm32h7xx_hal_uart.o)
                0x0000000008008674                HAL_UART_TxCpltCallback
 .text.UART_DMAReceiveCplt
                0x0000000008008678       0x38 ../../libdaisy/build/libdaisy.a(stm32h7xx_hal_uart.o)
 .text.HAL_UART_RxHalfCpltCallback
                0x00000000080086b0        0x4 ../../libdaisy/build/libdaisy.a(stm32h7xx_hal_uart.o)
                0x00000000080086b0                HAL_UART_RxHalfCpltCallback
 .text.UART_DMARxHalfCplt
                0x00000000080086b4        0xc ../../libdaisy/build/libdaisy.a(stm32h7xx_hal_uart.o)
 .text.UART_DMAError
                0x00000000080086c0       0x78 ../../libdaisy/build/libdaisy.a(stm32h7xx_hal_uart.o)
 .text.HAL_UART_IRQHandler
                0x0000000008008738      0x1d0 ../../libdaisy/build/libdaisy.a(stm32h7xx_hal_uart.o)
                0x0000000008008738                HAL_UART_IRQHandler
 .text.UART_DMAAbortOnError
                0x0000000008008908       0x14 ../../libdaisy/build/libdaisy.a(stm32h7xx_hal_uart.o)
 .text.UART_SetConfig
                0x000000000800891c     0x14b8 ../../libdaisy/build/libdaisy.a(stm32h7xx_hal_uart.o)
                0x000000000800891c                UART_SetConfig
 .text.UART_AdvFeatureConfig
                0x0000000008009dd4       0xb0 ../../libdaisy/build/libdaisy.a(stm32h7xx_hal_uart.o)
                0x0000000008009dd4                UART_AdvFeatureConfig
 .text.UART_CheckIdleState
                0x0000000008009e84       0x84 ../../libdaisy/build/libdaisy.a(stm32h7xx_hal_uart.o)
                0x0000000008009e84                UART_CheckIdleState
 .text.HAL_UART_Init
                0x0000000008009f08       0x68 ../../libdaisy/build/libdaisy.a(stm32h7xx_hal_uart.o)
                0x0000000008009f08                HAL_UART_Init
 .text.HAL_UARTEx_WakeupCallback
                0x0000000008009f70        0x4 ../../libdaisy/build/libdaisy.a(stm32h7xx_hal_uart_ex.o)
                0x0000000008009f70                HAL_UARTEx_WakeupCallback
 .text.HAL_UARTEx_RxFifoFullCallback
                0x0000000008009f74        0x4 ../../libdaisy/build/libdaisy.a(stm32h7xx_hal_uart_ex.o)
                0x0000000008009f74                HAL_UARTEx_RxFifoFullCallback
 .text.HAL_UARTEx_TxFifoEmptyCallback
                0x0000000008009f78        0x4 ../../libdaisy/build/libdaisy.a(stm32h7xx_hal_uart_ex.o)
                0x0000000008009f78                HAL_UARTEx_TxFifoEmptyCallback
 .text.HAL_UARTEx_DisableFifoMode
                0x0000000008009f7c       0x3c ../../libdaisy/build/libdaisy.a(stm32h7xx_hal_uart_ex.o)
                0x0000000008009f7c                HAL_UARTEx_DisableFifoMode
 .text.HAL_UARTEx_SetTxFifoThreshold
                0x0000000008009fb8       0x9c ../../libdaisy/build/libdaisy.a(stm32h7xx_hal_uart_ex.o)
                0x0000000008009fb8                HAL_UARTEx_SetTxFifoThreshold
 .text.HAL_UARTEx_SetRxFifoThreshold
                0x000000000800a054       0x9c ../../libdaisy/build/libdaisy.a(stm32h7xx_hal_uart_ex.o)
                0x000000000800a054                HAL_UARTEx_SetRxFifoThreshold
 .text.FMC_SDRAM_Init
                0x000000000800a0f0       0x7c ../../libdaisy/build/libdaisy.a(stm32h7xx_ll_fmc.o)
                0x000000000800a0f0                FMC_SDRAM_Init
 .text.FMC_SDRAM_Timing_Init
                0x000000000800a16c       0x98 ../../libdaisy/build/libdaisy.a(stm32h7xx_ll_fmc.o)
                0x000000000800a16c                FMC_SDRAM_Timing_Init
 .text.FMC_SDRAM_SendCommand
                0x000000000800a204       0x28 ../../libdaisy/build/libdaisy.a(stm32h7xx_ll_fmc.o)
                0x000000000800a204                FMC_SDRAM_SendCommand
 .text.FMC_SDRAM_ProgramRefreshRate
                0x000000000800a22c       0x1c ../../libdaisy/build/libdaisy.a(stm32h7xx_ll_fmc.o)
                0x000000000800a22c                FMC_SDRAM_ProgramRefreshRate
 .text.dsy_i2c_global_init
                0x000000000800a248       0x78 ../../libdaisy/build/libdaisy.a(i2c.o)
                0x000000000800a248                dsy_i2c_global_init
 .text.DMA1_Stream6_IRQHandler
                0x000000000800a2c0       0x34 ../../libdaisy/build/libdaisy.a(i2c.o)
                0x000000000800a2c0                DMA1_Stream6_IRQHandler
 .text.I2C1_EV_IRQHandler
                0x000000000800a2f4        0xc ../../libdaisy/build/libdaisy.a(i2c.o)
                0x000000000800a2f4                I2C1_EV_IRQHandler
 .text.I2C2_EV_IRQHandler
                0x000000000800a300        0xc ../../libdaisy/build/libdaisy.a(i2c.o)
                0x000000000800a300                I2C2_EV_IRQHandler
 .text.I2C3_EV_IRQHandler
                0x000000000800a30c        0xc ../../libdaisy/build/libdaisy.a(i2c.o)
                0x000000000800a30c                I2C3_EV_IRQHandler
 .text.startup._GLOBAL__sub_I__ZN5daisy9I2CHandle4Impl10GlobalInitEv
                0x000000000800a318       0x18 ../../libdaisy/build/libdaisy.a(i2c.o)
 .text.HAL_TIM_Base_MspInit
                0x000000000800a330       0xcc ../../libdaisy/build/libdaisy.a(tim.o)
                0x000000000800a330                HAL_TIM_Base_MspInit
 .text._ZN5daisy11TimerHandle4InitERKNS0_6ConfigE
                0x000000000800a3fc       0xc4 ../../libdaisy/build/libdaisy.a(tim.o)
                0x000000000800a3fc                daisy::TimerHandle::Init(daisy::TimerHandle::Config const&)
 .text._ZN5daisy11TimerHandle5StartEv
                0x000000000800a4c0       0x14 ../../libdaisy/build/libdaisy.a(tim.o)
                0x000000000800a4c0                daisy::TimerHandle::Start()
 .text.dsy_dma_init
                0x000000000800a4d4       0xd0 ../../libdaisy/build/libdaisy.a(dma.o)
                0x000000000800a4d4                dsy_dma_init
 .text.HAL_I2C_EV_IRQHandler
                0x000000000800a5a4       0x10 ../../libdaisy/build/libdaisy.a(stm32h7xx_hal_i2c.o)
                0x000000000800a5a4                HAL_I2C_EV_IRQHandler
 .text.HAL_MDMA_Abort_IT
                0x000000000800a5b4       0x2c ../../libdaisy/build/libdaisy.a(stm32h7xx_hal_mdma.o)
                0x000000000800a5b4                HAL_MDMA_Abort_IT
 .text.HAL_TIM_Base_Init
                0x000000000800a5e0      0x140 ../../libdaisy/build/libdaisy.a(stm32h7xx_hal_tim.o)
                0x000000000800a5e0                HAL_TIM_Base_Init
 .text.HAL_TIM_Base_Start
                0x000000000800a720       0x34 ../../libdaisy/build/libdaisy.a(stm32h7xx_hal_tim.o)
                0x000000000800a720                HAL_TIM_Base_Start
 .text.HAL_TIM_ConfigClockSource
                0x000000000800a754      0x17c ../../libdaisy/build/libdaisy.a(stm32h7xx_hal_tim.o)
                0x000000000800a754                HAL_TIM_ConfigClockSource
 .text.HAL_TIMEx_MasterConfigSynchronization
                0x000000000800a8d0       0x64 ../../libdaisy/build/libdaisy.a(stm32h7xx_hal_tim_ex.o)
                0x000000000800a8d0                HAL_TIMEx_MasterConfigSynchronization
 .text._ZN7daisysp10Oscillator7ProcessEv
                0x000000000800a934      0x3c4 ../../DaisySP/build/libdaisysp.a(oscillator.o)
                0x000000000800a934                daisysp::Oscillator::Process()
 .text._ZN7daisysp10Oscillator12CalcPhaseIncEf
                0x000000000800acf8       0x18 ../../DaisySP/build/libdaisysp.a(oscillator.o)
                0x000000000800acf8                daisysp::Oscillator::CalcPhaseInc(float)
 .text.__aeabi_atexit
                0x000000000800ad10        0xa /opt/homebrew/Caskroom/gcc-arm-embedded/10-2020-q4-major/gcc-arm-none-eabi-10-2020-q4-major/bin/../lib/gcc/arm-none-eabi/10.2.1/../../../../arm-none-eabi/lib/thumb/v7e-m+dp/hard/libstdc++_nano.a(atexit_arm.o)
                0x000000000800ad10                __aeabi_atexit
 *fill*         0x000000000800ad1a        0x6 
 .text.powf     0x000000000800ad20      0x328 /opt/homebrew/Caskroom/gcc-arm-embedded/10-2020-q4-major/gcc-arm-none-eabi-10-2020-q4-major/bin/../lib/gcc/arm-none-eabi/10.2.1/../../../../arm-none-eabi/lib/thumb/v7e-m+dp/hard/libm.a(lib_a-sf_pow.o)
                0x000000000800ad20                powf
 .text.sinf     0x000000000800b048      0x20c /opt/homebrew/Caskroom/gcc-arm-embedded/10-2020-q4-major/gcc-arm-none-eabi-10-2020-q4-major/bin/../lib/gcc/arm-none-eabi/10.2.1/../../../../arm-none-eabi/lib/thumb/v7e-m+dp/hard/libm.a(lib_a-sinf.o)
                0x000000000800b048                sinf
 .text.fmodf    0x000000000800b254       0x54 /opt/homebrew/Caskroom/gcc-arm-embedded/10-2020-q4-major/gcc-arm-none-eabi-10-2020-q4-major/bin/../lib/gcc/arm-none-eabi/10.2.1/../../../../arm-none-eabi/lib/thumb/v7e-m+dp/hard/libm.a(lib_a-wf_fmod.o)
                0x000000000800b254                fmodf
 .text.__ieee754_fmodf
                0x000000000800b2a8      0x120 /opt/homebrew/Caskroom/gcc-arm-embedded/10-2020-q4-major/gcc-arm-none-eabi-10-2020-q4-major/bin/../lib/gcc/arm-none-eabi/10.2.1/../../../../arm-none-eabi/lib/thumb/v7e-m+dp/hard/libm.a(lib_a-ef_fmod.o)
                0x000000000800b2a8                __ieee754_fmodf
 .text.with_errnof
                0x000000000800b3c8       0x18 /opt/homebrew/Caskroom/gcc-arm-embedded/10-2020-q4-major/gcc-arm-none-eabi-10-2020-q4-major/bin/../lib/gcc/arm-none-eabi/10.2.1/../../../../arm-none-eabi/lib/thumb/v7e-m+dp/hard/libm.a(lib_a-math_errf.o)
 .text.xflowf   0x000000000800b3e0       0x20 /opt/homebrew/Caskroom/gcc-arm-embedded/10-2020-q4-major/gcc-arm-none-eabi-10-2020-q4-major/bin/../lib/gcc/arm-none-eabi/10.2.1/../../../../arm-none-eabi/lib/thumb/v7e-m+dp/hard/libm.a(lib_a-math_errf.o)
 .text.__math_uflowf
                0x000000000800b400        0xc /opt/homebrew/Caskroom/gcc-arm-embedded/10-2020-q4-major/gcc-arm-none-eabi-10-2020-q4-major/bin/../lib/gcc/arm-none-eabi/10.2.1/../../../../arm-none-eabi/lib/thumb/v7e-m+dp/hard/libm.a(lib_a-math_errf.o)
                0x000000000800b400                __math_uflowf
 .text.__math_may_uflowf
                0x000000000800b40c        0xc /opt/homebrew/Caskroom/gcc-arm-embedded/10-2020-q4-major/gcc-arm-none-eabi-10-2020-q4-major/bin/../lib/gcc/arm-none-eabi/10.2.1/../../../../arm-none-eabi/lib/thumb/v7e-m+dp/hard/libm.a(lib_a-math_errf.o)
                0x000000000800b40c                __math_may_uflowf
 .text.__math_oflowf
                0x000000000800b418        0xc /opt/homebrew/Caskroom/gcc-arm-embedded/10-2020-q4-major/gcc-arm-none-eabi-10-2020-q4-major/bin/../lib/gcc/arm-none-eabi/10.2.1/../../../../arm-none-eabi/lib/thumb/v7e-m+dp/hard/libm.a(lib_a-math_errf.o)
                0x000000000800b418                __math_oflowf
 .text.__math_divzerof
                0x000000000800b424       0x24 /opt/homebrew/Caskroom/gcc-arm-embedded/10-2020-q4-major/gcc-arm-none-eabi-10-2020-q4-major/bin/../lib/gcc/arm-none-eabi/10.2.1/../../../../arm-none-eabi/lib/thumb/v7e-m+dp/hard/libm.a(lib_a-math_errf.o)
                0x000000000800b424                __math_divzerof
 .text.__math_invalidf
                0x000000000800b448       0x20 /opt/homebrew/Caskroom/gcc-arm-embedded/10-2020-q4-major/gcc-arm-none-eabi-10-2020-q4-major/bin/../lib/gcc/arm-none-eabi/10.2.1/../../../../arm-none-eabi/lib/thumb/v7e-m+dp/hard/libm.a(lib_a-math_errf.o)
                0x000000000800b448                __math_invalidf
 .text.__cxa_atexit
                0x000000000800b468       0x1c /opt/homebrew/Caskroom/gcc-arm-embedded/10-2020-q4-major/gcc-arm-none-eabi-10-2020-q4-major/bin/../lib/gcc/arm-none-eabi/10.2.1/../../../../arm-none-eabi/lib/thumb/v7e-m+dp/hard/libc_nano.a(lib_a-cxa_atexit.o)
                0x000000000800b468                __cxa_atexit
 .text.__errno  0x000000000800b484        0xc /opt/homebrew/Caskroom/gcc-arm-embedded/10-2020-q4-major/gcc-arm-none-eabi-10-2020-q4-major/bin/../lib/gcc/arm-none-eabi/10.2.1/../../../../arm-none-eabi/lib/thumb/v7e-m+dp/hard/libc_nano.a(lib_a-errno.o)
                0x000000000800b484                __errno
 .text.__libc_init_array
                0x000000000800b490       0x48 /opt/homebrew/Caskroom/gcc-arm-embedded/10-2020-q4-major/gcc-arm-none-eabi-10-2020-q4-major/bin/../lib/gcc/arm-none-eabi/10.2.1/../../../../arm-none-eabi/lib/thumb/v7e-m+dp/hard/libc_nano.a(lib_a-init.o)
                0x000000000800b490                __libc_init_array
 .text.memcpy   0x000000000800b4d8       0x1c /opt/homebrew/Caskroom/gcc-arm-embedded/10-2020-q4-major/gcc-arm-none-eabi-10-2020-q4-major/bin/../lib/gcc/arm-none-eabi/10.2.1/../../../../arm-none-eabi/lib/thumb/v7e-m+dp/hard/libc_nano.a(lib_a-memcpy-stub.o)
                0x000000000800b4d8                memcpy
 .text.memset   0x000000000800b4f4       0x10 /opt/homebrew/Caskroom/gcc-arm-embedded/10-2020-q4-major/gcc-arm-none-eabi-10-2020-q4-major/bin/../lib/gcc/arm-none-eabi/10.2.1/../../../../arm-none-eabi/lib/thumb/v7e-m+dp/hard/libc_nano.a(lib_a-memset.o)
                0x000000000800b4f4                memset
 *(.rodata)
 .rodata        0x000000000800b504        0x6 build/DrumModule.o
 *fill*         0x000000000800b50a        0x2 
 .rodata        0x000000000800b50c       0x12 ../../libdaisy/build/libdaisy.a(uart.o)
 *fill*         0x000000000800b51e        0x2 
 .rodata        0x000000000800b520        0x8 ../../libdaisy/build/libdaisy.a(stm32h7xx_hal_uart_ex.o)
 .rodata        0x000000000800b528       0x10 ../../libdaisy/build/libdaisy.a(tim.o)
 *(.rodata*)
 .rodata.HAL_QSPI_MspInit.str1.4
                0x000000000800b538        0x7 ../../libdaisy/build/libdaisy.a(qspi.o)
 *fill*         0x000000000800b53f        0x1 
 .rodata.CSWTCH.33
                0x000000000800b540        0x3 ../../libdaisy/build/libdaisy.a(sai.o)
 *fill*         0x000000000800b543        0x1 
 .rodata.CSWTCH.34
                0x000000000800b544        0xc ../../libdaisy/build/libdaisy.a(sai.o)
 .rodata.CSWTCH.41
                0x000000000800b550       0x14 ../../libdaisy/build/libdaisy.a(sai.o)
 .rodata.CSWTCH.63
                0x000000000800b564       0x24 ../../libdaisy/build/libdaisy.a(uart.o)
 .rodata.CSWTCH.64
                0x000000000800b588        0xc ../../libdaisy/build/libdaisy.a(uart.o)
 .rodata.CSWTCH.65
                0x000000000800b594       0x10 ../../libdaisy/build/libdaisy.a(uart.o)
 .rodata.CSWTCH.66
                0x000000000800b5a4        0xc ../../libdaisy/build/libdaisy.a(uart.o)
 .rodata.D1CorePrescTable
                0x000000000800b5b0       0x10 ../../libdaisy/build/libdaisy.a(system_stm32h7xx.o)
                0x000000000800b5b0                D1CorePrescTable
 .rodata.gpio_hal_pin_map
                0x000000000800b5c0       0x20 ../../libdaisy/build/libdaisy.a(hal_map.o)
 .rodata.gpio_hal_port_map
                0x000000000800b5e0       0x30 ../../libdaisy/build/libdaisy.a(hal_map.o)
 .rodata.flagBitshiftOffset.0
                0x000000000800b610        0x8 ../../libdaisy/build/libdaisy.a(stm32h7xx_hal_dma.o)
 .rodata.CSWTCH.418
                0x000000000800b618       0x29 ../../libdaisy/build/libdaisy.a(stm32h7xx_hal_uart.o)
 *fill*         0x000000000800b641        0x3 
 .rodata.CSWTCH.419
                0x000000000800b644        0x6 ../../libdaisy/build/libdaisy.a(stm32h7xx_hal_uart.o)
 *fill*         0x000000000800b64a        0x2 
 .rodata.CSWTCH.426
                0x000000000800b64c        0x6 ../../libdaisy/build/libdaisy.a(stm32h7xx_hal_uart.o)
 *fill*         0x000000000800b652        0x2 
 .rodata.HAL_UARTEx_EnableFifoMode.str1.4
                0x000000000800b654        0x9 ../../libdaisy/build/libdaisy.a(stm32h7xx_hal_uart_ex.o)
 *fill*         0x000000000800b65d        0x3 
 .rodata.__powf_log2_data
                0x000000000800b660      0x128 /opt/homebrew/Caskroom/gcc-arm-embedded/10-2020-q4-major/gcc-arm-none-eabi-10-2020-q4-major/bin/../lib/gcc/arm-none-eabi/10.2.1/../../../../arm-none-eabi/lib/thumb/v7e-m+dp/hard/libm.a(lib_a-sf_pow_log2_data.o)
                0x000000000800b660                __powf_log2_data
 .rodata.Zero   0x000000000800b788        0x8 /opt/homebrew/Caskroom/gcc-arm-embedded/10-2020-q4-major/gcc-arm-none-eabi-10-2020-q4-major/bin/../lib/gcc/arm-none-eabi/10.2.1/../../../../arm-none-eabi/lib/thumb/v7e-m+dp/hard/libm.a(lib_a-ef_fmod.o)
 .rodata.__exp2f_data
                0x000000000800b790      0x148 /opt/homebrew/Caskroom/gcc-arm-embedded/10-2020-q4-major/gcc-arm-none-eabi-10-2020-q4-major/bin/../lib/gcc/arm-none-eabi/10.2.1/../../../../arm-none-eabi/lib/thumb/v7e-m+dp/hard/libm.a(lib_a-sf_exp2_data.o)
                0x000000000800b790                __exp2f_data
 .rodata.__inv_pio4
                0x000000000800b8d8       0x60 /opt/homebrew/Caskroom/gcc-arm-embedded/10-2020-q4-major/gcc-arm-none-eabi-10-2020-q4-major/bin/../lib/gcc/arm-none-eabi/10.2.1/../../../../arm-none-eabi/lib/thumb/v7e-m+dp/hard/libm.a(lib_a-sincosf_data.o)
                0x000000000800b8d8                __inv_pio4
 .rodata.__sincosf_table
                0x000000000800b938       0xe0 /opt/homebrew/Caskroom/gcc-arm-embedded/10-2020-q4-major/gcc-arm-none-eabi-10-2020-q4-major/bin/../lib/gcc/arm-none-eabi/10.2.1/../../../../arm-none-eabi/lib/thumb/v7e-m+dp/hard/libm.a(lib_a-sincosf_data.o)
                0x000000000800b938                __sincosf_table
 *(.glue_7)
 .glue_7        0x000000000800ba18        0x0 linker stubs
 *(.glue_7t)
 .glue_7t       0x000000000800ba18        0x0 linker stubs
 *(.init)
 .init          0x000000000800ba18        0x4 /opt/homebrew/Caskroom/gcc-arm-embedded/10-2020-q4-major/gcc-arm-none-eabi-10-2020-q4-major/bin/../lib/gcc/arm-none-eabi/10.2.1/thumb/v7e-m+dp/hard/crti.o
                0x000000000800ba18                _init
 .init          0x000000000800ba1c        0x8 /opt/homebrew/Caskroom/gcc-arm-embedded/10-2020-q4-major/gcc-arm-none-eabi-10-2020-q4-major/bin/../lib/gcc/arm-none-eabi/10.2.1/thumb/v7e-m+dp/hard/crtn.o
 *(.fini)
 .fini          0x000000000800ba24        0x4 /opt/homebrew/Caskroom/gcc-arm-embedded/10-2020-q4-major/gcc-arm-none-eabi-10-2020-q4-major/bin/../lib/gcc/arm-none-eabi/10.2.1/thumb/v7e-m+dp/hard/crti.o
                0x000000000800ba24                _fini
 .fini          0x000000000800ba28        0x8 /opt/homebrew/Caskroom/gcc-arm-embedded/10-2020-q4-major/gcc-arm-none-eabi-10-2020-q4-major/bin/../lib/gcc/arm-none-eabi/10.2.1/thumb/v7e-m+dp/hard/crtn.o
                0x000000000800ba30                . = ALIGN (0x4)
                0x000000000800ba30                _etext = .

.eh_frame       0x000000000800ba30        0x0
 .eh_frame      0x000000000800ba30        0x0 /opt/homebrew/Caskroom/gcc-arm-embedded/10-2020-q4-major/gcc-arm-none-eabi-10-2020-q4-major/bin/../lib/gcc/arm-none-eabi/10.2.1/thumb/v7e-m+dp/hard/crtbegin.o

.vfp11_veneer   0x000000000800ba30        0x0
 .vfp11_veneer  0x000000000800ba30        0x0 linker stubs

.v4_bx          0x000000000800ba30        0x0
 .v4_bx         0x000000000800ba30        0x0 linker stubs

.iplt           0x000000000800ba30        0x0
 .iplt          0x000000000800ba30        0x0 /opt/homebrew/Caskroom/gcc-arm-embedded/10-2020-q4-major/gcc-arm-none-eabi-10-2020-q4-major/bin/../lib/gcc/arm-none-eabi/10.2.1/thumb/v7e-m+dp/hard/crtbegin.o

.ARM.extab      0x000000000800ba30        0x0
                0x000000000800ba30                . = ALIGN (0x4)
 *(.ARM.extab)
 *(.gnu.linkonce.armextab.*)
                0x000000000800ba30                . = ALIGN (0x4)

.exidx          0x000000000800ba30        0x8
                0x000000000800ba30                . = ALIGN (0x4)
                [!provide]                        PROVIDE (__exidx_start = .)
 *(.ARM.exidx*)
 .ARM.exidx     0x000000000800ba30        0x8 /opt/homebrew/Caskroom/gcc-arm-embedded/10-2020-q4-major/gcc-arm-none-eabi-10-2020-q4-major/bin/../lib/gcc/arm-none-eabi/10.2.1/thumb/v7e-m+dp/hard/libgcc.a(_udivmoddi4.o)
                0x000000000800ba38                . = ALIGN (0x4)
                [!provide]                        PROVIDE (__exidx_end = .)

.rel.dyn        0x000000000800ba38        0x0
 .rel.iplt      0x000000000800ba38        0x0 /opt/homebrew/Caskroom/gcc-arm-embedded/10-2020-q4-major/gcc-arm-none-eabi-10-2020-q4-major/bin/../lib/gcc/arm-none-eabi/10.2.1/thumb/v7e-m+dp/hard/crtbegin.o

.ARM.attributes
                0x000000000800ba38       0x2e
 *(.ARM.attributes)
 .ARM.attributes
                0x000000000800ba38       0x1e /opt/homebrew/Caskroom/gcc-arm-embedded/10-2020-q4-major/gcc-arm-none-eabi-10-2020-q4-major/bin/../lib/gcc/arm-none-eabi/10.2.1/thumb/v7e-m+dp/hard/crti.o
 .ARM.attributes
                0x000000000800ba56       0x32 /opt/homebrew/Caskroom/gcc-arm-embedded/10-2020-q4-major/gcc-arm-none-eabi-10-2020-q4-major/bin/../lib/gcc/arm-none-eabi/10.2.1/thumb/v7e-m+dp/hard/crtbegin.o
 .ARM.attributes
                0x000000000800ba88       0x32 build/startup_stm32h750xx.o
 .ARM.attributes
                0x000000000800baba       0x32 build/DrumModule.o
 .ARM.attributes
                0x000000000800baec       0x32 ../../libdaisy/build/libdaisy.a(daisy_seed.o)
 .ARM.attributes
                0x000000000800bb1e       0x32 ../../libdaisy/build/libdaisy.a(codec_ak4556.o)
 .ARM.attributes
                0x000000000800bb50       0x32 ../../libdaisy/build/libdaisy.a(sdram.o)
 .ARM.attributes
                0x000000000800bb82       0x32 ../../libdaisy/build/libdaisy.a(audio.o)
 .ARM.attributes
                0x000000000800bbb4       0x32 ../../libdaisy/build/libdaisy.a(gpio.o)
 .ARM.attributes
                0x000000000800bbe6       0x32 ../../libdaisy/build/libdaisy.a(qspi.o)
 .ARM.attributes
                0x000000000800bc18       0x32 ../../libdaisy/build/libdaisy.a(sai.o)
 .ARM.attributes
                0x000000000800bc4a       0x32 ../../libdaisy/build/libdaisy.a(uart.o)
 .ARM.attributes
                0x000000000800bc7c       0x32 ../../libdaisy/build/libdaisy.a(system.o)
 .ARM.attributes
                0x000000000800bcae       0x32 ../../libdaisy/build/libdaisy.a(system_stm32h7xx.o)
 .ARM.attributes
                0x000000000800bce0       0x32 ../../libdaisy/build/libdaisy.a(hal_map.o)
 .ARM.attributes
                0x000000000800bd12       0x32 ../../libdaisy/build/libdaisy.a(stm32h7xx_hal.o)
 .ARM.attributes
                0x000000000800bd44       0x32 ../../libdaisy/build/libdaisy.a(stm32h7xx_hal_cortex.o)
 .ARM.attributes
                0x000000000800bd76       0x32 ../../libdaisy/build/libdaisy.a(stm32h7xx_hal_dma.o)
 .ARM.attributes
                0x000000000800bda8       0x32 ../../libdaisy/build/libdaisy.a(stm32h7xx_hal_gpio.o)
 .ARM.attributes
                0x000000000800bdda       0x32 ../../libdaisy/build/libdaisy.a(stm32h7xx_hal_pwr_ex.o)
 .ARM.attributes
                0x000000000800be0c       0x32 ../../libdaisy/build/libdaisy.a(stm32h7xx_hal_qspi.o)
 .ARM.attributes
                0x000000000800be3e       0x32 ../../libdaisy/build/libdaisy.a(stm32h7xx_hal_rcc.o)
 .ARM.attributes
                0x000000000800be70       0x32 ../../libdaisy/build/libdaisy.a(stm32h7xx_hal_rcc_ex.o)
 .ARM.attributes
                0x000000000800bea2       0x32 ../../libdaisy/build/libdaisy.a(stm32h7xx_hal_sai.o)
 .ARM.attributes
                0x000000000800bed4       0x32 ../../libdaisy/build/libdaisy.a(stm32h7xx_hal_sdram.o)
 .ARM.attributes
                0x000000000800bf06       0x32 ../../libdaisy/build/libdaisy.a(stm32h7xx_hal_uart.o)
 .ARM.attributes
                0x000000000800bf38       0x32 ../../libdaisy/build/libdaisy.a(stm32h7xx_hal_uart_ex.o)
 .ARM.attributes
                0x000000000800bf6a       0x32 ../../libdaisy/build/libdaisy.a(stm32h7xx_ll_fmc.o)
 .ARM.attributes
                0x000000000800bf9c       0x32 ../../libdaisy/build/libdaisy.a(i2c.o)
 .ARM.attributes
                0x000000000800bfce       0x32 ../../libdaisy/build/libdaisy.a(tim.o)
 .ARM.attributes
                0x000000000800c000       0x32 ../../libdaisy/build/libdaisy.a(dma.o)
 .ARM.attributes
                0x000000000800c032       0x32 ../../libdaisy/build/libdaisy.a(stm32h7xx_hal_i2c.o)
 .ARM.attributes
                0x000000000800c064       0x32 ../../libdaisy/build/libdaisy.a(stm32h7xx_hal_mdma.o)
 .ARM.attributes
                0x000000000800c096       0x32 ../../libdaisy/build/libdaisy.a(stm32h7xx_hal_tim.o)
 .ARM.attributes
                0x000000000800c0c8       0x32 ../../libdaisy/build/libdaisy.a(stm32h7xx_hal_tim_ex.o)
 .ARM.attributes
                0x000000000800c0fa       0x32 ../../DaisySP/build/libdaisysp.a(oscillator.o)
 .ARM.attributes
                0x000000000800c12c       0x32 /opt/homebrew/Caskroom/gcc-arm-embedded/10-2020-q4-major/gcc-arm-none-eabi-10-2020-q4-major/bin/../lib/gcc/arm-none-eabi/10.2.1/../../../../arm-none-eabi/lib/thumb/v7e-m+dp/hard/libstdc++_nano.a(atexit_arm.o)
 .ARM.attributes
                0x000000000800c15e       0x32 /opt/homebrew/Caskroom/gcc-arm-embedded/10-2020-q4-major/gcc-arm-none-eabi-10-2020-q4-major/bin/../lib/gcc/arm-none-eabi/10.2.1/../../../../arm-none-eabi/lib/thumb/v7e-m+dp/hard/libm.a(lib_a-sf_pow.o)
 .ARM.attributes
                0x000000000800c190       0x30 /opt/homebrew/Caskroom/gcc-arm-embedded/10-2020-q4-major/gcc-arm-none-eabi-10-2020-q4-major/bin/../lib/gcc/arm-none-eabi/10.2.1/../../../../arm-none-eabi/lib/thumb/v7e-m+dp/hard/libm.a(lib_a-sf_pow_log2_data.o)
 .ARM.attributes
                0x000000000800c1c0       0x32 /opt/homebrew/Caskroom/gcc-arm-embedded/10-2020-q4-major/gcc-arm-none-eabi-10-2020-q4-major/bin/../lib/gcc/arm-none-eabi/10.2.1/../../../../arm-none-eabi/lib/thumb/v7e-m+dp/hard/libm.a(lib_a-sinf.o)
 .ARM.attributes
                0x000000000800c1f2       0x32 /opt/homebrew/Caskroom/gcc-arm-embedded/10-2020-q4-major/gcc-arm-none-eabi-10-2020-q4-major/bin/../lib/gcc/arm-none-eabi/10.2.1/../../../../arm-none-eabi/lib/thumb/v7e-m+dp/hard/libm.a(lib_a-wf_fmod.o)
 .ARM.attributes
                0x000000000800c224       0x32 /opt/homebrew/Caskroom/gcc-arm-embedded/10-2020-q4-major/gcc-arm-none-eabi-10-2020-q4-major/bin/../lib/gcc/arm-none-eabi/10.2.1/../../../../arm-none-eabi/lib/thumb/v7e-m+dp/hard/libm.a(lib_a-ef_fmod.o)
 .ARM.attributes
                0x000000000800c256       0x32 /opt/homebrew/Caskroom/gcc-arm-embedded/10-2020-q4-major/gcc-arm-none-eabi-10-2020-q4-major/bin/../lib/gcc/arm-none-eabi/10.2.1/../../../../arm-none-eabi/lib/thumb/v7e-m+dp/hard/libm.a(lib_a-math_errf.o)
 .ARM.attributes
                0x000000000800c288       0x30 /opt/homebrew/Caskroom/gcc-arm-embedded/10-2020-q4-major/gcc-arm-none-eabi-10-2020-q4-major/bin/../lib/gcc/arm-none-eabi/10.2.1/../../../../arm-none-eabi/lib/thumb/v7e-m+dp/hard/libm.a(lib_a-s_lib_ver.o)
 .ARM.attributes
                0x000000000800c2b8       0x30 /opt/homebrew/Caskroom/gcc-arm-embedded/10-2020-q4-major/gcc-arm-none-eabi-10-2020-q4-major/bin/../lib/gcc/arm-none-eabi/10.2.1/../../../../arm-none-eabi/lib/thumb/v7e-m+dp/hard/libm.a(lib_a-sf_exp2_data.o)
 .ARM.attributes
                0x000000000800c2e8       0x30 /opt/homebrew/Caskroom/gcc-arm-embedded/10-2020-q4-major/gcc-arm-none-eabi-10-2020-q4-major/bin/../lib/gcc/arm-none-eabi/10.2.1/../../../../arm-none-eabi/lib/thumb/v7e-m+dp/hard/libm.a(lib_a-sincosf_data.o)
 .ARM.attributes
                0x000000000800c318       0x32 /opt/homebrew/Caskroom/gcc-arm-embedded/10-2020-q4-major/gcc-arm-none-eabi-10-2020-q4-major/bin/../lib/gcc/arm-none-eabi/10.2.1/../../../../arm-none-eabi/lib/thumb/v7e-m+dp/hard/libc_nano.a(lib_a-cxa_atexit.o)
 .ARM.attributes
                0x000000000800c34a       0x32 /opt/homebrew/Caskroom/gcc-arm-embedded/10-2020-q4-major/gcc-arm-none-eabi-10-2020-q4-major/bin/../lib/gcc/arm-none-eabi/10.2.1/../../../../arm-none-eabi/lib/thumb/v7e-m+dp/hard/libc_nano.a(lib_a-errno.o)
 .ARM.attributes
                0x000000000800c37c       0x30 /opt/homebrew/Caskroom/gcc-arm-embedded/10-2020-q4-major/gcc-arm-none-eabi-10-2020-q4-major/bin/../lib/gcc/arm-none-eabi/10.2.1/../../../../arm-none-eabi/lib/thumb/v7e-m+dp/hard/libc_nano.a(lib_a-impure.o)
 .ARM.attributes
                0x000000000800c3ac       0x32 /opt/homebrew/Caskroom/gcc-arm-embedded/10-2020-q4-major/gcc-arm-none-eabi-10-2020-q4-major/bin/../lib/gcc/arm-none-eabi/10.2.1/../../../../arm-none-eabi/lib/thumb/v7e-m+dp/hard/libc_nano.a(lib_a-init.o)
 .ARM.attributes
                0x000000000800c3de       0x32 /opt/homebrew/Caskroom/gcc-arm-embedded/10-2020-q4-major/gcc-arm-none-eabi-10-2020-q4-major/bin/../lib/gcc/arm-none-eabi/10.2.1/../../../../arm-none-eabi/lib/thumb/v7e-m+dp/hard/libc_nano.a(lib_a-memcpy-stub.o)
 .ARM.attributes
                0x000000000800c410       0x32 /opt/homebrew/Caskroom/gcc-arm-embedded/10-2020-q4-major/gcc-arm-none-eabi-10-2020-q4-major/bin/../lib/gcc/arm-none-eabi/10.2.1/../../../../arm-none-eabi/lib/thumb/v7e-m+dp/hard/libc_nano.a(lib_a-memset.o)
 .ARM.attributes
                0x000000000800c442       0x1e /opt/homebrew/Caskroom/gcc-arm-embedded/10-2020-q4-major/gcc-arm-none-eabi-10-2020-q4-major/bin/../lib/gcc/arm-none-eabi/10.2.1/thumb/v7e-m+dp/hard/libgcc.a(_arm_addsubdf3.o)
 .ARM.attributes
                0x000000000800c460       0x1e /opt/homebrew/Caskroom/gcc-arm-embedded/10-2020-q4-major/gcc-arm-none-eabi-10-2020-q4-major/bin/../lib/gcc/arm-none-eabi/10.2.1/thumb/v7e-m+dp/hard/libgcc.a(_aeabi_uldivmod.o)
 .ARM.attributes
                0x000000000800c47e       0x32 /opt/homebrew/Caskroom/gcc-arm-embedded/10-2020-q4-major/gcc-arm-none-eabi-10-2020-q4-major/bin/../lib/gcc/arm-none-eabi/10.2.1/thumb/v7e-m+dp/hard/libgcc.a(_udivmoddi4.o)
 .ARM.attributes
                0x000000000800c4b0       0x1e /opt/homebrew/Caskroom/gcc-arm-embedded/10-2020-q4-major/gcc-arm-none-eabi-10-2020-q4-major/bin/../lib/gcc/arm-none-eabi/10.2.1/thumb/v7e-m+dp/hard/libgcc.a(_dvmd_tls.o)
 .ARM.attributes
                0x000000000800c4ce       0x1e /opt/homebrew/Caskroom/gcc-arm-embedded/10-2020-q4-major/gcc-arm-none-eabi-10-2020-q4-major/bin/../lib/gcc/arm-none-eabi/10.2.1/thumb/v7e-m+dp/hard/crtn.o

.preinit_array  0x000000000800ba38        0x0
                0x000000000800ba38                PROVIDE (__preinit_array_start = .)
 *(.preinit_array*)
                0x000000000800ba38                PROVIDE (__preinit_array_end = .)

.init_array     0x000000000800ba38       0x18
                0x000000000800ba38                PROVIDE (__init_array_start = .)
 *(SORT_BY_NAME(.init_array.*))
 *(.init_array*)
 .init_array    0x000000000800ba38        0x4 /opt/homebrew/Caskroom/gcc-arm-embedded/10-2020-q4-major/gcc-arm-none-eabi-10-2020-q4-major/bin/../lib/gcc/arm-none-eabi/10.2.1/thumb/v7e-m+dp/hard/crtbegin.o
 .init_array    0x000000000800ba3c        0x4 build/DrumModule.o
 .init_array    0x000000000800ba40        0x4 ../../libdaisy/build/libdaisy.a(audio.o)
 .init_array    0x000000000800ba44        0x4 ../../libdaisy/build/libdaisy.a(uart.o)
 .init_array    0x000000000800ba48        0x4 ../../libdaisy/build/libdaisy.a(system.o)
 .init_array    0x000000000800ba4c        0x4 ../../libdaisy/build/libdaisy.a(i2c.o)
                0x000000000800ba50                PROVIDE (__init_array_end = .)

.fini_array     0x000000000800ba50        0x4
                [!provide]                        PROVIDE (__fini_array_start = .)
 *(.fini_array*)
 .fini_array    0x000000000800ba50        0x4 /opt/homebrew/Caskroom/gcc-arm-embedded/10-2020-q4-major/gcc-arm-none-eabi-10-2020-q4-major/bin/../lib/gcc/arm-none-eabi/10.2.1/thumb/v7e-m+dp/hard/crtbegin.o
 *(SORT_BY_NAME(.fini_array.*))
                [!provide]                        PROVIDE (__fini_array_end = .)

.data           0x0000000024000000      0x1bc load address 0x000000000800ba54
                0x0000000024000000                . = ALIGN (0x4)
                0x0000000024000000                _sdata = .
                [!provide]                        PROVIDE (__data_start__ = _sdata)
 *(.data)
 .data          0x0000000024000000        0x4 /opt/homebrew/Caskroom/gcc-arm-embedded/10-2020-q4-major/gcc-arm-none-eabi-10-2020-q4-major/bin/../lib/gcc/arm-none-eabi/10.2.1/thumb/v7e-m+dp/hard/crtbegin.o
                0x0000000024000000                __dso_handle
 *(.data*)
 .data.note     0x0000000024000004        0x4 build/DrumModule.o
                0x0000000024000004                note
 .data.lpuart1_pins_rx
                0x0000000024000008        0x9 ../../libdaisy/build/libdaisy.a(uart.o)
                0x0000000024000008                lpuart1_pins_rx
 *fill*         0x0000000024000011        0x3 
 .data.lpuart1_pins_tx
                0x0000000024000014        0x9 ../../libdaisy/build/libdaisy.a(uart.o)
                0x0000000024000014                lpuart1_pins_tx
 *fill*         0x000000002400001d        0x3 
 .data.pins_none
                0x0000000024000020        0x3 ../../libdaisy/build/libdaisy.a(uart.o)
                0x0000000024000020                pins_none
 *fill*         0x0000000024000023        0x1 
 .data.pins_periphs
                0x0000000024000024       0x48 ../../libdaisy/build/libdaisy.a(uart.o)
                0x0000000024000024                pins_periphs
 .data.uart4_pins_rx
                0x000000002400006c        0x9 ../../libdaisy/build/libdaisy.a(uart.o)
                0x000000002400006c                uart4_pins_rx
 *fill*         0x0000000024000075        0x3 
 .data.uart4_pins_tx
                0x0000000024000078        0x9 ../../libdaisy/build/libdaisy.a(uart.o)
                0x0000000024000078                uart4_pins_tx
 *fill*         0x0000000024000081        0x3 
 .data.uart5_pins_rx
                0x0000000024000084        0x9 ../../libdaisy/build/libdaisy.a(uart.o)
                0x0000000024000084                uart5_pins_rx
 *fill*         0x000000002400008d        0x3 
 .data.uart5_pins_tx
                0x0000000024000090        0x9 ../../libdaisy/build/libdaisy.a(uart.o)
                0x0000000024000090                uart5_pins_tx
 *fill*         0x0000000024000099        0x3 
 .data.uart7_pins_tx
                0x000000002400009c        0x9 ../../libdaisy/build/libdaisy.a(uart.o)
                0x000000002400009c                uart7_pins_tx
 *fill*         0x00000000240000a5        0x3 
 .data.usart1_pins_rx
                0x00000000240000a8        0x9 ../../libdaisy/build/libdaisy.a(uart.o)
                0x00000000240000a8                usart1_pins_rx
 *fill*         0x00000000240000b1        0x3 
 .data.usart1_pins_tx
                0x00000000240000b4        0x9 ../../libdaisy/build/libdaisy.a(uart.o)
                0x00000000240000b4                usart1_pins_tx
 *fill*         0x00000000240000bd        0x3 
 .data.usart2_pins_rx
                0x00000000240000c0        0x9 ../../libdaisy/build/libdaisy.a(uart.o)
                0x00000000240000c0                usart2_pins_rx
 *fill*         0x00000000240000c9        0x3 
 .data.usart2_pins_tx
                0x00000000240000cc        0x9 ../../libdaisy/build/libdaisy.a(uart.o)
                0x00000000240000cc                usart2_pins_tx
 *fill*         0x00000000240000d5        0x3 
 .data.usart3_pins_rx
                0x00000000240000d8        0x9 ../../libdaisy/build/libdaisy.a(uart.o)
                0x00000000240000d8                usart3_pins_rx
 *fill*         0x00000000240000e1        0x3 
 .data.usart3_pins_tx
                0x00000000240000e4        0x9 ../../libdaisy/build/libdaisy.a(uart.o)
                0x00000000240000e4                usart3_pins_tx
 *fill*         0x00000000240000ed        0x3 
 .data.usart6_pins_rx
                0x00000000240000f0        0x9 ../../libdaisy/build/libdaisy.a(uart.o)
                0x00000000240000f0                usart6_pins_rx
 *fill*         0x00000000240000f9        0x3 
 .data.SystemCoreClock
                0x00000000240000fc        0x4 ../../libdaisy/build/libdaisy.a(system_stm32h7xx.o)
                0x00000000240000fc                SystemCoreClock
 .data.SystemD2Clock
                0x0000000024000100        0x4 ../../libdaisy/build/libdaisy.a(system_stm32h7xx.o)
                0x0000000024000100                SystemD2Clock
 .data.uwTickFreq
                0x0000000024000104        0x1 ../../libdaisy/build/libdaisy.a(stm32h7xx_hal.o)
 *fill*         0x0000000024000105        0x3 
 .data.uwTickPrio
                0x0000000024000108        0x4 ../../libdaisy/build/libdaisy.a(stm32h7xx_hal.o)
 .data._ZN5daisy9I2CHandle4Impl21queued_dma_transfers_E
                0x000000002400010c       0x48 ../../libdaisy/build/libdaisy.a(i2c.o)
                0x000000002400010c                daisy::I2CHandle::Impl::queued_dma_transfers_
 .data.__fdlib_version
                0x0000000024000154        0x1 /opt/homebrew/Caskroom/gcc-arm-embedded/10-2020-q4-major/gcc-arm-none-eabi-10-2020-q4-major/bin/../lib/gcc/arm-none-eabi/10.2.1/../../../../arm-none-eabi/lib/thumb/v7e-m+dp/hard/libm.a(lib_a-s_lib_ver.o)
                0x0000000024000154                __fdlib_version
 *fill*         0x0000000024000155        0x3 
 .data._impure_ptr
                0x0000000024000158        0x4 /opt/homebrew/Caskroom/gcc-arm-embedded/10-2020-q4-major/gcc-arm-none-eabi-10-2020-q4-major/bin/../lib/gcc/arm-none-eabi/10.2.1/../../../../arm-none-eabi/lib/thumb/v7e-m+dp/hard/libc_nano.a(lib_a-impure.o)
                0x0000000024000158                _impure_ptr
 .data.impure_data
                0x000000002400015c       0x60 /opt/homebrew/Caskroom/gcc-arm-embedded/10-2020-q4-major/gcc-arm-none-eabi-10-2020-q4-major/bin/../lib/gcc/arm-none-eabi/10.2.1/../../../../arm-none-eabi/lib/thumb/v7e-m+dp/hard/libc_nano.a(lib_a-impure.o)
                0x00000000240001bc                . = ALIGN (0x4)
                0x00000000240001bc                _edata = .
                [!provide]                        PROVIDE (__data_end__ = _edata)
                0x000000000800ba54                _sidata = LOADADDR (.data)

.igot.plt       0x00000000240001bc        0x0 load address 0x000000000800bc10
 .igot.plt      0x00000000240001bc        0x0 /opt/homebrew/Caskroom/gcc-arm-embedded/10-2020-q4-major/gcc-arm-none-eabi-10-2020-q4-major/bin/../lib/gcc/arm-none-eabi/10.2.1/thumb/v7e-m+dp/hard/crtbegin.o

.bss            0x00000000240001c0     0xafd8 load address 0x000000000800bc10
                0x00000000240001c0                . = ALIGN (0x4)
                0x00000000240001c0                _sbss = .
                0x00000000240001c0                PROVIDE (__bss_start__ = _sbss)
 *(.bss)
 .bss           0x00000000240001c0       0x1c /opt/homebrew/Caskroom/gcc-arm-embedded/10-2020-q4-major/gcc-arm-none-eabi-10-2020-q4-major/bin/../lib/gcc/arm-none-eabi/10.2.1/thumb/v7e-m+dp/hard/crtbegin.o
 *(.bss*)
 .bss.button1   0x00000000240001dc       0x10 build/DrumModule.o
                0x00000000240001dc                button1
 .bss.env       0x00000000240001ec       0x38 build/DrumModule.o
                0x00000000240001ec                env
 .bss.hardware  0x0000000024000224       0x3c build/DrumModule.o
                0x0000000024000224                hardware
 .bss.midi      0x0000000024000260     0x90bc build/DrumModule.o
                0x0000000024000260                midi
 .bss.osc       0x000000002400931c       0x28 build/DrumModule.o
                0x000000002400931c                osc
 .bss.FMC_Initialized
                0x0000000024009344        0x4 ../../libdaisy/build/libdaisy.a(sdram.o)
 .bss.dsy_sdram
                0x0000000024009348       0x3c ../../libdaisy/build/libdaisy.a(sdram.o)
 .bss._ZN5daisyL12audio_handleE
                0x0000000024009384       0x30 ../../libdaisy/build/libdaisy.a(audio.o)
 .bss.qspi_handle
                0x00000000240093b4       0x54 ../../libdaisy/build/libdaisy.a(qspi.o)
 .bss._ZN5daisyL11sai_handlesE
                0x0000000024009408      0x4b8 ../../libdaisy/build/libdaisy.a(sai.o)
 .bss._ZL12uart_handles
                0x00000000240098c0     0x141c ../../libdaisy/build/libdaisy.a(uart.o)
 .bss.uart7_pins_rx
                0x000000002400acdc        0x9 ../../libdaisy/build/libdaisy.a(uart.o)
                0x000000002400acdc                uart7_pins_rx
 *fill*         0x000000002400ace5        0x3 
 .bss.uart8_pins_rx
                0x000000002400ace8        0x9 ../../libdaisy/build/libdaisy.a(uart.o)
                0x000000002400ace8                uart8_pins_rx
 *fill*         0x000000002400acf1        0x3 
 .bss.uart8_pins_tx
                0x000000002400acf4        0x9 ../../libdaisy/build/libdaisy.a(uart.o)
                0x000000002400acf4                uart8_pins_tx
 *fill*         0x000000002400acfd        0x3 
 .bss.usart6_pins_tx
                0x000000002400ad00        0x9 ../../libdaisy/build/libdaisy.a(uart.o)
                0x000000002400ad00                usart6_pins_tx
 *fill*         0x000000002400ad09        0x3 
 .bss._ZN5daisy6System4tim_E
                0x000000002400ad0c        0x4 ../../libdaisy/build/libdaisy.a(system.o)
                0x000000002400ad0c                daisy::System::tim_
 .bss.uwTick    0x000000002400ad10        0x4 ../../libdaisy/build/libdaisy.a(stm32h7xx_hal.o)
 .bss._ZN5daisy9I2CHandle4Impl22dma_active_peripheral_E
                0x000000002400ad14        0x1 ../../libdaisy/build/libdaisy.a(i2c.o)
                0x000000002400ad14                daisy::I2CHandle::Impl::dma_active_peripheral_
 *fill*         0x000000002400ad15        0x3 
 .bss._ZN5daisyL11i2c_handlesE
                0x000000002400ad18      0x360 ../../libdaisy/build/libdaisy.a(i2c.o)
 .bss._ZN5daisyL11tim_handlesE
                0x000000002400b078      0x120 ../../libdaisy/build/libdaisy.a(tim.o)
 *(COMMON)
                0x000000002400b198                . = ALIGN (0x4)
                0x000000002400b198                _ebss = .
                0x000000002400b198                PROVIDE (__bss_end__ = _ebss)
                [!provide]                        PROVIDE (end = .)

.dtcmram_bss    0x0000000020000000        0x0
                0x0000000020000000                . = ALIGN (0x4)
                0x0000000020000000                _sdtcmram_bss = .
                [!provide]                        PROVIDE (__dtcmram_bss_start__ = _sdtcmram_bss)
 *(.dtcmram_bss)
 *(.dtcmram_bss*)
                0x0000000020000000                . = ALIGN (0x4)
                0x0000000020000000                _edtcmram_bss = .
                [!provide]                        PROVIDE (__dtcmram_bss_end__ = _edtcmram_bss)

.sram1_bss      0x0000000030000000     0x4108
                0x0000000030000000                . = ALIGN (0x4)
                0x0000000030000000                _ssram1_bss = .
                [!provide]                        PROVIDE (__sram1_bss_start__ = _sram1_bss)
 *(.sram1_bss)
 .sram1_bss     0x0000000030000000     0x4000 ../../libdaisy/build/libdaisy.a(audio.o)
 .sram1_bss     0x0000000030004000      0x108 ../../libdaisy/build/libdaisy.a(uart.o)
 *(.sram1_bss*)
                0x0000000030004108                . = ALIGN (0x4)
                0x0000000030004108                _esram1_bss = .
                [!provide]                        PROVIDE (__sram1_bss_end__ = _esram1_bss)

.sdram_bss      0x00000000c0000000        0x0
                0x00000000c0000000                . = ALIGN (0x4)
                0x00000000c0000000                _ssdram_bss = .
                [!provide]                        PROVIDE (__sdram_bss_start = _ssdram_bss)
 *(.sdram_bss)
 *(.sdram_bss*)
                0x00000000c0000000                . = ALIGN (0x4)
                0x00000000c0000000                _esdram_bss = .
                [!provide]                        PROVIDE (__sdram_bss_end = _esdram_bss)

.qspiflash_text
                0x0000000090000000        0x0
                0x0000000090000000                . = ALIGN (0x4)
                0x0000000090000000                _sqspiflash_text = .
                [!provide]                        PROVIDE (__qspiflash_text_start = _sqspiflash_text)
 *(.qspiflash_text)
 *(.qspiflash_text*)
                0x0000000090000000                . = ALIGN (0x4)
                0x0000000090000000                _eqspiflash_text = .
                [!provide]                        PROVIDE (__qspiflash_text_end = _eqspiflash_text)

.qspiflash_data
                0x0000000090000000        0x0
                0x0000000090000000                . = ALIGN (0x4)
                0x0000000090000000                _sqspiflash_data = .
                [!provide]                        PROVIDE (__qspiflash_data_start = _sqspiflash_data)
 *(.qspiflash_data)
 *(.qspiflash_data*)
                0x0000000090000000                . = ALIGN (0x4)
                0x0000000090000000                _eqspiflash_data = .
                [!provide]                        PROVIDE (__qspiflash_data_end = _eqspiflash_data)

.qspiflash_bss  0x0000000090000000        0x0
                0x0000000090000000                . = ALIGN (0x4)
                0x0000000090000000                _sqspiflash_bss = .
                [!provide]                        PROVIDE (__qspiflash_bss_start = _sqspiflash_bss)
 *(.qspiflash_bss)
 *(.qspiflash_bss*)
                0x0000000090000000                . = ALIGN (0x4)
                0x0000000090000000                _eqspiflash_bss = .
                [!provide]                        PROVIDE (__qspiflash_bss_end = _eqspiflash_bss)

.heap           0x000000002400b198        0x0
                0x000000002400b198                . = ALIGN (0x4)
                [!provide]                        PROVIDE (__heap_start__ = .)
 *(.heap)
                0x000000002400b198                . = ALIGN (0x4)
                [!provide]                        PROVIDE (__heap_end__ = .)

.reserved_for_stack
                0x000000002400b198        0x0
                0x000000002400b198                . = ALIGN (0x4)
                [!provide]                        PROVIDE (__reserved_for_stack_start__ = .)
 *(.reserved_for_stack)
                0x000000002400b198                . = ALIGN (0x4)
                [!provide]                        PROVIDE (__reserved_for_stack_end__ = .)

DISCARD
 libc.a(*)
 libm.a(*)
 libgcc.a(*)
OUTPUT(build/DrumModule.elf elf32-littlearm)
LOAD linker stubs
LOAD /opt/homebrew/Caskroom/gcc-arm-embedded/10-2020-q4-major/gcc-arm-none-eabi-10-2020-q4-major/bin/../lib/gcc/arm-none-eabi/10.2.1/../../../../arm-none-eabi/lib/thumb/v7e-m+dp/hard/libc.a
LOAD /opt/homebrew/Caskroom/gcc-arm-embedded/10-2020-q4-major/gcc-arm-none-eabi-10-2020-q4-major/bin/../lib/gcc/arm-none-eabi/10.2.1/../../../../arm-none-eabi/lib/thumb/v7e-m+dp/hard/libm.a
LOAD /opt/homebrew/Caskroom/gcc-arm-embedded/10-2020-q4-major/gcc-arm-none-eabi-10-2020-q4-major/bin/../lib/gcc/arm-none-eabi/10.2.1/thumb/v7e-m+dp/hard/libgcc.a

.debug_info     0x0000000000000000    0x5015d
 .debug_info    0x0000000000000000      0x1d0 build/startup_stm32h750xx.o
 .debug_info    0x00000000000001d0     0x864c build/DrumModule.o
 .debug_info    0x000000000000881c     0x3e8a ../../libdaisy/build/libdaisy.a(daisy_seed.o)
 .debug_info    0x000000000000c6a6     0x12cd ../../libdaisy/build/libdaisy.a(codec_ak4556.o)
 .debug_info    0x000000000000d973     0x13ad ../../libdaisy/build/libdaisy.a(sdram.o)
 .debug_info    0x000000000000ed20     0x2d05 ../../libdaisy/build/libdaisy.a(audio.o)
 .debug_info    0x0000000000011a25      0xc1b ../../libdaisy/build/libdaisy.a(gpio.o)
 .debug_info    0x0000000000012640     0x2613 ../../libdaisy/build/libdaisy.a(qspi.o)
 .debug_info    0x0000000000014c53     0x44b6 ../../libdaisy/build/libdaisy.a(sai.o)
 .debug_info    0x0000000000019109     0x6ab9 ../../libdaisy/build/libdaisy.a(uart.o)
 .debug_info    0x000000000001fbc2     0x4308 ../../libdaisy/build/libdaisy.a(system.o)
 .debug_info    0x0000000000023eca      0xa3b ../../libdaisy/build/libdaisy.a(system_stm32h7xx.o)
 .debug_info    0x0000000000024905      0x80c ../../libdaisy/build/libdaisy.a(hal_map.o)
 .debug_info    0x0000000000025111     0x16d6 ../../libdaisy/build/libdaisy.a(stm32h7xx_hal.o)
 .debug_info    0x00000000000267e7     0x13f0 ../../libdaisy/build/libdaisy.a(stm32h7xx_hal_cortex.o)
 .debug_info    0x0000000000027bd7      0xf2f ../../libdaisy/build/libdaisy.a(stm32h7xx_hal_dma.o)