Archive member included to satisfy reference by file (symbol)

../../libdaisy/build/libdaisy.a(daisy_seed.o)
                              build/DrumModule.o (daisy::DaisySeed::Configure())
../../libdaisy/build/libdaisy.a(codec_ak4556.o)
                              ../../libdaisy/build/libdaisy.a(daisy_seed.o) (daisy::Ak4556::Init(dsy_gpio_pin))
../../libdaisy/build/libdaisy.a(sdram.o)
                              ../../libdaisy/build/libdaisy.a(daisy_seed.o) (dsy_sdram_init)
../../libdaisy/build/libdaisy.a(audio.o)
                              ../../libdaisy/build/libdaisy.a(daisy_seed.o) (daisy::AudioHandle::Init(daisy::AudioHandle::Config const&, daisy::SaiHandle))
../../libdaisy/build/libdaisy.a(gpio.o)
                              ../../libdaisy/build/libdaisy.a(daisy_seed.o) (dsy_gpio_init)
../../libdaisy/build/libdaisy.a(qspi.o)
                              ../../libdaisy/build/libdaisy.a(daisy_seed.o) (dsy_qspi_init)
../../libdaisy/build/libdaisy.a(sai.o)
                              ../../libdaisy/build/libdaisy.a(daisy_seed.o) (daisy::SaiHandle::Init(daisy::SaiHandle::Config const&))
../../libdaisy/build/libdaisy.a(uart.o)
                              build/DrumModule.o (daisy::UartHandler::Init(daisy::UartHandler::Config const&))
../../libdaisy/build/libdaisy.a(system.o)
                              build/DrumModule.o (daisy::System::GetNow())
../../libdaisy/build/libdaisy.a(system_stm32h7xx.o)
                              build/startup_stm32h750xx.o (SystemInit)
../../libdaisy/build/libdaisy.a(hal_map.o)
                              ../../libdaisy/build/libdaisy.a(sdram.o) (dsy_hal_map_get_port)
../../libdaisy/build/libdaisy.a(stm32h7xx_hal.o)
                              ../../libdaisy/build/libdaisy.a(system.o) (HAL_Init)
../../libdaisy/build/libdaisy.a(stm32h7xx_hal_cortex.o)
                              ../../libdaisy/build/libdaisy.a(stm32h7xx_hal.o) (HAL_NVIC_SetPriorityGrouping)
../../libdaisy/build/libdaisy.a(stm32h7xx_hal_dma.o)
                              ../../libdaisy/build/libdaisy.a(sai.o) (HAL_DMA_Init)
../../libdaisy/build/libdaisy.a(stm32h7xx_hal_gpio.o)
                              ../../libdaisy/build/libdaisy.a(sdram.o) (HAL_GPIO_Init)
../../libdaisy/build/libdaisy.a(stm32h7xx_hal_pwr_ex.o)
                              ../../libdaisy/build/libdaisy.a(system.o) (HAL_PWREx_ConfigSupply)
../../libdaisy/build/libdaisy.a(stm32h7xx_hal_qspi.o)
                              ../../libdaisy/build/libdaisy.a(qspi.o) (HAL_QSPI_Init)
../../libdaisy/build/libdaisy.a(stm32h7xx_hal_rcc.o)
                              ../../libdaisy/build/libdaisy.a(system.o) (HAL_RCC_OscConfig)
../../libdaisy/build/libdaisy.a(stm32h7xx_hal_rcc_ex.o)
                              ../../libdaisy/build/libdaisy.a(system.o) (HAL_RCCEx_PeriphCLKConfig)
../../libdaisy/build/libdaisy.a(stm32h7xx_hal_sai.o)
                              ../../libdaisy/build/libdaisy.a(sai.o) (HAL_SAI_InitProtocol)
../../libdaisy/build/libdaisy.a(stm32h7xx_hal_sdram.o)
                              ../../libdaisy/build/libdaisy.a(sdram.o) (HAL_SDRAM_Init)
../../libdaisy/build/libdaisy.a(stm32h7xx_hal_uart.o)
                              ../../libdaisy/build/libdaisy.a(uart.o) (HAL_UART_Transmit)
../../libdaisy/build/libdaisy.a(stm32h7xx_hal_uart_ex.o)
                              ../../libdaisy/build/libdaisy.a(stm32h7xx_hal_uart.o) (HAL_UARTEx_WakeupCallback)
../../libdaisy/build/libdaisy.a(stm32h7xx_ll_fmc.o)
                              ../../libdaisy/build/libdaisy.a(stm32h7xx_hal_sdram.o) (FMC_SDRAM_Init)
../../libdaisy/build/libdaisy.a(i2c.o)
                              ../../libdaisy/build/libdaisy.a(system.o) (dsy_i2c_global_init)
../../libdaisy/build/libdaisy.a(tim.o)
                              ../../libdaisy/build/libdaisy.a(system.o) (daisy::TimerHandle::Init(daisy::TimerHandle::Config const&))
../../libdaisy/build/libdaisy.a(dma.o)
                              ../../libdaisy/build/libdaisy.a(system.o) (dsy_dma_init)
../../libdaisy/build/libdaisy.a(stm32h7xx_hal_i2c.o)
                              ../../libdaisy/build/libdaisy.a(i2c.o) (HAL_I2C_Init)
../../libdaisy/build/libdaisy.a(stm32h7xx_hal_i2c_ex.o)
                              ../../libdaisy/build/libdaisy.a(i2c.o) (HAL_I2CEx_ConfigAnalogFilter)
../../libdaisy/build/libdaisy.a(stm32h7xx_hal_mdma.o)
                              ../../libdaisy/build/libdaisy.a(stm32h7xx_hal_qspi.o) (HAL_MDMA_Start_IT)
../../libdaisy/build/libdaisy.a(stm32h7xx_hal_pwr.o)
                              ../../libdaisy/build/libdaisy.a(stm32h7xx_hal_pwr_ex.o) (HAL_PWR_PVDCallback)
../../libdaisy/build/libdaisy.a(stm32h7xx_hal_tim.o)
                              ../../libdaisy/build/libdaisy.a(tim.o) (HAL_TIM_Base_Init)
../../libdaisy/build/libdaisy.a(stm32h7xx_hal_tim_ex.o)
                              ../../libdaisy/build/libdaisy.a(stm32h7xx_hal_tim.o) (TIMEx_DMACommutationCplt)
../../DaisySP/build/libdaisysp.a(oscillator.o)
[...]
Memory Configuration

Name             Origin             Length             Attributes
FLASH            0x0000000008000000 0x0000000000020000 xr
DTCMRAM          0x0000000020000000 0x0000000000020000 xrw
SRAM             0x0000000024000000 0x0000000000080000 xrw
RAM_D2           0x0000000030000000 0x0000000000048000 xrw
RAM_D3           0x0000000038000000 0x0000000000010000 xrw
ITCMRAM          0x0000000000000000 0x0000000000010000 xrw
SDRAM            0x00000000c0000000 0x0000000004000000 xrw
QSPIFLASH        0x0000000090000000 0x0000000000800000 xr
*default*        0x0000000000000000 0xffffffffffffffff

Linker script and memory map

LOAD /opt/homebrew/Caskroom/gcc-arm-embedded/10-2020-q4-major/gcc-arm-none-eabi-10-2020-q4-major/bin/../lib/gcc/arm-none-eabi/10.2.1/thumb/v7e-m+dp/hard/crti.o
LOAD /opt/homebrew/Caskroom/gcc-arm-embedded/10-2020-q4-major/gcc-arm-none-eabi-10-2020-q4-major/bin/../lib/gcc/arm-none-eabi/10.2.1/thumb/v7e-m+dp/hard/crtbegin.o
LOAD /opt/homebrew/Caskroom/gcc-arm-embedded/10-2020-q4-major/gcc-arm-none-eabi-10-2020-q4-major/bin/../lib/gcc/arm-none-eabi/10.2.1/../../../../arm-none-eabi/lib/thumb/v7e-m+dp/hard/crt0.o
LOAD build/startup_stm32h750xx.o
LOAD build/DrumModule.o
LOAD ../../libdaisy/build/libdaisy.a
LOAD /opt/homebrew/Caskroom/gcc-arm-embedded/10-2020-q4-major/gcc-arm-none-eabi-10-2020-q4-major/bin/../lib/gcc/arm-none-eabi/10.2.1/../../../../arm-none-eabi/lib/thumb/v7e-m+dp/hard/libnosys.a
LOAD ../../DaisySP/build/libdaisysp.a
LOAD /opt/homebrew/Caskroom/gcc-arm-embedded/10-2020-q4-major/gcc-arm-none-eabi-10-2020-q4-major/bin/../lib/gcc/arm-none-eabi/10.2.1/../../../../arm-none-eabi/lib/thumb/v7e-m+dp/hard/libstdc++_nano.a
LOAD /opt/homebrew/Caskroom/gcc-arm-embedded/10-2020-q4-major/gcc-arm-none-eabi-10-2020-q4-major/bin/../lib/gcc/arm-none-eabi/10.2.1/../../../../arm-none-eabi/lib/thumb/v7e-m+dp/hard/libm.a
LOAD /opt/homebrew/Caskroom/gcc-arm-embedded/10-2020-q4-major/gcc-arm-none-eabi-10-2020-q4-major/bin/../lib/gcc/arm-none-eabi/10.2.1/../../../../arm-none-eabi/lib/thumb/v7e-m+dp/hard/libc_nano.a
START GROUP
LOAD /opt/homebrew/Caskroom/gcc-arm-embedded/10-2020-q4-major/gcc-arm-none-eabi-10-2020-q4-major/bin/../lib/gcc/arm-none-eabi/10.2.1/thumb/v7e-m+dp/hard/libgcc.a
LOAD /opt/homebrew/Caskroom/gcc-arm-embedded/10-2020-q4-major/gcc-arm-none-eabi-10-2020-q4-major/bin/../lib/gcc/arm-none-eabi/10.2.1/../../../../arm-none-eabi/lib/thumb/v7e-m+dp/hard/libc_nano.a
END GROUP
START GROUP
LOAD /opt/homebrew/Caskroom/gcc-arm-embedded/10-2020-q4-major/gcc-arm-none-eabi-10-2020-q4-major/bin/../lib/gcc/arm-none-eabi/10.2.1/thumb/v7e-m+dp/hard/libgcc.a
LOAD /opt/homebrew/Caskroom/gcc-arm-embedded/10-2020-q4-major/gcc-arm-none-eabi-10-2020-q4-major/bin/../lib/gcc/arm-none-eabi/10.2.1/../../../../arm-none-eabi/lib/thumb/v7e-m+dp/hard/libc_nano.a
LOAD /opt/homebrew/Caskroom/gcc-arm-embedded/10-2020-q4-major/gcc-arm-none-eabi-10-2020-q4-major/bin/../lib/gcc/arm-none-eabi/10.2.1/../../../../arm-none-eabi/lib/thumb/v7e-m+dp/hard/libnosys.a
END GROUP
START GROUP
LOAD /opt/homebrew/Caskroom/gcc-arm-embedded/10-2020-q4-major/gcc-arm-none-eabi-10-2020-q4-major/bin/../lib/gcc/arm-none-eabi/10.2.1/thumb/v7e-m+dp/hard/libgcc.a
LOAD /opt/homebrew/Caskroom/gcc-arm-embedded/10-2020-q4-major/gcc-arm-none-eabi-10-2020-q4-major/bin/../lib/gcc/arm-none-eabi/10.2.1/../../../../arm-none-eabi/lib/thumb/v7e-m+dp/hard/libc_nano.a
LOAD /opt/homebrew/Caskroom/gcc-arm-embedded/10-2020-q4-major/gcc-arm-none-eabi-10-2020-q4-major/bin/../lib/gcc/arm-none-eabi/10.2.1/../../../../arm-none-eabi/lib/thumb/v7e-m+dp/hard/libnosys.a
END GROUP
LOAD /opt/homebrew/Caskroom/gcc-arm-embedded/10-2020-q4-major/gcc-arm-none-eabi-10-2020-q4-major/bin/../lib/gcc/arm-none-eabi/10.2.1/thumb/v7e-m+dp/hard/crtend.o
LOAD /opt/homebrew/Caskroom/gcc-arm-embedded/10-2020-q4-major/gcc-arm-none-eabi-10-2020-q4-major/bin/../lib/gcc/arm-none-eabi/10.2.1/thumb/v7e-m+dp/hard/crtn.o
                0x0000000020020000                _estack = 0x20020000

.isr_vector     0x0000000008000000      0x298
                0x0000000008000000                . = ALIGN (0x4)
 *(.isr_vector)
 .isr_vector    0x0000000008000000      0x298 build/startup_stm32h750xx.o
                0x0000000008000000                g_pfnVectors
                0x0000000008000298                . = ALIGN (0x4)

.text           0x0000000008000298     0xc098
                0x0000000008000298                . = ALIGN (0x4)
                0x0000000008000298                _stext = .
 *(.text)
 .text          0x0000000008000298       0x40 /opt/homebrew/Caskroom/gcc-arm-embedded/10-2020-q4-major/gcc-arm-none-eabi-10-2020-q4-major/bin/../lib/gcc/arm-none-eabi/10.2.1/thumb/v7e-m+dp/hard/crtbegin.o
 .text          0x00000000080002d8       0x14 /opt/homebrew/Caskroom/gcc-arm-embedded/10-2020-q4-major/gcc-arm-none-eabi-10-2020-q4-major/bin/../lib/gcc/arm-none-eabi/10.2.1/../../../../arm-none-eabi/lib/thumb/v7e-m+dp/hard/libc_nano.a(lib_a-strcmp.o)
                0x00000000080002d8                strcmp
 .text          0x00000000080002ec      0x378 /opt/homebrew/Caskroom/gcc-arm-embedded/10-2020-q4-major/gcc-arm-none-eabi-10-2020-q4-major/bin/../lib/gcc/arm-none-eabi/10.2.1/thumb/v7e-m+dp/hard/libgcc.a(_arm_addsubdf3.o)
                0x00000000080002ec                __aeabi_drsub
                0x00000000080002f4                __subdf3
                0x00000000080002f4                __aeabi_dsub
                0x00000000080002f8                __aeabi_dadd
                0x00000000080002f8                __adddf3
                0x0000000008000570                __aeabi_ui2d
                0x0000000008000570                __floatunsidf
                0x0000000008000590                __floatsidf
                0x0000000008000590                __aeabi_i2d
                0x00000000080005b4                __extendsfdf2
                0x00000000080005b4                __aeabi_f2d
                0x00000000080005f8                __aeabi_ul2d
                0x00000000080005f8                __floatundidf
                0x0000000008000608                __aeabi_l2d
                0x0000000008000608                __floatdidf
 .text          0x0000000008000664       0x30 /opt/homebrew/Caskroom/gcc-arm-embedded/10-2020-q4-major/gcc-arm-none-eabi-10-2020-q4-major/bin/../lib/gcc/arm-none-eabi/10.2.1/thumb/v7e-m+dp/hard/libgcc.a(_aeabi_uldivmod.o)
                0x0000000008000664                __aeabi_uldivmod
 .text          0x0000000008000694      0x2d0 /opt/homebrew/Caskroom/gcc-arm-embedded/10-2020-q4-major/gcc-arm-none-eabi-10-2020-q4-major/bin/../lib/gcc/arm-none-eabi/10.2.1/thumb/v7e-m+dp/hard/libgcc.a(_udivmoddi4.o)
                0x0000000008000694                __udivmoddi4
 .text          0x0000000008000964        0x4 /opt/homebrew/Caskroom/gcc-arm-embedded/10-2020-q4-major/gcc-arm-none-eabi-10-2020-q4-major/bin/../lib/gcc/arm-none-eabi/10.2.1/thumb/v7e-m+dp/hard/libgcc.a(_dvmd_tls.o)
                0x0000000008000964                __aeabi_ldiv0
                0x0000000008000964                __aeabi_idiv0
 *(.text*)
 .text.Default_Handler
                0x0000000008000968        0x4 build/startup_stm32h750xx.o
                0x0000000008000968                SAI1_IRQHandler
                0x0000000008000968                HASH_RNG_IRQHandler
                0x0000000008000968                EXTI2_IRQHandler
                0x0000000008000968                TIM8_CC_IRQHandler
                0x0000000008000968                HRTIM1_Master_IRQHandler
                0x0000000008000968                DebugMon_Handler
                0x0000000008000968                SPI4_IRQHandler
                0x0000000008000968                TIM1_CC_IRQHandler
                0x0000000008000968                BDMA_Channel6_IRQHandler
                0x0000000008000968                DMA2_Stream5_IRQHandler
                0x0000000008000968                HRTIM1_FLT_IRQHandler
                0x0000000008000968                JPEG_IRQHandler
                0x0000000008000968                BDMA_Channel1_IRQHandler
                0x0000000008000968                HRTIM1_TIMD_IRQHandler
                0x0000000008000968                TAMP_STAMP_IRQHandler
                0x0000000008000968                PendSV_Handler
                0x0000000008000968                NMI_Handler
                0x0000000008000968                EXTI3_IRQHandler
                0x0000000008000968                LPTIM4_IRQHandler
                0x0000000008000968                TIM8_TRG_COM_TIM14_IRQHandler
                0x0000000008000968                LPTIM2_IRQHandler
                0x0000000008000968                DFSDM1_FLT1_IRQHandler
                0x0000000008000968                DMAMUX2_OVR_IRQHandler
                0x0000000008000968                TIM8_UP_TIM13_IRQHandler
                0x0000000008000968                I2C3_ER_IRQHandler
                0x0000000008000968                DFSDM1_FLT2_IRQHandler
                0x0000000008000968                MDMA_IRQHandler
                0x0000000008000968                LPTIM3_IRQHandler
                0x0000000008000968                HSEM1_IRQHandler
                0x0000000008000968                EXTI0_IRQHandler
                0x0000000008000968                DMA1_Stream2_IRQHandler
                0x0000000008000968                FPU_IRQHandler
                0x0000000008000968                OTG_HS_WKUP_IRQHandler
                0x0000000008000968                FDCAN1_IT1_IRQHandler
                0x0000000008000968                UsageFault_Handler
                0x0000000008000968                LTDC_ER_IRQHandler
                0x0000000008000968                DMA2_Stream2_IRQHandler
                0x0000000008000968                HRTIM1_TIME_IRQHandler
                0x0000000008000968                SPI1_IRQHandler
                0x0000000008000968                TIM6_DAC_IRQHandler
                0x0000000008000968                DCMI_IRQHandler
                0x0000000008000968                HRTIM1_TIMC_IRQHandler
                0x0000000008000968                DMA2_Stream3_IRQHandler
                0x0000000008000968                SAI2_IRQHandler
                0x0000000008000968                DFSDM1_FLT3_IRQHandler
                0x0000000008000968                TIM17_IRQHandler
                0x0000000008000968                CRYP_IRQHandler
                0x0000000008000968                BDMA_Channel7_IRQHandler
                0x0000000008000968                LPTIM5_IRQHandler
                0x0000000008000968                ADC3_IRQHandler
                0x0000000008000968                DMA2_Stream0_IRQHandler
                0x0000000008000968                TIM4_IRQHandler
                0x0000000008000968                BDMA_Channel2_IRQHandler
                0x0000000008000968                DMAMUX1_OVR_IRQHandler
                0x0000000008000968                TIM16_IRQHandler
                0x0000000008000968                BDMA_Channel5_IRQHandler
                0x0000000008000968                TIM3_IRQHandler
                0x0000000008000968                RCC_IRQHandler
                0x0000000008000968                TIM8_BRK_TIM12_IRQHandler
                0x0000000008000968                TIM1_TRG_COM_IRQHandler
                0x0000000008000968                Default_Handler
                0x0000000008000968                ECC_IRQHandler
                0x0000000008000968                CEC_IRQHandler
                0x0000000008000968                EXTI15_10_IRQHandler
                0x0000000008000968                BDMA_Channel0_IRQHandler
                0x0000000008000968                ADC_IRQHandler
                0x0000000008000968                DMA1_Stream7_IRQHandler
                0x0000000008000968                HRTIM1_TIMA_IRQHandler
                0x0000000008000968                SPI5_IRQHandler
                0x0000000008000968                TIM7_IRQHandler
                0x0000000008000968                SDMMC1_IRQHandler
                0x0000000008000968                TIM5_IRQHandler
                0x0000000008000968                DMA2_Stream7_IRQHandler
                0x0000000008000968                TIM15_IRQHandler
                0x0000000008000968                PVD_AVD_IRQHandler
                0x0000000008000968                EXTI9_5_IRQHandler
                0x0000000008000968                RTC_WKUP_IRQHandler
                0x0000000008000968                LTDC_IRQHandler
                0x0000000008000968                SAI3_IRQHandler
                0x0000000008000968                ETH_WKUP_IRQHandler
                0x0000000008000968                SPDIF_RX_IRQHandler
                0x0000000008000968                SPI2_IRQHandler
                0x0000000008000968                OTG_HS_EP1_IN_IRQHandler
                0x0000000008000968                MemManage_Handler
                0x0000000008000968                SVC_Handler
                0x0000000008000968                CRS_IRQHandler
                0x0000000008000968                EXTI4_IRQHandler
                0x0000000008000968                HRTIM1_TIMB_IRQHandler
                0x0000000008000968                FDCAN2_IT1_IRQHandler
                0x0000000008000968                ETH_IRQHandler
                0x0000000008000968                TIM1_UP_IRQHandler
                0x0000000008000968                BDMA_Channel4_IRQHandler
                0x0000000008000968                OTG_HS_EP1_OUT_IRQHandler
                0x0000000008000968                WWDG_IRQHandler
                0x0000000008000968                SPI6_IRQHandler
                0x0000000008000968                I2C4_EV_IRQHandler
                0x0000000008000968                MDIOS_IRQHandler
                0x0000000008000968                FDCAN2_IT0_IRQHandler
                0x0000000008000968                FDCAN1_IT0_IRQHandler
                0x0000000008000968                TIM2_IRQHandler
                0x0000000008000968                OTG_FS_WKUP_IRQHandler
                0x0000000008000968                OTG_HS_IRQHandler
                0x0000000008000968                DMA2D_IRQHandler
                0x0000000008000968                TIM1_BRK_IRQHandler
                0x0000000008000968                EXTI1_IRQHandler
                0x0000000008000968                SDMMC2_IRQHandler
                0x0000000008000968                OTG_FS_EP1_OUT_IRQHandler
                0x0000000008000968                BDMA_Channel3_IRQHandler
                0x0000000008000968                MDIOS_WKUP_IRQHandler
                0x0000000008000968                DFSDM1_FLT0_IRQHandler
                0x0000000008000968                SAI4_IRQHandler
                0x0000000008000968                I2C2_ER_IRQHandler
                0x0000000008000968                DMA2_Stream1_IRQHandler
                0x0000000008000968                FLASH_IRQHandler
                0x0000000008000968                DMA2_Stream4_IRQHandler
                0x0000000008000968                BusFault_Handler
                0x0000000008000968                OTG_FS_IRQHandler
                0x0000000008000968                SPI3_IRQHandler
                0x0000000008000968                WAKEUP_PIN_IRQHandler
                0x0000000008000968                OTG_FS_EP1_IN_IRQHandler
                0x0000000008000968                I2C1_ER_IRQHandler
                0x0000000008000968                FMC_IRQHandler
                0x0000000008000968                FDCAN_CAL_IRQHandler
                0x0000000008000968                SWPMI1_IRQHandler
                0x0000000008000968                COMP1_IRQHandler
                0x0000000008000968                LPTIM1_IRQHandler
                0x0000000008000968                I2C4_ER_IRQHandler
                0x0000000008000968                DMA2_Stream6_IRQHandler
                0x0000000008000968                RTC_Alarm_IRQHandler
 .text.Reset_Handler
                0x000000000800096c       0x44 build/startup_stm32h750xx.o
                0x000000000800096c                Reset_Handler
 .text._ZN5daisy9DaisySeedD2Ev
                0x00000000080009b0        0x4 build/DrumModule.o
                0x00000000080009b0                daisy::DaisySeed::~DaisySeed()
                0x00000000080009b0                daisy::DaisySeed::~DaisySeed()
 .text._ZN3Tom4TrigEf
                0x00000000080009b4       0x14 build/DrumModule.o
                0x00000000080009b4                Tom::Trig(float)
 .text._ZN7SinPerc4TrigEf
                0x00000000080009c8       0x10 build/DrumModule.o
                0x00000000080009c8                SinPerc::Trig(float)
 .text._Z13AudioCallbackPKfPfj
                0x00000000080009d8       0x7c build/DrumModule.o
                0x00000000080009d8                AudioCallback(float const*, float*, unsigned int)
 .text._ZN5daisy11MidiHandlerINS_17MidiUartTransportEED2Ev
                0x0000000008000a54        0x4 build/DrumModule.o
                0x0000000008000a54                daisy::MidiHandler<daisy::MidiUartTransport>::~MidiHandler()
                0x0000000008000a54                daisy::MidiHandler<daisy::MidiUartTransport>::~MidiHandler()
 .text._ZN7SinPerc7ProcessEv
                0x0000000008000a58       0x4c build/DrumModule.o
                0x0000000008000a58                SinPerc::Process()
 .text._ZN3Tom7ProcessEv
                0x0000000008000aa4       0xdc build/DrumModule.o
                0x0000000008000aa4                Tom::Process()
 .text._ZN3Tom4InitEf
                0x0000000008000b80       0x80 build/DrumModule.o
                0x0000000008000b80                Tom::Init(float)
 .text._ZN7SinPerc4InitEf
                0x0000000008000c00       0x84 build/DrumModule.o
                0x0000000008000c00                SinPerc::Init(float)
 .text._Z17HandleMidiMessageN5daisy9MidiEventE
                0x0000000008000c84       0x5c build/DrumModule.o
                0x0000000008000c84                HandleMidiMessage(daisy::MidiEvent)
 .text._Z8InitMidiv
                0x0000000008000ce0       0x54 build/DrumModule.o
                0x0000000008000ce0                InitMidi()
 .text._ZN5daisy11MidiHandlerINS_17MidiUartTransportEE5ParseEh
                0x0000000008000d34      0x2a0 build/DrumModule.o
                0x0000000008000d34                daisy::MidiHandler<daisy::MidiUartTransport>::Parse(unsigned char)
 .text.startup.main
                0x0000000008000fd4      0x104 build/DrumModule.o
                0x0000000008000fd4                main
 .text.startup._GLOBAL__sub_I_hardware
                0x00000000080010d8      0x15c build/DrumModule.o
 .text._ZN5daisy9DaisySeed9ConfigureEv
                0x0000000008001234       0x4c ../../libdaisy/build/libdaisy.a(daisy_seed.o)
                0x0000000008001234                daisy::DaisySeed::Configure()
 .text._ZN5daisy9DaisySeed10StartAudioEPFvPKfPfjE
                0x0000000008001280        0x8 ../../libdaisy/build/libdaisy.a(daisy_seed.o)
                0x0000000008001280                daisy::DaisySeed::StartAudio(void (*)(float const*, float*, unsigned int))
 .text._ZN5daisy9DaisySeed15AudioSampleRateEv
                0x0000000008001288        0x8 ../../libdaisy/build/libdaisy.a(daisy_seed.o)
                0x0000000008001288                daisy::DaisySeed::AudioSampleRate()
 .text._ZN5daisy9DaisySeed14ConfigureAudioEv
                0x0000000008001290       0x78 ../../libdaisy/build/libdaisy.a(daisy_seed.o)
                0x0000000008001290                daisy::DaisySeed::ConfigureAudio()
 .text._ZN5daisy9DaisySeed4InitEb
                0x0000000008001308       0x7c ../../libdaisy/build/libdaisy.a(daisy_seed.o)
                0x0000000008001308                daisy::DaisySeed::Init(bool)
 .text._ZN5daisy6Ak45564InitE12dsy_gpio_pin
                0x0000000008001384       0x44 ../../libdaisy/build/libdaisy.a(codec_ak4556.o)
                0x0000000008001384                daisy::Ak4556::Init(dsy_gpio_pin)
 .text.dsy_sdram_init
                0x00000000080013c8      0x108 ../../libdaisy/build/libdaisy.a(sdram.o)
                0x00000000080013c8                dsy_sdram_init
 .text.HAL_SDRAM_MspInit
                0x00000000080014d0      0x1d0 ../../libdaisy/build/libdaisy.a(sdram.o)
                0x00000000080014d0                HAL_SDRAM_MspInit
 .text._ZN5daisy11AudioHandle4Impl16InternalCallbackEPlS2_j
                0x00000000080016a0      0xbbc ../../libdaisy/build/libdaisy.a(audio.o)
                0x00000000080016a0                daisy::AudioHandle::Impl::InternalCallback(long*, long*, unsigned int)
 .text._ZN5daisy11AudioHandle4InitERKNS0_6ConfigENS_9SaiHandleE
                0x000000000800225c       0x64 ../../libdaisy/build/libdaisy.a(audio.o)
                0x000000000800225c                daisy::AudioHandle::Init(daisy::AudioHandle::Config const&, daisy::SaiHandle)
 .text._ZNK5daisy11AudioHandle9GetConfigEv
                0x00000000080022c0        0x8 ../../libdaisy/build/libdaisy.a(audio.o)
                0x00000000080022c0                daisy::AudioHandle::GetConfig() const
 .text._ZN5daisy11AudioHandle13GetSampleRateEv
                0x00000000080022c8        0x8 ../../libdaisy/build/libdaisy.a(audio.o)
                0x00000000080022c8                daisy::AudioHandle::GetSampleRate()
 .text._ZN5daisy11AudioHandle5StartEPFvPKfPfjE
                0x00000000080022d0       0x2c ../../libdaisy/build/libdaisy.a(audio.o)
                0x00000000080022d0                daisy::AudioHandle::Start(void (*)(float const*, float*, unsigned int))
 .text.startup._GLOBAL__sub_I__ZN5daisy11AudioHandle4Impl4InitENS0_6ConfigENS_9SaiHandleE
                0x00000000080022fc       0x10 ../../libdaisy/build/libdaisy.a(audio.o)
 .text.dsy_gpio_init
                0x000000000800230c      0x1b8 ../../libdaisy/build/libdaisy.a(gpio.o)
                0x000000000800230c                dsy_gpio_init
 .text.dsy_gpio_write
                0x00000000080024c4       0x24 ../../libdaisy/build/libdaisy.a(gpio.o)
                0x00000000080024c4                dsy_gpio_write
 .text.dsy_qspi_init
                0x00000000080024e8      0x388 ../../libdaisy/build/libdaisy.a(qspi.o)
                0x00000000080024e8                dsy_qspi_init
 .text.HAL_QSPI_MspInit
                0x0000000008002870      0x10c ../../libdaisy/build/libdaisy.a(qspi.o)
                0x0000000008002870                HAL_QSPI_MspInit
 .text.HAL_QSPI_MspDeInit
                0x000000000800297c       0x58 ../../libdaisy/build/libdaisy.a(qspi.o)
                0x000000000800297c                HAL_QSPI_MspDeInit
 .text.QUADSPI_IRQHandler
                0x00000000080029d4        0xc ../../libdaisy/build/libdaisy.a(qspi.o)
                0x00000000080029d4                QUADSPI_IRQHandler
 .text._ZN5daisy9SaiHandle4Impl7InitDmaENS1_15PeripheralBlockE
                0x00000000080029e0       0xa0 ../../libdaisy/build/libdaisy.a(sai.o)
                0x00000000080029e0                daisy::SaiHandle::Impl::InitDma(daisy::SaiHandle::Impl::PeripheralBlock)
 .text._ZN5daisy9SaiHandle4Impl8InitPinsEv
                0x0000000008002a80       0xa8 ../../libdaisy/build/libdaisy.a(sai.o)
                0x0000000008002a80                daisy::SaiHandle::Impl::InitPins()
 .text.HAL_SAI_MspInit
                0x0000000008002b28      0x164 ../../libdaisy/build/libdaisy.a(sai.o)
                0x0000000008002b28                HAL_SAI_MspInit
 .text.DMA1_Stream0_IRQHandler
                0x0000000008002c8c        0xc ../../libdaisy/build/libdaisy.a(sai.o)
                0x0000000008002c8c                DMA1_Stream0_IRQHandler
 .text.DMA1_Stream1_IRQHandler
                0x0000000008002c98        0xc ../../libdaisy/build/libdaisy.a(sai.o)
                0x0000000008002c98                DMA1_Stream1_IRQHandler
 .text.DMA1_Stream3_IRQHandler
                0x0000000008002ca4        0xc ../../libdaisy/build/libdaisy.a(sai.o)
                0x0000000008002ca4                DMA1_Stream3_IRQHandler
 .text.DMA1_Stream4_IRQHandler
                0x0000000008002cb0        0xc ../../libdaisy/build/libdaisy.a(sai.o)
                0x0000000008002cb0                DMA1_Stream4_IRQHandler
 .text.HAL_SAI_RxHalfCpltCallback
                0x0000000008002cbc       0x78 ../../libdaisy/build/libdaisy.a(sai.o)
                0x0000000008002cbc                HAL_SAI_RxHalfCpltCallback
 .text.HAL_SAI_RxCpltCallback
                0x0000000008002d34       0x70 ../../libdaisy/build/libdaisy.a(sai.o)
                0x0000000008002d34                HAL_SAI_RxCpltCallback
 *fill*         0x0000000008002da4        0x4 
 .text._ZN5daisy9SaiHandle4InitERKNS0_6ConfigE
                0x0000000008002da8      0x1f0 ../../libdaisy/build/libdaisy.a(sai.o)
                0x0000000008002da8                daisy::SaiHandle::Init(daisy::SaiHandle::Config const&)
 .text._ZNK5daisy9SaiHandle9GetConfigEv
                0x0000000008002f98        0x4 ../../libdaisy/build/libdaisy.a(sai.o)
                0x0000000008002f98                daisy::SaiHandle::GetConfig() const
 .text._ZN5daisy9SaiHandle8StartDmaEPlS1_jPFvS1_S1_jE
                0x0000000008002f9c       0x68 ../../libdaisy/build/libdaisy.a(sai.o)
                0x0000000008002f9c                daisy::SaiHandle::StartDma(long*, long*, unsigned int, void (*)(long*, long*, unsigned int))
 .text._ZN5daisy9SaiHandle13GetSampleRateEv
                0x0000000008003004       0x24 ../../libdaisy/build/libdaisy.a(sai.o)
                0x0000000008003004                daisy::SaiHandle::GetSampleRate()
 .text._ZNK5daisy9SaiHandle9GetOffsetEv
                0x0000000008003028        0x8 ../../libdaisy/build/libdaisy.a(sai.o)
                0x0000000008003028                daisy::SaiHandle::GetOffset() const
 .text._ZN5daisy11UartHandler4Impl8InitPinsEv
                0x0000000008003030      0x15c ../../libdaisy/build/libdaisy.a(uart.o)
                0x0000000008003030                daisy::UartHandler::Impl::InitPins()
 .text._ZN5daisy11UartHandler4Impl14UARTRxCompleteEv
                0x000000000800318c       0xfc ../../libdaisy/build/libdaisy.a(uart.o)
                0x000000000800318c                daisy::UartHandler::Impl::UARTRxComplete()
 .text.HAL_UART_RxCpltCallback
                0x0000000008003288       0x90 ../../libdaisy/build/libdaisy.a(uart.o)
                0x0000000008003288                HAL_UART_RxCpltCallback
 .text.HAL_UART_ErrorCallback
                0x0000000008003318       0x94 ../../libdaisy/build/libdaisy.a(uart.o)
                0x0000000008003318                HAL_UART_ErrorCallback
 .text.HAL_UART_MspInit
                0x00000000080033ac      0x28c ../../libdaisy/build/libdaisy.a(uart.o)
                0x00000000080033ac                HAL_UART_MspInit
 .text.USART1_IRQHandler
                0x0000000008003638       0xa8 ../../libdaisy/build/libdaisy.a(uart.o)
                0x0000000008003638                USART1_IRQHandler
 .text.USART2_IRQHandler
                0x00000000080036e0       0xac ../../libdaisy/build/libdaisy.a(uart.o)
                0x00000000080036e0                USART2_IRQHandler
 .text.USART3_IRQHandler
                0x000000000800378c       0xac ../../libdaisy/build/libdaisy.a(uart.o)
                0x000000000800378c                USART3_IRQHandler
 .text.UART4_IRQHandler
                0x0000000008003838       0xac ../../libdaisy/build/libdaisy.a(uart.o)
                0x0000000008003838                UART4_IRQHandler
 .text.UART5_IRQHandler
                0x00000000080038e4       0xac ../../libdaisy/build/libdaisy.a(uart.o)
                0x00000000080038e4                UART5_IRQHandler
 .text.USART6_IRQHandler
                0x0000000008003990       0xac ../../libdaisy/build/libdaisy.a(uart.o)
                0x0000000008003990                USART6_IRQHandler
 .text.UART7_IRQHandler
                0x0000000008003a3c       0xac ../../libdaisy/build/libdaisy.a(uart.o)
                0x0000000008003a3c                UART7_IRQHandler
 .text.UART8_IRQHandler
                0x0000000008003ae8       0xac ../../libdaisy/build/libdaisy.a(uart.o)
                0x0000000008003ae8                UART8_IRQHandler
 .text.LPUART1_IRQHandler
                0x0000000008003b94       0xb4 ../../libdaisy/build/libdaisy.a(uart.o)
                0x0000000008003b94                LPUART1_IRQHandler
 .text.DMA1_Stream5_IRQHandler
                0x0000000008003c48        0xc ../../libdaisy/build/libdaisy.a(uart.o)
                0x0000000008003c48                DMA1_Stream5_IRQHandler
 .text._ZN5daisy11UartHandler4InitERKNS0_6ConfigE
                0x0000000008003c54      0x104 ../../libdaisy/build/libdaisy.a(uart.o)
                0x0000000008003c54                daisy::UartHandler::Init(daisy::UartHandler::Config const&)
 .text._ZN5daisy11UartHandler7StartRxEv
                0x0000000008003d58       0x28 ../../libdaisy/build/libdaisy.a(uart.o)
                0x0000000008003d58                daisy::UartHandler::StartRx()
 .text._ZN5daisy11UartHandler8RxActiveEv
                0x0000000008003d80        0x8 ../../libdaisy/build/libdaisy.a(uart.o)
                0x0000000008003d80                daisy::UartHandler::RxActive()
 .text._ZN5daisy11UartHandler7FlushRxEv
                0x0000000008003d88       0x10 ../../libdaisy/build/libdaisy.a(uart.o)
                0x0000000008003d88                daisy::UartHandler::FlushRx()
 .text._ZN5daisy11UartHandler5PopRxEv
                0x0000000008003d98       0x28 ../../libdaisy/build/libdaisy.a(uart.o)
                0x0000000008003d98                daisy::UartHandler::PopRx()
 .text._ZN5daisy11UartHandler8ReadableEv
                0x0000000008003dc0       0x10 ../../libdaisy/build/libdaisy.a(uart.o)
                0x0000000008003dc0                daisy::UartHandler::Readable()
 .text.startup._GLOBAL__sub_I__Z19MapInstanceToHandleP13USART_TypeDef
                0x0000000008003dd0      0x140 ../../libdaisy/build/libdaisy.a(uart.o)
 .text._ZN5daisy11TimerHandleD2Ev
                0x0000000008003f10        0x4 ../../libdaisy/build/libdaisy.a(system.o)
                0x0000000008003f10                daisy::TimerHandle::~TimerHandle()
                0x0000000008003f10                daisy::TimerHandle::~TimerHandle()
 .text.SysTick_Handler
                0x0000000008003f14       0x10 ../../libdaisy/build/libdaisy.a(system.o)
                0x0000000008003f14                SysTick_Handler
 .text.HardFault_Handler
                0x0000000008003f24        0x4 ../../libdaisy/build/libdaisy.a(system.o)
                0x0000000008003f24                HardFault_Handler
 .text._ZN5daisy6System6GetNowEv
                0x0000000008003f28        0x4 ../../libdaisy/build/libdaisy.a(system.o)
                0x0000000008003f28                daisy::System::GetNow()
 .text._ZN5daisy6System5DelayEm
                0x0000000008003f2c        0x4 ../../libdaisy/build/libdaisy.a(system.o)
                0x0000000008003f2c                daisy::System::Delay(unsigned long)
 .text._ZN5daisy6System15ConfigureClocksEv
                0x0000000008003f30      0x194 ../../libdaisy/build/libdaisy.a(system.o)
                0x0000000008003f30                daisy::System::ConfigureClocks()
 .text._ZN5daisy6System4InitERKNS0_6ConfigE
                0x00000000080040c4      0x11c ../../libdaisy/build/libdaisy.a(system.o)
                0x00000000080040c4                daisy::System::Init(daisy::System::Config const&)
 .text.startup._GLOBAL__sub_I_SysTick_Handler
                0x00000000080041e0       0x1c ../../libdaisy/build/libdaisy.a(system.o)
 .text.SystemInit
                0x00000000080041fc       0x84 ../../libdaisy/build/libdaisy.a(system_stm32h7xx.o)
                0x00000000080041fc                SystemInit
 .text.dsy_hal_map_get_port
                0x0000000008004280       0x10 ../../libdaisy/build/libdaisy.a(hal_map.o)
                0x0000000008004280                dsy_hal_map_get_port
 .text.dsy_hal_map_get_pin
                0x0000000008004290       0x10 ../../libdaisy/build/libdaisy.a(hal_map.o)
                0x0000000008004290                dsy_hal_map_get_pin
 .text.dsy_hal_map_gpio_clk_enable
                0x00000000080042a0      0x150 ../../libdaisy/build/libdaisy.a(hal_map.o)
                0x00000000080042a0                dsy_hal_map_gpio_clk_enable
 .text.HAL_MspInit
                0x00000000080043f0        0x4 ../../libdaisy/build/libdaisy.a(stm32h7xx_hal.o)
                0x00000000080043f0                HAL_MspInit
 .text.HAL_InitTick
                0x00000000080043f4       0x4c ../../libdaisy/build/libdaisy.a(stm32h7xx_hal.o)
                0x00000000080043f4                HAL_InitTick
 .text.HAL_Init
                0x0000000008004440       0x60 ../../libdaisy/build/libdaisy.a(stm32h7xx_hal.o)
                0x0000000008004440                HAL_Init
 .text.HAL_IncTick
                0x00000000080044a0       0x18 ../../libdaisy/build/libdaisy.a(stm32h7xx_hal.o)
                0x00000000080044a0                HAL_IncTick
 .text.HAL_GetTick
                0x00000000080044b8        0xc ../../libdaisy/build/libdaisy.a(stm32h7xx_hal.o)
                0x00000000080044b8                HAL_GetTick
 .text.HAL_Delay
                0x00000000080044c4       0x24 ../../libdaisy/build/libdaisy.a(stm32h7xx_hal.o)
                0x00000000080044c4                HAL_Delay
 .text.HAL_GetREVID
                0x00000000080044e8        0xc ../../libdaisy/build/libdaisy.a(stm32h7xx_hal.o)
                0x00000000080044e8                HAL_GetREVID
 .text.HAL_NVIC_SetPriorityGrouping
                0x00000000080044f4       0x24 ../../libdaisy/build/libdaisy.a(stm32h7xx_hal_cortex.o)
                0x00000000080044f4                HAL_NVIC_SetPriorityGrouping
 .text.HAL_NVIC_SetPriority
                0x0000000008004518       0x7c ../../libdaisy/build/libdaisy.a(stm32h7xx_hal_cortex.o)
                0x0000000008004518                HAL_NVIC_SetPriority
 .text.HAL_NVIC_EnableIRQ
                0x0000000008004594       0x1c ../../libdaisy/build/libdaisy.a(stm32h7xx_hal_cortex.o)
                0x0000000008004594                HAL_NVIC_EnableIRQ
 .text.HAL_NVIC_DisableIRQ
                0x00000000080045b0       0x28 ../../libdaisy/build/libdaisy.a(stm32h7xx_hal_cortex.o)
                0x00000000080045b0                HAL_NVIC_DisableIRQ
 .text.HAL_SYSTICK_Config
                0x00000000080045d8       0x2c ../../libdaisy/build/libdaisy.a(stm32h7xx_hal_cortex.o)
                0x00000000080045d8                HAL_SYSTICK_Config
 .text.HAL_MPU_Disable
                0x0000000008004604       0x1c ../../libdaisy/build/libdaisy.a(stm32h7xx_hal_cortex.o)
                0x0000000008004604                HAL_MPU_Disable
 .text.HAL_MPU_Enable
                0x0000000008004620       0x20 ../../libdaisy/build/libdaisy.a(stm32h7xx_hal_cortex.o)
                0x0000000008004620                HAL_MPU_Enable
 .text.HAL_MPU_ConfigRegion
                0x0000000008004640       0x64 ../../libdaisy/build/libdaisy.a(stm32h7xx_hal_cortex.o)
                0x0000000008004640                HAL_MPU_ConfigRegion
 .text.HAL_SYSTICK_Callback
                0x00000000080046a4        0x4 ../../libdaisy/build/libdaisy.a(stm32h7xx_hal_cortex.o)
                0x00000000080046a4                HAL_SYSTICK_Callback
 .text.HAL_SYSTICK_IRQHandler
                0x00000000080046a8        0x8 ../../libdaisy/build/libdaisy.a(stm32h7xx_hal_cortex.o)
                0x00000000080046a8                HAL_SYSTICK_IRQHandler
 .text.DMA_CalcBaseAndBitshift
                0x00000000080046b0       0xf4 ../../libdaisy/build/libdaisy.a(stm32h7xx_hal_dma.o)
 .text.DMA_CalcDMAMUXChannelBaseAndMask
                0x00000000080047a4       0xd8 ../../libdaisy/build/libdaisy.a(stm32h7xx_hal_dma.o)
 .text.HAL_DMA_Init
                0x000000000800487c      0x37c ../../libdaisy/build/libdaisy.a(stm32h7xx_hal_dma.o)
                0x000000000800487c                HAL_DMA_Init
 .text.HAL_DMA_Start_IT
                0x0000000008004bf8      0x240 ../../libdaisy/build/libdaisy.a(stm32h7xx_hal_dma.o)
                0x0000000008004bf8                HAL_DMA_Start_IT
 .text.HAL_DMA_Abort_IT
                0x0000000008004e38      0x134 ../../libdaisy/build/libdaisy.a(stm32h7xx_hal_dma.o)
                0x0000000008004e38                HAL_DMA_Abort_IT
 .text.HAL_DMA_IRQHandler
                0x0000000008004f6c      0x6a0 ../../libdaisy/build/libdaisy.a(stm32h7xx_hal_dma.o)
                0x0000000008004f6c                HAL_DMA_IRQHandler
 .text.HAL_DMA_GetError
                0x000000000800560c        0x4 ../../libdaisy/build/libdaisy.a(stm32h7xx_hal_dma.o)
                0x000000000800560c                HAL_DMA_GetError
 .text.HAL_GPIO_Init
                0x0000000008005610      0x280 ../../libdaisy/build/libdaisy.a(stm32h7xx_hal_gpio.o)
                0x0000000008005610                HAL_GPIO_Init
 .text.HAL_GPIO_DeInit
                0x0000000008005890      0x190 ../../libdaisy/build/libdaisy.a(stm32h7xx_hal_gpio.o)
                0x0000000008005890                HAL_GPIO_DeInit
 .text.HAL_GPIO_WritePin
                0x0000000008005a20        0x8 ../../libdaisy/build/libdaisy.a(stm32h7xx_hal_gpio.o)
                0x0000000008005a20                HAL_GPIO_WritePin
 .text.HAL_PWREx_ConfigSupply
                0x0000000008005a28       0x4c ../../libdaisy/build/libdaisy.a(stm32h7xx_hal_pwr_ex.o)
                0x0000000008005a28                HAL_PWREx_ConfigSupply
 .text.HAL_PWREx_EnableUSBVoltageDetector
                0x0000000008005a74       0x10 ../../libdaisy/build/libdaisy.a(stm32h7xx_hal_pwr_ex.o)
                0x0000000008005a74                HAL_PWREx_EnableUSBVoltageDetector
 .text.QSPI_Config
                0x0000000008005a84      0x174 ../../libdaisy/build/libdaisy.a(stm32h7xx_hal_qspi.o)
 .text.HAL_QSPI_Init
                0x0000000008005bf8       0xd8 ../../libdaisy/build/libdaisy.a(stm32h7xx_hal_qspi.o)
                0x0000000008005bf8                HAL_QSPI_Init
 .text.HAL_QSPI_DeInit
                0x0000000008005cd0       0x3c ../../libdaisy/build/libdaisy.a(stm32h7xx_hal_qspi.o)
                0x0000000008005cd0                HAL_QSPI_DeInit
 .text.HAL_QSPI_Command
                0x0000000008005d0c       0xd4 ../../libdaisy/build/libdaisy.a(stm32h7xx_hal_qspi.o)
                0x0000000008005d0c                HAL_QSPI_Command
 .text.HAL_QSPI_Transmit
                0x0000000008005de0       0xfc ../../libdaisy/build/libdaisy.a(stm32h7xx_hal_qspi.o)
                0x0000000008005de0                HAL_QSPI_Transmit
 .text.HAL_QSPI_Receive
                0x0000000008005edc      0x108 ../../libdaisy/build/libdaisy.a(stm32h7xx_hal_qspi.o)
                0x0000000008005edc                HAL_QSPI_Receive
 .text.HAL_QSPI_AutoPolling
                0x0000000008005fe4       0xf0 ../../libdaisy/build/libdaisy.a(stm32h7xx_hal_qspi.o)
                0x0000000008005fe4                HAL_QSPI_AutoPolling
 .text.HAL_QSPI_MemoryMapped
                0x00000000080060d4       0xc0 ../../libdaisy/build/libdaisy.a(stm32h7xx_hal_qspi.o)
                0x00000000080060d4                HAL_QSPI_MemoryMapped
 .text.HAL_QSPI_ErrorCallback
                0x0000000008006194        0x4 ../../libdaisy/build/libdaisy.a(stm32h7xx_hal_qspi.o)
                0x0000000008006194                HAL_QSPI_ErrorCallback
 .text.QSPI_DMAAbortCplt
                0x0000000008006198       0x38 ../../libdaisy/build/libdaisy.a(stm32h7xx_hal_qspi.o)
 .text.HAL_QSPI_AbortCpltCallback
                0x00000000080061d0        0x4 ../../libdaisy/build/libdaisy.a(stm32h7xx_hal_qspi.o)
                0x00000000080061d0                HAL_QSPI_AbortCpltCallback
 .text.HAL_QSPI_CmdCpltCallback
                0x00000000080061d4        0x4 ../../libdaisy/build/libdaisy.a(stm32h7xx_hal_qspi.o)
                0x00000000080061d4                HAL_QSPI_CmdCpltCallback
 .text.HAL_QSPI_RxCpltCallback
                0x00000000080061d8        0x4 ../../libdaisy/build/libdaisy.a(stm32h7xx_hal_qspi.o)
                0x00000000080061d8                HAL_QSPI_RxCpltCallback
 .text.HAL_QSPI_TxCpltCallback
                0x00000000080061dc        0x4 ../../libdaisy/build/libdaisy.a(stm32h7xx_hal_qspi.o)
                0x00000000080061dc                HAL_QSPI_TxCpltCallback
 .text.HAL_QSPI_FifoThresholdCallback
                0x00000000080061e0        0x4 ../../libdaisy/build/libdaisy.a(stm32h7xx_hal_qspi.o)
                0x00000000080061e0                HAL_QSPI_FifoThresholdCallback
 .text.HAL_QSPI_StatusMatchCallback
                0x00000000080061e4        0x4 ../../libdaisy/build/libdaisy.a(stm32h7xx_hal_qspi.o)
                0x00000000080061e4                HAL_QSPI_StatusMatchCallback
 .text.HAL_QSPI_TimeOutCallback
                0x00000000080061e8        0x4 ../../libdaisy/build/libdaisy.a(stm32h7xx_hal_qspi.o)
                0x00000000080061e8                HAL_QSPI_TimeOutCallback
 .text.HAL_QSPI_IRQHandler
                0x00000000080061ec      0x210 ../../libdaisy/build/libdaisy.a(stm32h7xx_hal_qspi.o)
                0x00000000080061ec                HAL_QSPI_IRQHandler
 .text.HAL_RCC_OscConfig
                0x00000000080063fc      0x51c ../../libdaisy/build/libdaisy.a(stm32h7xx_hal_rcc.o)
                0x00000000080063fc                HAL_RCC_OscConfig
 .text.HAL_RCC_GetSysClockFreq
                0x0000000008006918      0x140 ../../libdaisy/build/libdaisy.a(stm32h7xx_hal_rcc.o)
                0x0000000008006918                HAL_RCC_GetSysClockFreq
 .text.HAL_RCC_ClockConfig
                0x0000000008006a58      0x234 ../../libdaisy/build/libdaisy.a(stm32h7xx_hal_rcc.o)
                0x0000000008006a58                HAL_RCC_ClockConfig
 .text.HAL_RCC_GetHCLKFreq
                0x0000000008006c8c       0x2c ../../libdaisy/build/libdaisy.a(stm32h7xx_hal_rcc.o)
                0x0000000008006c8c                HAL_RCC_GetHCLKFreq
 .text.HAL_RCC_GetPCLK1Freq
                0x0000000008006cb8       0x38 ../../libdaisy/build/libdaisy.a(stm32h7xx_hal_rcc.o)
                0x0000000008006cb8                HAL_RCC_GetPCLK1Freq
 .text.HAL_RCC_GetPCLK2Freq
                0x0000000008006cf0       0x38 ../../libdaisy/build/libdaisy.a(stm32h7xx_hal_rcc.o)
                0x0000000008006cf0                HAL_RCC_GetPCLK2Freq
 .text.RCCEx_PLL2_Config
                0x0000000008006d28       0xf4 ../../libdaisy/build/libdaisy.a(stm32h7xx_hal_rcc_ex.o)
 .text.RCCEx_PLL3_Config
                0x0000000008006e1c       0xf4 ../../libdaisy/build/libdaisy.a(stm32h7xx_hal_rcc_ex.o)
 .text.HAL_RCCEx_PeriphCLKConfig
                0x0000000008006f10      0xa7c ../../libdaisy/build/libdaisy.a(stm32h7xx_hal_rcc_ex.o)
                0x0000000008006f10                HAL_RCCEx_PeriphCLKConfig
 .text.HAL_RCCEx_GetD3PCLK1Freq
                0x000000000800798c       0x24 ../../libdaisy/build/libdaisy.a(stm32h7xx_hal_rcc_ex.o)
                0x000000000800798c                HAL_RCCEx_GetD3PCLK1Freq
 .text.HAL_RCCEx_GetPLL2ClockFreq
                0x00000000080079b0      0x17c ../../libdaisy/build/libdaisy.a(stm32h7xx_hal_rcc_ex.o)
                0x00000000080079b0                HAL_RCCEx_GetPLL2ClockFreq
 .text.HAL_RCCEx_GetPLL3ClockFreq
                0x0000000008007b2c      0x17c ../../libdaisy/build/libdaisy.a(stm32h7xx_hal_rcc_ex.o)
                0x0000000008007b2c                HAL_RCCEx_GetPLL3ClockFreq
 .text.HAL_RCCEx_GetPLL1ClockFreq
                0x0000000008007ca8      0x17c ../../libdaisy/build/libdaisy.a(stm32h7xx_hal_rcc_ex.o)
                0x0000000008007ca8                HAL_RCCEx_GetPLL1ClockFreq
 .text.HAL_RCCEx_GetPeriphCLKFreq
                0x0000000008007e24      0x198 ../../libdaisy/build/libdaisy.a(stm32h7xx_hal_rcc_ex.o)
                0x0000000008007e24                HAL_RCCEx_GetPeriphCLKFreq
 .text.HAL_RCCEx_GetD1SysClockFreq
                0x0000000008007fbc       0x2c ../../libdaisy/build/libdaisy.a(stm32h7xx_hal_rcc_ex.o)
                0x0000000008007fbc                HAL_RCCEx_GetD1SysClockFreq
 .text.HAL_SAI_Init.part.0
                0x0000000008007fe8      0x348 ../../libdaisy/build/libdaisy.a(stm32h7xx_hal_sai.o)
 .text.HAL_SAI_InitProtocol
                0x0000000008008330      0x178 ../../libdaisy/build/libdaisy.a(stm32h7xx_hal_sai.o)
                0x0000000008008330                HAL_SAI_InitProtocol
 .text.HAL_SAI_Transmit_DMA
                0x00000000080084a8      0x124 ../../libdaisy/build/libdaisy.a(stm32h7xx_hal_sai.o)
                0x00000000080084a8                HAL_SAI_Transmit_DMA
 .text.HAL_SAI_Receive_DMA
                0x00000000080085cc       0xd0 ../../libdaisy/build/libdaisy.a(stm32h7xx_hal_sai.o)
                0x00000000080085cc                HAL_SAI_Receive_DMA
 .text.HAL_SAI_TxCpltCallback
                0x000000000800869c        0x4 ../../libdaisy/build/libdaisy.a(stm32h7xx_hal_sai.o)
                0x000000000800869c                HAL_SAI_TxCpltCallback
 .text.SAI_DMATxCplt
                0x00000000080086a0       0x64 ../../libdaisy/build/libdaisy.a(stm32h7xx_hal_sai.o)
 .text.HAL_SAI_TxHalfCpltCallback
                0x0000000008008704        0x4 ../../libdaisy/build/libdaisy.a(stm32h7xx_hal_sai.o)
                0x0000000008008704                HAL_SAI_TxHalfCpltCallback
 .text.SAI_DMATxHalfCplt
                0x0000000008008708        0xc ../../libdaisy/build/libdaisy.a(stm32h7xx_hal_sai.o)
 .text.SAI_DMARxCplt
                0x0000000008008714       0x64 ../../libdaisy/build/libdaisy.a(stm32h7xx_hal_sai.o)
 .text.SAI_DMARxHalfCplt
                0x0000000008008778        0xc ../../libdaisy/build/libdaisy.a(stm32h7xx_hal_sai.o)
 .text.HAL_SAI_ErrorCallback
                0x0000000008008784        0x4 ../../libdaisy/build/libdaisy.a(stm32h7xx_hal_sai.o)
                0x0000000008008784                HAL_SAI_ErrorCallback
 .text.SAI_DMAError
                0x0000000008008788       0x6c ../../libdaisy/build/libdaisy.a(stm32h7xx_hal_sai.o)
 .text.HAL_SDRAM_Init
                0x00000000080087f4       0x54 ../../libdaisy/build/libdaisy.a(stm32h7xx_hal_sdram.o)
                0x00000000080087f4                HAL_SDRAM_Init
 .text.HAL_SDRAM_SendCommand
                0x0000000008008848       0x40 ../../libdaisy/build/libdaisy.a(stm32h7xx_hal_sdram.o)
                0x0000000008008848                HAL_SDRAM_SendCommand
 .text.HAL_SDRAM_ProgramRefreshRate
                0x0000000008008888       0x30 ../../libdaisy/build/libdaisy.a(stm32h7xx_hal_sdram.o)
                0x0000000008008888                HAL_SDRAM_ProgramRefreshRate
 .text.HAL_UART_Receive_DMA
                0x00000000080088b8       0xac ../../libdaisy/build/libdaisy.a(stm32h7xx_hal_uart.o)
                0x00000000080088b8                HAL_UART_Receive_DMA
 .text.HAL_UART_TxCpltCallback
                0x0000000008008964        0x4 ../../libdaisy/build/libdaisy.a(stm32h7xx_hal_uart.o)
                0x0000000008008964                HAL_UART_TxCpltCallback
 .text.UART_DMAReceiveCplt
                0x0000000008008968       0x38 ../../libdaisy/build/libdaisy.a(stm32h7xx_hal_uart.o)
 .text.HAL_UART_RxHalfCpltCallback
                0x00000000080089a0        0x4 ../../libdaisy/build/libdaisy.a(stm32h7xx_hal_uart.o)
                0x00000000080089a0                HAL_UART_RxHalfCpltCallback
 .text.UART_DMARxHalfCplt
                0x00000000080089a4        0xc ../../libdaisy/build/libdaisy.a(stm32h7xx_hal_uart.o)
 .text.UART_DMAError
                0x00000000080089b0       0x78 ../../libdaisy/build/libdaisy.a(stm32h7xx_hal_uart.o)
 .text.HAL_UART_IRQHandler
                0x0000000008008a28      0x1d0 ../../libdaisy/build/libdaisy.a(stm32h7xx_hal_uart.o)
                0x0000000008008a28                HAL_UART_IRQHandler
 .text.UART_DMAAbortOnError
                0x0000000008008bf8       0x14 ../../libdaisy/build/libdaisy.a(stm32h7xx_hal_uart.o)
 .text.UART_SetConfig
                0x0000000008008c0c     0x14b8 ../../libdaisy/build/libdaisy.a(stm32h7xx_hal_uart.o)
                0x0000000008008c0c                UART_SetConfig
 .text.UART_AdvFeatureConfig
                0x000000000800a0c4       0xb0 ../../libdaisy/build/libdaisy.a(stm32h7xx_hal_uart.o)
                0x000000000800a0c4                UART_AdvFeatureConfig
 .text.UART_CheckIdleState
                0x000000000800a174       0x84 ../../libdaisy/build/libdaisy.a(stm32h7xx_hal_uart.o)
                0x000000000800a174                UART_CheckIdleState
 .text.HAL_UART_Init
                0x000000000800a1f8       0x68 ../../libdaisy/build/libdaisy.a(stm32h7xx_hal_uart.o)
                0x000000000800a1f8                HAL_UART_Init
 .text.HAL_UARTEx_WakeupCallback
                0x000000000800a260        0x4 ../../libdaisy/build/libdaisy.a(stm32h7xx_hal_uart_ex.o)
                0x000000000800a260                HAL_UARTEx_WakeupCallback
 .text.HAL_UARTEx_RxFifoFullCallback
                0x000000000800a264        0x4 ../../libdaisy/build/libdaisy.a(stm32h7xx_hal_uart_ex.o)
                0x000000000800a264                HAL_UARTEx_RxFifoFullCallback
 .text.HAL_UARTEx_TxFifoEmptyCallback
                0x000000000800a268        0x4 ../../libdaisy/build/libdaisy.a(stm32h7xx_hal_uart_ex.o)
                0x000000000800a268                HAL_UARTEx_TxFifoEmptyCallback
 .text.HAL_UARTEx_DisableFifoMode
                0x000000000800a26c       0x3c ../../libdaisy/build/libdaisy.a(stm32h7xx_hal_uart_ex.o)
                0x000000000800a26c                HAL_UARTEx_DisableFifoMode
 .text.HAL_UARTEx_SetTxFifoThreshold
                0x000000000800a2a8       0x9c ../../libdaisy/build/libdaisy.a(stm32h7xx_hal_uart_ex.o)
                0x000000000800a2a8                HAL_UARTEx_SetTxFifoThreshold
 .text.HAL_UARTEx_SetRxFifoThreshold
                0x000000000800a344       0x9c ../../libdaisy/build/libdaisy.a(stm32h7xx_hal_uart_ex.o)
                0x000000000800a344                HAL_UARTEx_SetRxFifoThreshold
 .text.FMC_SDRAM_Init
                0x000000000800a3e0       0x7c ../../libdaisy/build/libdaisy.a(stm32h7xx_ll_fmc.o)
                0x000000000800a3e0                FMC_SDRAM_Init
 .text.FMC_SDRAM_Timing_Init
                0x000000000800a45c       0x98 ../../libdaisy/build/libdaisy.a(stm32h7xx_ll_fmc.o)
                0x000000000800a45c                FMC_SDRAM_Timing_Init
 .text.FMC_SDRAM_SendCommand
                0x000000000800a4f4       0x28 ../../libdaisy/build/libdaisy.a(stm32h7xx_ll_fmc.o)
                0x000000000800a4f4                FMC_SDRAM_SendCommand
 .text.FMC_SDRAM_ProgramRefreshRate
                0x000000000800a51c       0x1c ../../libdaisy/build/libdaisy.a(stm32h7xx_ll_fmc.o)
                0x000000000800a51c                FMC_SDRAM_ProgramRefreshRate
 .text.dsy_i2c_global_init
                0x000000000800a538       0x78 ../../libdaisy/build/libdaisy.a(i2c.o)
                0x000000000800a538                dsy_i2c_global_init
 .text.DMA1_Stream6_IRQHandler
                0x000000000800a5b0       0x34 ../../libdaisy/build/libdaisy.a(i2c.o)
                0x000000000800a5b0                DMA1_Stream6_IRQHandler
 .text.I2C1_EV_IRQHandler
                0x000000000800a5e4        0xc ../../libdaisy/build/libdaisy.a(i2c.o)
                0x000000000800a5e4                I2C1_EV_IRQHandler
 .text.I2C2_EV_IRQHandler
                0x000000000800a5f0        0xc ../../libdaisy/build/libdaisy.a(i2c.o)
                0x000000000800a5f0                I2C2_EV_IRQHandler
 .text.I2C3_EV_IRQHandler
                0x000000000800a5fc        0xc ../../libdaisy/build/libdaisy.a(i2c.o)
                0x000000000800a5fc                I2C3_EV_IRQHandler
 .text.startup._GLOBAL__sub_I__ZN5daisy9I2CHandle4Impl10GlobalInitEv
                0x000000000800a608       0x18 ../../libdaisy/build/libdaisy.a(i2c.o)
 .text.HAL_TIM_Base_MspInit
                0x000000000800a620       0xcc ../../libdaisy/build/libdaisy.a(tim.o)
                0x000000000800a620                HAL_TIM_Base_MspInit
 .text._ZN5daisy11TimerHandle4InitERKNS0_6ConfigE
                0x000000000800a6ec       0xc4 ../../libdaisy/build/libdaisy.a(tim.o)
                0x000000000800a6ec                daisy::TimerHandle::Init(daisy::TimerHandle::Config const&)
 .text._ZN5daisy11TimerHandle5StartEv
                0x000000000800a7b0       0x14 ../../libdaisy/build/libdaisy.a(tim.o)
                0x000000000800a7b0                daisy::TimerHandle::Start()
 .text.dsy_dma_init
                0x000000000800a7c4       0xd0 ../../libdaisy/build/libdaisy.a(dma.o)
                0x000000000800a7c4                dsy_dma_init
 .text.HAL_I2C_EV_IRQHandler
                0x000000000800a894       0x10 ../../libdaisy/build/libdaisy.a(stm32h7xx_hal_i2c.o)
                0x000000000800a894                HAL_I2C_EV_IRQHandler
 .text.HAL_MDMA_Abort_IT
                0x000000000800a8a4       0x2c ../../libdaisy/build/libdaisy.a(stm32h7xx_hal_mdma.o)
                0x000000000800a8a4                HAL_MDMA_Abort_IT
 .text.HAL_TIM_Base_Init
                0x000000000800a8d0      0x140 ../../libdaisy/build/libdaisy.a(stm32h7xx_hal_tim.o)
                0x000000000800a8d0                HAL_TIM_Base_Init
 .text.HAL_TIM_Base_Start
                0x000000000800aa10       0x34 ../../libdaisy/build/libdaisy.a(stm32h7xx_hal_tim.o)
                0x000000000800aa10                HAL_TIM_Base_Start
 .text.HAL_TIM_ConfigClockSource
                0x000000000800aa44      0x17c ../../libdaisy/build/libdaisy.a(stm32h7xx_hal_tim.o)
                0x000000000800aa44                HAL_TIM_ConfigClockSource
 .text.HAL_TIMEx_MasterConfigSynchronization
                0x000000000800abc0       0x64 ../../libdaisy/build/libdaisy.a(stm32h7xx_hal_tim_ex.o)
                0x000000000800abc0                HAL_TIMEx_MasterConfigSynchronization
 .text._ZN7daisysp10Oscillator7ProcessEv
                0x000000000800ac24      0x3c4 ../../DaisySP/build/libdaisysp.a(oscillator.o)
                0x000000000800ac24                daisysp::Oscillator::Process()
 .text._ZN7daisysp10Oscillator12CalcPhaseIncEf
                0x000000000800afe8       0x18 ../../DaisySP/build/libdaisysp.a(oscillator.o)
                0x000000000800afe8                daisysp::Oscillator::CalcPhaseInc(float)
 .text.__aeabi_atexit
                0x000000000800b000        0xa /opt/homebrew/Caskroom/gcc-arm-embedded/10-2020-q4-major/gcc-arm-none-eabi-10-2020-q4-major/bin/../lib/gcc/arm-none-eabi/10.2.1/../../../../arm-none-eabi/lib/thumb/v7e-m+dp/hard/libstdc++_nano.a(atexit_arm.o)
                0x000000000800b000                __aeabi_atexit
 .text._ZNK10__cxxabiv117__class_type_info11__do_upcastEPKS0_PPv
                0x000000000800b00a       0x32 /opt/homebrew/Caskroom/gcc-arm-embedded/10-2020-q4-major/gcc-arm-none-eabi-10-2020-q4-major/bin/../lib/gcc/arm-none-eabi/10.2.1/../../../../arm-none-eabi/lib/thumb/v7e-m+dp/hard/libstdc++_nano.a(class_type_info.o)
                0x000000000800b00a                __cxxabiv1::__class_type_info::__do_upcast(__cxxabiv1::__class_type_info const*, void**) const
 .text._ZNK10__cxxabiv117__class_type_info20__do_find_public_srcEiPKvPKS0_S2_
                0x000000000800b03c        0xc /opt/homebrew/Caskroom/gcc-arm-embedded/10-2020-q4-major/gcc-arm-none-eabi-10-2020-q4-major/bin/../lib/gcc/arm-none-eabi/10.2.1/../../../../arm-none-eabi/lib/thumb/v7e-m+dp/hard/libstdc++_nano.a(class_type_info.o)
                0x000000000800b03c                __cxxabiv1::__class_type_info::__do_find_public_src(int, void const*, __cxxabiv1::__class_type_info const*, void const*) const
 .text._ZN10__cxxabiv117__class_type_infoD2Ev
                0x000000000800b048       0x14 /opt/homebrew/Caskroom/gcc-arm-embedded/10-2020-q4-major/gcc-arm-none-eabi-10-2020-q4-major/bin/../lib/gcc/arm-none-eabi/10.2.1/../../../../arm-none-eabi/lib/thumb/v7e-m+dp/hard/libstdc++_nano.a(class_type_info.o)
                0x000000000800b048                __cxxabiv1::__class_type_info::~__class_type_info()
                0x000000000800b048                __cxxabiv1::__class_type_info::~__class_type_info()
 .text._ZN10__cxxabiv117__class_type_infoD0Ev
                0x000000000800b05c       0x14 /opt/homebrew/Caskroom/gcc-arm-embedded/10-2020-q4-major/gcc-arm-none-eabi-10-2020-q4-major/bin/../lib/gcc/arm-none-eabi/10.2.1/../../../../arm-none-eabi/lib/thumb/v7e-m+dp/hard/libstdc++_nano.a(class_type_info.o)
                0x000000000800b05c                __cxxabiv1::__class_type_info::~__class_type_info()
 .text._ZNK10__cxxabiv117__class_type_info12__do_dyncastEiNS0_10__sub_kindEPKS0_PKvS3_S5_RNS0_16__dyncast_resultE
                0x000000000800b070       0x3e /opt/homebrew/Caskroom/gcc-arm-embedded/10-2020-q4-major/gcc-arm-none-eabi-10-2020-q4-major/bin/../lib/gcc/arm-none-eabi/10.2.1/../../../../arm-none-eabi/lib/thumb/v7e-m+dp/hard/libstdc++_nano.a(class_type_info.o)
                0x000000000800b070                __cxxabiv1::__class_type_info::__do_dyncast(int, __cxxabiv1::__class_type_info::__sub_kind, __cxxabiv1::__class_type_info const*, void const*, __cxxabiv1::__class_type_info const*, void const*, __cxxabiv1::__class_type_info::__dyncast_result&) const
 .text._ZNK10__cxxabiv117__class_type_info11__do_upcastEPKS0_PKvRNS0_15__upcast_resultE
                0x000000000800b0ae       0x18 /opt/homebrew/Caskroom/gcc-arm-embedded/10-2020-q4-major/gcc-arm-none-eabi-10-2020-q4-major/bin/../lib/gcc/arm-none-eabi/10.2.1/../../../../arm-none-eabi/lib/thumb/v7e-m+dp/hard/libstdc++_nano.a(class_type_info.o)
                0x000000000800b0ae                __cxxabiv1::__class_type_info::__do_upcast(__cxxabiv1::__class_type_info const*, void const*, __cxxabiv1::__class_type_info::__upcast_result&) const
 .text._ZNK10__cxxabiv117__class_type_info10__do_catchEPKSt9type_infoPPvj
                0x000000000800b0c6       0x2a /opt/homebrew/Caskroom/gcc-arm-embedded/10-2020-q4-major/gcc-arm-none-eabi-10-2020-q4-major/bin/../lib/gcc/arm-none-eabi/10.2.1/../../../../arm-none-eabi/lib/thumb/v7e-m+dp/hard/libstdc++_nano.a(class_type_info.o)
                0x000000000800b0c6                __cxxabiv1::__class_type_info::__do_catch(std::type_info const*, void**, unsigned int) const
 .text._ZdlPvj  0x000000000800b0f0        0x4 /opt/homebrew/Caskroom/gcc-arm-embedded/10-2020-q4-major/gcc-arm-none-eabi-10-2020-q4-major/bin/../lib/gcc/arm-none-eabi/10.2.1/../../../../arm-none-eabi/lib/thumb/v7e-m+dp/hard/libstdc++_nano.a(del_ops.o)
                0x000000000800b0f0                operator delete(void*, unsigned int)
 .text._Znwj    0x000000000800b0f4       0x22 /opt/homebrew/Caskroom/gcc-arm-embedded/10-2020-q4-major/gcc-arm-none-eabi-10-2020-q4-major/bin/../lib/gcc/arm-none-eabi/10.2.1/../../../../arm-none-eabi/lib/thumb/v7e-m+dp/hard/libstdc++_nano.a(new_op.o)
                0x000000000800b0f4                operator new(unsigned int)
 *fill*         0x000000000800b116        0x2 
 .text._ZN10__cxxabiv120__si_class_type_infoD2Ev
                0x000000000800b118       0x14 /opt/homebrew/Caskroom/gcc-arm-embedded/10-2020-q4-major/gcc-arm-none-eabi-10-2020-q4-major/bin/../lib/gcc/arm-none-eabi/10.2.1/../../../../arm-none-eabi/lib/thumb/v7e-m+dp/hard/libstdc++_nano.a(si_class_type_info.o)
                0x000000000800b118                __cxxabiv1::__si_class_type_info::~__si_class_type_info()
                0x000000000800b118                __cxxabiv1::__si_class_type_info::~__si_class_type_info()
 .text._ZN10__cxxabiv120__si_class_type_infoD0Ev
                0x000000000800b12c       0x14 /opt/homebrew/Caskroom/gcc-arm-embedded/10-2020-q4-major/gcc-arm-none-eabi-10-2020-q4-major/bin/../lib/gcc/arm-none-eabi/10.2.1/../../../../arm-none-eabi/lib/thumb/v7e-m+dp/hard/libstdc++_nano.a(si_class_type_info.o)
                0x000000000800b12c                __cxxabiv1::__si_class_type_info::~__si_class_type_info()
 .text._ZNK10__cxxabiv120__si_class_type_info20__do_find_public_srcEiPKvPKNS_17__class_type_infoES2_
                0x000000000800b140       0x38 /opt/homebrew/Caskroom/gcc-arm-embedded/10-2020-q4-major/gcc-arm-none-eabi-10-2020-q4-major/bin/../lib/gcc/arm-none-eabi/10.2.1/../../../../arm-none-eabi/lib/thumb/v7e-m+dp/hard/libstdc++_nano.a(si_class_type_info.o)
                0x000000000800b140                __cxxabiv1::__si_class_type_info::__do_find_public_src(int, void const*, __cxxabiv1::__class_type_info const*, void const*) const
 .text._ZNK10__cxxabiv120__si_class_type_info12__do_dyncastEiNS_17__class_type_info10__sub_kindEPKS1_PKvS4_S6_RNS1_16__dyncast_resultE
                0x000000000800b178       0x74 /opt/homebrew/Caskroom/gcc-arm-embedded/10-2020-q4-major/gcc-arm-none-eabi-10-2020-q4-major/bin/../lib/gcc/arm-none-eabi/10.2.1/../../../../arm-none-eabi/lib/thumb/v7e-m+dp/hard/libstdc++_nano.a(si_class_type_info.o)
                0x000000000800b178                __cxxabiv1::__si_class_type_info::__do_dyncast(int, __cxxabiv1::__class_type_info::__sub_kind, __cxxabiv1::__class_type_info const*, void const*, __cxxabiv1::__class_type_info const*, void const*, __cxxabiv1::__class_type_info::__dyncast_result&) const
 .text._ZNK10__cxxabiv120__si_class_type_info11__do_upcastEPKNS_17__class_type_infoEPKvRNS1_15__upcast_resultE
                0x000000000800b1ec       0x2a /opt/homebrew/Caskroom/gcc-arm-embedded/10-2020-q4-major/gcc-arm-none-eabi-10-2020-q4-major/bin/../lib/gcc/arm-none-eabi/10.2.1/../../../../arm-none-eabi/lib/thumb/v7e-m+dp/hard/libstdc++_nano.a(si_class_type_info.o)
                0x000000000800b1ec                __cxxabiv1::__si_class_type_info::__do_upcast(__cxxabiv1::__class_type_info const*, void const*, __cxxabiv1::__class_type_info::__upcast_result&) const
 .text._ZNSt9type_infoD2Ev
                0x000000000800b216        0x2 /opt/homebrew/Caskroom/gcc-arm-embedded/10-2020-q4-major/gcc-arm-none-eabi-10-2020-q4-major/bin/../lib/gcc/arm-none-eabi/10.2.1/../../../../arm-none-eabi/lib/thumb/v7e-m+dp/hard/libstdc++_nano.a(tinfo.o)
                0x000000000800b216                std::type_info::~type_info()
                0x000000000800b216                std::type_info::~type_info()
 .text._ZNKSt9type_info14__is_pointer_pEv
                0x000000000800b218        0x4 /opt/homebrew/Caskroom/gcc-arm-embedded/10-2020-q4-major/gcc-arm-none-eabi-10-2020-q4-major/bin/../lib/gcc/arm-none-eabi/10.2.1/../../../../arm-none-eabi/lib/thumb/v7e-m+dp/hard/libstdc++_nano.a(tinfo.o)
                0x000000000800b218                std::type_info::__is_function_p() const
                0x000000000800b218                std::type_info::__is_pointer_p() const
 .text._ZNKSt9type_infoeqERKS_
                0x000000000800b21c       0x2c /opt/homebrew/Caskroom/gcc-arm-embedded/10-2020-q4-major/gcc-arm-none-eabi-10-2020-q4-major/bin/../lib/gcc/arm-none-eabi/10.2.1/../../../../arm-none-eabi/lib/thumb/v7e-m+dp/hard/libstdc++_nano.a(tinfo.o)
                0x000000000800b21c                std::type_info::operator==(std::type_info const&) const
 .text._ZdlPv   0x000000000800b248        0x4 /opt/homebrew/Caskroom/gcc-arm-embedded/10-2020-q4-major/gcc-arm-none-eabi-10-2020-q4-major/bin/../lib/gcc/arm-none-eabi/10.2.1/../../../../arm-none-eabi/lib/thumb/v7e-m+dp/hard/libstdc++_nano.a(del_op.o)
                0x000000000800b248                operator delete(void*)
 .text._ZSt15get_new_handlerv
                0x000000000800b24c       0x10 /opt/homebrew/Caskroom/gcc-arm-embedded/10-2020-q4-major/gcc-arm-none-eabi-10-2020-q4-major/bin/../lib/gcc/arm-none-eabi/10.2.1/../../../../arm-none-eabi/lib/thumb/v7e-m+dp/hard/libstdc++_nano.a(new_handler.o)
                0x000000000800b24c                std::get_new_handler()
 *fill*         0x000000000800b25c        0x4 
 .text.powf     0x000000000800b260      0x328 /opt/homebrew/Caskroom/gcc-arm-embedded/10-2020-q4-major/gcc-arm-none-eabi-10-2020-q4-major/bin/../lib/gcc/arm-none-eabi/10.2.1/../../../../arm-none-eabi/lib/thumb/v7e-m+dp/hard/libm.a(lib_a-sf_pow.o)
                0x000000000800b260                powf
 .text.sinf     0x000000000800b588      0x20c /opt/homebrew/Caskroom/gcc-arm-embedded/10-2020-q4-major/gcc-arm-none-eabi-10-2020-q4-major/bin/../lib/gcc/arm-none-eabi/10.2.1/../../../../arm-none-eabi/lib/thumb/v7e-m+dp/hard/libm.a(lib_a-sinf.o)
                0x000000000800b588                sinf
 .text.fmodf    0x000000000800b794       0x54 /opt/homebrew/Caskroom/gcc-arm-embedded/10-2020-q4-major/gcc-arm-none-eabi-10-2020-q4-major/bin/../lib/gcc/arm-none-eabi/10.2.1/../../../../arm-none-eabi/lib/thumb/v7e-m+dp/hard/libm.a(lib_a-wf_fmod.o)
                0x000000000800b794                fmodf
 .text.__ieee754_fmodf
                0x000000000800b7e8      0x120 /opt/homebrew/Caskroom/gcc-arm-embedded/10-2020-q4-major/gcc-arm-none-eabi-10-2020-q4-major/bin/../lib/gcc/arm-none-eabi/10.2.1/../../../../arm-none-eabi/lib/thumb/v7e-m+dp/hard/libm.a(lib_a-ef_fmod.o)
                0x000000000800b7e8                __ieee754_fmodf
 .text.with_errnof
                0x000000000800b908       0x18 /opt/homebrew/Caskroom/gcc-arm-embedded/10-2020-q4-major/gcc-arm-none-eabi-10-2020-q4-major/bin/../lib/gcc/arm-none-eabi/10.2.1/../../../../arm-none-eabi/lib/thumb/v7e-m+dp/hard/libm.a(lib_a-math_errf.o)
 .text.xflowf   0x000000000800b920       0x20 /opt/homebrew/Caskroom/gcc-arm-embedded/10-2020-q4-major/gcc-arm-none-eabi-10-2020-q4-major/bin/../lib/gcc/arm-none-eabi/10.2.1/../../../../arm-none-eabi/lib/thumb/v7e-m+dp/hard/libm.a(lib_a-math_errf.o)
 .text.__math_uflowf
                0x000000000800b940        0xc /opt/homebrew/Caskroom/gcc-arm-embedded/10-2020-q4-major/gcc-arm-none-eabi-10-2020-q4-major/bin/../lib/gcc/arm-none-eabi/10.2.1/../../../../arm-none-eabi/lib/thumb/v7e-m+dp/hard/libm.a(lib_a-math_errf.o)
                0x000000000800b940                __math_uflowf
 .text.__math_may_uflowf
                0x000000000800b94c        0xc /opt/homebrew/Caskroom/gcc-arm-embedded/10-2020-q4-major/gcc-arm-none-eabi-10-2020-q4-major/bin/../lib/gcc/arm-none-eabi/10.2.1/../../../../arm-none-eabi/lib/thumb/v7e-m+dp/hard/libm.a(lib_a-math_errf.o)
                0x000000000800b94c                __math_may_uflowf
 .text.__math_oflowf
                0x000000000800b958        0xc /opt/homebrew/Caskroom/gcc-arm-embedded/10-2020-q4-major/gcc-arm-none-eabi-10-2020-q4-major/bin/../lib/gcc/arm-none-eabi/10.2.1/../../../../arm-none-eabi/lib/thumb/v7e-m+dp/hard/libm.a(lib_a-math_errf.o)
                0x000000000800b958                __math_oflowf
 .text.__math_divzerof
                0x000000000800b964       0x24 /opt/homebrew/Caskroom/gcc-arm-embedded/10-2020-q4-major/gcc-arm-none-eabi-10-2020-q4-major/bin/../lib/gcc/arm-none-eabi/10.2.1/../../../../arm-none-eabi/lib/thumb/v7e-m+dp/hard/libm.a(lib_a-math_errf.o)
                0x000000000800b964                __math_divzerof
 .text.__math_invalidf
                0x000000000800b988       0x20 /opt/homebrew/Caskroom/gcc-arm-embedded/10-2020-q4-major/gcc-arm-none-eabi-10-2020-q4-major/bin/../lib/gcc/arm-none-eabi/10.2.1/../../../../arm-none-eabi/lib/thumb/v7e-m+dp/hard/libm.a(lib_a-math_errf.o)
                0x000000000800b988                __math_invalidf
 .text.abort    0x000000000800b9a8        0xe /opt/homebrew/Caskroom/gcc-arm-embedded/10-2020-q4-major/gcc-arm-none-eabi-10-2020-q4-major/bin/../lib/gcc/arm-none-eabi/10.2.1/../../../../arm-none-eabi/lib/thumb/v7e-m+dp/hard/libc_nano.a(lib_a-abort.o)
                0x000000000800b9a8                abort
 *fill*         0x000000000800b9b6        0x2 
 .text.__cxa_atexit
                0x000000000800b9b8       0x1c /opt/homebrew/Caskroom/gcc-arm-embedded/10-2020-q4-major/gcc-arm-none-eabi-10-2020-q4-major/bin/../lib/gcc/arm-none-eabi/10.2.1/../../../../arm-none-eabi/lib/thumb/v7e-m+dp/hard/libc_nano.a(lib_a-cxa_atexit.o)
                0x000000000800b9b8                __cxa_atexit
 .text.__errno  0x000000000800b9d4        0xc /opt/homebrew/Caskroom/gcc-arm-embedded/10-2020-q4-major/gcc-arm-none-eabi-10-2020-q4-major/bin/../lib/gcc/arm-none-eabi/10.2.1/../../../../arm-none-eabi/lib/thumb/v7e-m+dp/hard/libc_nano.a(lib_a-errno.o)
                0x000000000800b9d4                __errno
 .text.__libc_init_array
                0x000000000800b9e0       0x48 /opt/homebrew/Caskroom/gcc-arm-embedded/10-2020-q4-major/gcc-arm-none-eabi-10-2020-q4-major/bin/../lib/gcc/arm-none-eabi/10.2.1/../../../../arm-none-eabi/lib/thumb/v7e-m+dp/hard/libc_nano.a(lib_a-init.o)
                0x000000000800b9e0                __libc_init_array
 .text.malloc   0x000000000800ba28       0x10 /opt/homebrew/Caskroom/gcc-arm-embedded/10-2020-q4-major/gcc-arm-none-eabi-10-2020-q4-major/bin/../lib/gcc/arm-none-eabi/10.2.1/../../../../arm-none-eabi/lib/thumb/v7e-m+dp/hard/libc_nano.a(lib_a-malloc.o)
                0x000000000800ba28                malloc
 .text.free     0x000000000800ba38       0x10 /opt/homebrew/Caskroom/gcc-arm-embedded/10-2020-q4-major/gcc-arm-none-eabi-10-2020-q4-major/bin/../lib/gcc/arm-none-eabi/10.2.1/../../../../arm-none-eabi/lib/thumb/v7e-m+dp/hard/libc_nano.a(lib_a-malloc.o)
                0x000000000800ba38                free
 .text.memcpy   0x000000000800ba48       0x1c /opt/homebrew/Caskroom/gcc-arm-embedded/10-2020-q4-major/gcc-arm-none-eabi-10-2020-q4-major/bin/../lib/gcc/arm-none-eabi/10.2.1/../../../../arm-none-eabi/lib/thumb/v7e-m+dp/hard/libc_nano.a(lib_a-memcpy-stub.o)
                0x000000000800ba48                memcpy
 .text.memset   0x000000000800ba64       0x10 /opt/homebrew/Caskroom/gcc-arm-embedded/10-2020-q4-major/gcc-arm-none-eabi-10-2020-q4-major/bin/../lib/gcc/arm-none-eabi/10.2.1/../../../../arm-none-eabi/lib/thumb/v7e-m+dp/hard/libc_nano.a(lib_a-memset.o)
                0x000000000800ba64                memset
 .text._free_r  0x000000000800ba74       0x98 /opt/homebrew/Caskroom/gcc-arm-embedded/10-2020-q4-major/gcc-arm-none-eabi-10-2020-q4-major/bin/../lib/gcc/arm-none-eabi/10.2.1/../../../../arm-none-eabi/lib/thumb/v7e-m+dp/hard/libc_nano.a(lib_a-nano-freer.o)
                0x000000000800ba74                _free_r
 .text._malloc_r
                0x000000000800bb0c       0xb4 /opt/homebrew/Caskroom/gcc-arm-embedded/10-2020-q4-major/gcc-arm-none-eabi-10-2020-q4-major/bin/../lib/gcc/arm-none-eabi/10.2.1/../../../../arm-none-eabi/lib/thumb/v7e-m+dp/hard/libc_nano.a(lib_a-nano-mallocr.o)
                0x000000000800bb0c                _malloc_r
 .text._sbrk_r  0x000000000800bbc0       0x20 /opt/homebrew/Caskroom/gcc-arm-embedded/10-2020-q4-major/gcc-arm-none-eabi-10-2020-q4-major/bin/../lib/gcc/arm-none-eabi/10.2.1/../../../../arm-none-eabi/lib/thumb/v7e-m+dp/hard/libc_nano.a(lib_a-sbrkr.o)
                0x000000000800bbc0                _sbrk_r
 .text._raise_r
                0x000000000800bbe0       0x50 /opt/homebrew/Caskroom/gcc-arm-embedded/10-2020-q4-major/gcc-arm-none-eabi-10-2020-q4-major/bin/../lib/gcc/arm-none-eabi/10.2.1/../../../../arm-none-eabi/lib/thumb/v7e-m+dp/hard/libc_nano.a(lib_a-signal.o)
                0x000000000800bbe0                _raise_r
 .text.raise    0x000000000800bc30       0x10 /opt/homebrew/Caskroom/gcc-arm-embedded/10-2020-q4-major/gcc-arm-none-eabi-10-2020-q4-major/bin/../lib/gcc/arm-none-eabi/10.2.1/../../../../arm-none-eabi/lib/thumb/v7e-m+dp/hard/libc_nano.a(lib_a-signal.o)
                0x000000000800bc30                raise
 .text._kill_r  0x000000000800bc40       0x24 /opt/homebrew/Caskroom/gcc-arm-embedded/10-2020-q4-major/gcc-arm-none-eabi-10-2020-q4-major/bin/../lib/gcc/arm-none-eabi/10.2.1/../../../../arm-none-eabi/lib/thumb/v7e-m+dp/hard/libc_nano.a(lib_a-signalr.o)
                0x000000000800bc40                _kill_r
 .text._getpid_r
                0x000000000800bc64        0x4 /opt/homebrew/Caskroom/gcc-arm-embedded/10-2020-q4-major/gcc-arm-none-eabi-10-2020-q4-major/bin/../lib/gcc/arm-none-eabi/10.2.1/../../../../arm-none-eabi/lib/thumb/v7e-m+dp/hard/libc_nano.a(lib_a-signalr.o)
                0x000000000800bc64                _getpid_r
 .text.__malloc_lock
                0x000000000800bc68        0xc /opt/homebrew/Caskroom/gcc-arm-embedded/10-2020-q4-major/gcc-arm-none-eabi-10-2020-q4-major/bin/../lib/gcc/arm-none-eabi/10.2.1/../../../../arm-none-eabi/lib/thumb/v7e-m+dp/hard/libc_nano.a(lib_a-mlock.o)
                0x000000000800bc68                __malloc_lock
 .text.__malloc_unlock
                0x000000000800bc74        0xc /opt/homebrew/Caskroom/gcc-arm-embedded/10-2020-q4-major/gcc-arm-none-eabi-10-2020-q4-major/bin/../lib/gcc/arm-none-eabi/10.2.1/../../../../arm-none-eabi/lib/thumb/v7e-m+dp/hard/libc_nano.a(lib_a-mlock.o)
                0x000000000800bc74                __malloc_unlock
 .text.__retarget_lock_acquire_recursive
                0x000000000800bc80        0x2 /opt/homebrew/Caskroom/gcc-arm-embedded/10-2020-q4-major/gcc-arm-none-eabi-10-2020-q4-major/bin/../lib/gcc/arm-none-eabi/10.2.1/../../../../arm-none-eabi/lib/thumb/v7e-m+dp/hard/libc_nano.a(lib_a-lock.o)
                0x000000000800bc80                __retarget_lock_acquire_recursive
 .text.__retarget_lock_release_recursive
                0x000000000800bc82        0x2 /opt/homebrew/Caskroom/gcc-arm-embedded/10-2020-q4-major/gcc-arm-none-eabi-10-2020-q4-major/bin/../lib/gcc/arm-none-eabi/10.2.1/../../../../arm-none-eabi/lib/thumb/v7e-m+dp/hard/libc_nano.a(lib_a-lock.o)
                0x000000000800bc82                __retarget_lock_release_recursive
 .text._getpid  0x000000000800bc84       0x10 /opt/homebrew/Caskroom/gcc-arm-embedded/10-2020-q4-major/gcc-arm-none-eabi-10-2020-q4-major/bin/../lib/gcc/arm-none-eabi/10.2.1/../../../../arm-none-eabi/lib/thumb/v7e-m+dp/hard/libnosys.a(getpid.o)
                0x000000000800bc84                _getpid
 .text._kill    0x000000000800bc94       0x10 /opt/homebrew/Caskroom/gcc-arm-embedded/10-2020-q4-major/gcc-arm-none-eabi-10-2020-q4-major/bin/../lib/gcc/arm-none-eabi/10.2.1/../../../../arm-none-eabi/lib/thumb/v7e-m+dp/hard/libnosys.a(kill.o)
                0x000000000800bc94                _kill
 .text._sbrk    0x000000000800bca4       0x1c /opt/homebrew/Caskroom/gcc-arm-embedded/10-2020-q4-major/gcc-arm-none-eabi-10-2020-q4-major/bin/../lib/gcc/arm-none-eabi/10.2.1/../../../../arm-none-eabi/lib/thumb/v7e-m+dp/hard/libnosys.a(sbrk.o)
                0x000000000800bca4                _sbrk
 .text._exit    0x000000000800bcc0        0x4 /opt/homebrew/Caskroom/gcc-arm-embedded/10-2020-q4-major/gcc-arm-none-eabi-10-2020-q4-major/bin/../lib/gcc/arm-none-eabi/10.2.1/../../../../arm-none-eabi/lib/thumb/v7e-m+dp/hard/libnosys.a(_exit.o)
                0x000000000800bcc0                _exit
 *(.rodata)
 .rodata        0x000000000800bcc4        0x6 build/DrumModule.o
 *fill*         0x000000000800bcca        0x2 
 .rodata        0x000000000800bccc       0x12 ../../libdaisy/build/libdaisy.a(uart.o)
 *fill*         0x000000000800bcde        0x2 
 .rodata        0x000000000800bce0        0x8 ../../libdaisy/build/libdaisy.a(stm32h7xx_hal_uart_ex.o)
 .rodata        0x000000000800bce8       0x10 ../../libdaisy/build/libdaisy.a(tim.o)
 *(.rodata*)
 .rodata._ZTS8DrumBase
                0x000000000800bcf8        0xa build/DrumModule.o
                0x000000000800bcf8                typeinfo name for DrumBase
 *fill*         0x000000000800bd02        0x2 
 .rodata._ZTI8DrumBase
                0x000000000800bd04        0x8 build/DrumModule.o
                0x000000000800bd04                typeinfo for DrumBase
 .rodata._ZTS3Tom
                0x000000000800bd0c        0x5 build/DrumModule.o
                0x000000000800bd0c                typeinfo name for Tom
 *fill*         0x000000000800bd11        0x3 
 .rodata._ZTI3Tom
                0x000000000800bd14        0xc build/DrumModule.o
                0x000000000800bd14                typeinfo for Tom
 .rodata._ZTS7SinPerc
                0x000000000800bd20        0x9 build/DrumModule.o
                0x000000000800bd20                typeinfo name for SinPerc
 *fill*         0x000000000800bd29        0x3 
 .rodata._ZTI7SinPerc
                0x000000000800bd2c        0xc build/DrumModule.o
                0x000000000800bd2c                typeinfo for SinPerc
 .rodata._ZTV3Tom
                0x000000000800bd38       0x14 build/DrumModule.o
                0x000000000800bd38                vtable for Tom
 .rodata._ZTV7SinPerc
                0x000000000800bd4c       0x14 build/DrumModule.o
                0x000000000800bd4c                vtable for SinPerc
 .rodata.HAL_QSPI_MspInit.str1.4
                0x000000000800bd60        0x7 ../../libdaisy/build/libdaisy.a(qspi.o)
 *fill*         0x000000000800bd67        0x1 
 .rodata.CSWTCH.33
                0x000000000800bd68        0x3 ../../libdaisy/build/libdaisy.a(sai.o)
 *fill*         0x000000000800bd6b        0x1 
 .rodata.CSWTCH.34
                0x000000000800bd6c        0xc ../../libdaisy/build/libdaisy.a(sai.o)
 .rodata.CSWTCH.41
                0x000000000800bd78       0x14 ../../libdaisy/build/libdaisy.a(sai.o)
 .rodata.CSWTCH.63
                0x000000000800bd8c       0x24 ../../libdaisy/build/libdaisy.a(uart.o)
 .rodata.CSWTCH.64
                0x000000000800bdb0        0xc ../../libdaisy/build/libdaisy.a(uart.o)
 .rodata.CSWTCH.65
                0x000000000800bdbc       0x10 ../../libdaisy/build/libdaisy.a(uart.o)
 .rodata.CSWTCH.66
                0x000000000800bdcc        0xc ../../libdaisy/build/libdaisy.a(uart.o)
 .rodata.D1CorePrescTable
                0x000000000800bdd8       0x10 ../../libdaisy/build/libdaisy.a(system_stm32h7xx.o)
                0x000000000800bdd8                D1CorePrescTable
 .rodata.gpio_hal_pin_map
                0x000000000800bde8       0x20 ../../libdaisy/build/libdaisy.a(hal_map.o)
 .rodata.gpio_hal_port_map
                0x000000000800be08       0x30 ../../libdaisy/build/libdaisy.a(hal_map.o)
 .rodata.flagBitshiftOffset.0
                0x000000000800be38        0x8 ../../libdaisy/build/libdaisy.a(stm32h7xx_hal_dma.o)
 .rodata.CSWTCH.418
                0x000000000800be40       0x29 ../../libdaisy/build/libdaisy.a(stm32h7xx_hal_uart.o)
 *fill*         0x000000000800be69        0x3 
 .rodata.CSWTCH.419
                0x000000000800be6c        0x6 ../../libdaisy/build/libdaisy.a(stm32h7xx_hal_uart.o)
 *fill*         0x000000000800be72        0x2 
 .rodata.CSWTCH.426
                0x000000000800be74        0x6 ../../libdaisy/build/libdaisy.a(stm32h7xx_hal_uart.o)
 *fill*         0x000000000800be7a        0x2 
 .rodata.HAL_UARTEx_EnableFifoMode.str1.4
                0x000000000800be7c        0x9 ../../libdaisy/build/libdaisy.a(stm32h7xx_hal_uart_ex.o)
 *fill*         0x000000000800be85        0x3 
 .rodata._ZTIN10__cxxabiv117__class_type_infoE
                0x000000000800be88        0xc /opt/homebrew/Caskroom/gcc-arm-embedded/10-2020-q4-major/gcc-arm-none-eabi-10-2020-q4-major/bin/../lib/gcc/arm-none-eabi/10.2.1/../../../../arm-none-eabi/lib/thumb/v7e-m+dp/hard/libstdc++_nano.a(class_type_info.o)
                0x000000000800be88                typeinfo for __cxxabiv1::__class_type_info
 .rodata._ZTSN10__cxxabiv117__class_type_infoE
                0x000000000800be94       0x22 /opt/homebrew/Caskroom/gcc-arm-embedded/10-2020-q4-major/gcc-arm-none-eabi-10-2020-q4-major/bin/../lib/gcc/arm-none-eabi/10.2.1/../../../../arm-none-eabi/lib/thumb/v7e-m+dp/hard/libstdc++_nano.a(class_type_info.o)
                0x000000000800be94                typeinfo name for __cxxabiv1::__class_type_info
 *fill*         0x000000000800beb6        0x2 
 .rodata._ZTVN10__cxxabiv117__class_type_infoE
                0x000000000800beb8       0x2c /opt/homebrew/Caskroom/gcc-arm-embedded/10-2020-q4-major/gcc-arm-none-eabi-10-2020-q4-major/bin/../lib/gcc/arm-none-eabi/10.2.1/../../../../arm-none-eabi/lib/thumb/v7e-m+dp/hard/libstdc++_nano.a(class_type_info.o)
                0x000000000800beb8                vtable for __cxxabiv1::__class_type_info
 .rodata._ZTIN10__cxxabiv120__si_class_type_infoE
                0x000000000800bee4        0xc /opt/homebrew/Caskroom/gcc-arm-embedded/10-2020-q4-major/gcc-arm-none-eabi-10-2020-q4-major/bin/../lib/gcc/arm-none-eabi/10.2.1/../../../../arm-none-eabi/lib/thumb/v7e-m+dp/hard/libstdc++_nano.a(si_class_type_info.o)
                0x000000000800bee4                typeinfo for __cxxabiv1::__si_class_type_info
 .rodata._ZTSN10__cxxabiv120__si_class_type_infoE
                0x000000000800bef0       0x25 /opt/homebrew/Caskroom/gcc-arm-embedded/10-2020-q4-major/gcc-arm-none-eabi-10-2020-q4-major/bin/../lib/gcc/arm-none-eabi/10.2.1/../../../../arm-none-eabi/lib/thumb/v7e-m+dp/hard/libstdc++_nano.a(si_class_type_info.o)
                0x000000000800bef0                typeinfo name for __cxxabiv1::__si_class_type_info
 *fill*         0x000000000800bf15        0x3 
 .rodata._ZTVN10__cxxabiv120__si_class_type_infoE
                0x000000000800bf18       0x2c /opt/homebrew/Caskroom/gcc-arm-embedded/10-2020-q4-major/gcc-arm-none-eabi-10-2020-q4-major/bin/../lib/gcc/arm-none-eabi/10.2.1/../../../../arm-none-eabi/lib/thumb/v7e-m+dp/hard/libstdc++_nano.a(si_class_type_info.o)
                0x000000000800bf18                vtable for __cxxabiv1::__si_class_type_info
 .rodata._ZTISt9type_info
                0x000000000800bf44        0x8 /opt/homebrew/Caskroom/gcc-arm-embedded/10-2020-q4-major/gcc-arm-none-eabi-10-2020-q4-major/bin/../lib/gcc/arm-none-eabi/10.2.1/../../../../arm-none-eabi/lib/thumb/v7e-m+dp/hard/libstdc++_nano.a(tinfo.o)
                0x000000000800bf44                typeinfo for std::type_info
 .rodata._ZTSSt9type_info
                0x000000000800bf4c        0xd /opt/homebrew/Caskroom/gcc-arm-embedded/10-2020-q4-major/gcc-arm-none-eabi-10-2020-q4-major/bin/../lib/gcc/arm-none-eabi/10.2.1/../../../../arm-none-eabi/lib/thumb/v7e-m+dp/hard/libstdc++_nano.a(tinfo.o)
                0x000000000800bf4c                typeinfo name for std::type_info
 *fill*         0x000000000800bf59        0x7 
 .rodata.__powf_log2_data
                0x000000000800bf60      0x128 /opt/homebrew/Caskroom/gcc-arm-embedded/10-2020-q4-major/gcc-arm-none-eabi-10-2020-q4-major/bin/../lib/gcc/arm-none-eabi/10.2.1/../../../../arm-none-eabi/lib/thumb/v7e-m+dp/hard/libm.a(lib_a-sf_pow_log2_data.o)
                0x000000000800bf60                __powf_log2_data
 .rodata.Zero   0x000000000800c088        0x8 /opt/homebrew/Caskroom/gcc-arm-embedded/10-2020-q4-major/gcc-arm-none-eabi-10-2020-q4-major/bin/../lib/gcc/arm-none-eabi/10.2.1/../../../../arm-none-eabi/lib/thumb/v7e-m+dp/hard/libm.a(lib_a-ef_fmod.o)
 .rodata.__exp2f_data
                0x000000000800c090      0x148 /opt/homebrew/Caskroom/gcc-arm-embedded/10-2020-q4-major/gcc-arm-none-eabi-10-2020-q4-major/bin/../lib/gcc/arm-none-eabi/10.2.1/../../../../arm-none-eabi/lib/thumb/v7e-m+dp/hard/libm.a(lib_a-sf_exp2_data.o)
                0x000000000800c090                __exp2f_data
 .rodata.__inv_pio4
                0x000000000800c1d8       0x60 /opt/homebrew/Caskroom/gcc-arm-embedded/10-2020-q4-major/gcc-arm-none-eabi-10-2020-q4-major/bin/../lib/gcc/arm-none-eabi/10.2.1/../../../../arm-none-eabi/lib/thumb/v7e-m+dp/hard/libm.a(lib_a-sincosf_data.o)
                0x000000000800c1d8                __inv_pio4
 .rodata.__sincosf_table
                0x000000000800c238       0xe0 /opt/homebrew/Caskroom/gcc-arm-embedded/10-2020-q4-major/gcc-arm-none-eabi-10-2020-q4-major/bin/../lib/gcc/arm-none-eabi/10.2.1/../../../../arm-none-eabi/lib/thumb/v7e-m+dp/hard/libm.a(lib_a-sincosf_data.o)
                0x000000000800c238                __sincosf_table
 *(.glue_7)
 .glue_7        0x000000000800c318        0x0 linker stubs
 *(.glue_7t)
 .glue_7t       0x000000000800c318        0x0 linker stubs
 *(.init)
 .init          0x000000000800c318        0x4 /opt/homebrew/Caskroom/gcc-arm-embedded/10-2020-q4-major/gcc-arm-none-eabi-10-2020-q4-major/bin/../lib/gcc/arm-none-eabi/10.2.1/thumb/v7e-m+dp/hard/crti.o
                0x000000000800c318                _init
 .init          0x000000000800c31c        0x8 /opt/homebrew/Caskroom/gcc-arm-embedded/10-2020-q4-major/gcc-arm-none-eabi-10-2020-q4-major/bin/../lib/gcc/arm-none-eabi/10.2.1/thumb/v7e-m+dp/hard/crtn.o
 *(.fini)
 .fini          0x000000000800c324        0x4 /opt/homebrew/Caskroom/gcc-arm-embedded/10-2020-q4-major/gcc-arm-none-eabi-10-2020-q4-major/bin/../lib/gcc/arm-none-eabi/10.2.1/thumb/v7e-m+dp/hard/crti.o
                0x000000000800c324                _fini
 .fini          0x000000000800c328        0x8 /opt/homebrew/Caskroom/gcc-arm-embedded/10-2020-q4-major/gcc-arm-none-eabi-10-2020-q4-major/bin/../lib/gcc/arm-none-eabi/10.2.1/thumb/v7e-m+dp/hard/crtn.o
                0x000000000800c330                . = ALIGN (0x4)
                0x000000000800c330                _etext = .

.eh_frame       0x000000000800c330        0x0
 .eh_frame      0x000000000800c330        0x0 /opt/homebrew/Caskroom/gcc-arm-embedded/10-2020-q4-major/gcc-arm-none-eabi-10-2020-q4-major/bin/../lib/gcc/arm-none-eabi/10.2.1/thumb/v7e-m+dp/hard/crtbegin.o

.vfp11_veneer   0x000000000800c330        0x0
 .vfp11_veneer  0x000000000800c330        0x0 linker stubs

.v4_bx          0x000000000800c330        0x0
 .v4_bx         0x000000000800c330        0x0 linker stubs

.iplt           0x000000000800c330        0x0
 .iplt          0x000000000800c330        0x0 /opt/homebrew/Caskroom/gcc-arm-embedded/10-2020-q4-major/gcc-arm-none-eabi-10-2020-q4-major/bin/../lib/gcc/arm-none-eabi/10.2.1/thumb/v7e-m+dp/hard/crtbegin.o

.ARM.extab      0x000000000800c330        0x0
                0x000000000800c330                . = ALIGN (0x4)
 *(.ARM.extab)
 *(.gnu.linkonce.armextab.*)
                0x000000000800c330                . = ALIGN (0x4)

.exidx          0x000000000800c330        0x8
                0x000000000800c330                . = ALIGN (0x4)
                [!provide]                        PROVIDE (__exidx_start = .)
 *(.ARM.exidx*)
 .ARM.exidx     0x000000000800c330        0x8 /opt/homebrew/Caskroom/gcc-arm-embedded/10-2020-q4-major/gcc-arm-none-eabi-10-2020-q4-major/bin/../lib/gcc/arm-none-eabi/10.2.1/thumb/v7e-m+dp/hard/libgcc.a(_udivmoddi4.o)
                0x000000000800c338                . = ALIGN (0x4)
                [!provide]                        PROVIDE (__exidx_end = .)

.rel.dyn        0x000000000800c338        0x0
 .rel.iplt      0x000000000800c338        0x0 /opt/homebrew/Caskroom/gcc-arm-embedded/10-2020-q4-major/gcc-arm-none-eabi-10-2020-q4-major/bin/../lib/gcc/arm-none-eabi/10.2.1/thumb/v7e-m+dp/hard/crtbegin.o

.ARM.attributes
                0x000000000800c338       0x2e
 *(.ARM.attributes)
 .ARM.attributes
                0x000000000800c338       0x1e /opt/homebrew/Caskroom/gcc-arm-embedded/10-2020-q4-major/gcc-arm-none-eabi-10-2020-q4-major/bin/../lib/gcc/arm-none-eabi/10.2.1/thumb/v7e-m+dp/hard/crti.o
 .ARM.attributes
                0x000000000800c356       0x32 /opt/homebrew/Caskroom/gcc-arm-embedded/10-2020-q4-major/gcc-arm-none-eabi-10-2020-q4-major/bin/../lib/gcc/arm-none-eabi/10.2.1/thumb/v7e-m+dp/hard/crtbegin.o
 .ARM.attributes
                0x000000000800c388       0x32 build/startup_stm32h750xx.o
 .ARM.attributes
                0x000000000800c3ba       0x32 build/DrumModule.o
 .ARM.attributes
                0x000000000800c3ec       0x32 ../../libdaisy/build/libdaisy.a(daisy_seed.o)
 .ARM.attributes
                0x000000000800c41e       0x32 ../../libdaisy/build/libdaisy.a(codec_ak4556.o)
 .ARM.attributes
                0x000000000800c450       0x32 ../../libdaisy/build/libdaisy.a(sdram.o)
 .ARM.attributes
                0x000000000800c482       0x32 ../../libdaisy/build/libdaisy.a(audio.o)
 .ARM.attributes
                0x000000000800c4b4       0x32 ../../libdaisy/build/libdaisy.a(gpio.o)
 .ARM.attributes
                0x000000000800c4e6       0x32 ../../libdaisy/build/libdaisy.a(qspi.o)
 .ARM.attributes
                0x000000000800c518       0x32 ../../libdaisy/build/libdaisy.a(sai.o)
 .ARM.attributes
                0x000000000800c54a       0x32 ../../libdaisy/build/libdaisy.a(uart.o)
 .ARM.attributes
                0x000000000800c57c       0x32 ../../libdaisy/build/libdaisy.a(system.o)
 .ARM.attributes
                0x000000000800c5ae       0x32 ../../libdaisy/build/libdaisy.a(system_stm32h7xx.o)
 .ARM.attributes
                0x000000000800c5e0       0x32 ../../libdaisy/build/libdaisy.a(hal_map.o)
 .ARM.attributes
                0x000000000800c612       0x32 ../../libdaisy/build/libdaisy.a(stm32h7xx_hal.o)
 .ARM.attributes
                0x000000000800c644       0x32 ../../libdaisy/build/libdaisy.a(stm32h7xx_hal_cortex.o)
 .ARM.attributes
                0x000000000800c676       0x32 ../../libdaisy/build/libdaisy.a(stm32h7xx_hal_dma.o)
 .ARM.attributes
                0x000000000800c6a8       0x32 ../../libdaisy/build/libdaisy.a(stm32h7xx_hal_gpio.o)
 .ARM.attributes
                0x000000000800c6da       0x32 ../../libdaisy/build/libdaisy.a(stm32h7xx_hal_pwr_ex.o)
 .ARM.attributes
                0x000000000800c70c       0x32 ../../libdaisy/build/libdaisy.a(stm32h7xx_hal_qspi.o)
 .ARM.attributes
                0x000000000800c73e       0x32 ../../libdaisy/build/libdaisy.a(stm32h7xx_hal_rcc.o)
 .ARM.attributes
                0x000000000800c770       0x32 ../../libdaisy/build/libdaisy.a(stm32h7xx_hal_rcc_ex.o)
 .ARM.attributes
                0x000000000800c7a2       0x32 ../../libdaisy/build/libdaisy.a(stm32h7xx_hal_sai.o)
 .ARM.attributes
                0x000000000800c7d4       0x32 ../../libdaisy/build/libdaisy.a(stm32h7xx_hal_sdram.o)
 .ARM.attributes
                0x000000000800c806       0x32 ../../libdaisy/build/libdaisy.a(stm32h7xx_hal_uart.o)
 .ARM.attributes
                0x000000000800c838       0x32 ../../libdaisy/build/libdaisy.a(stm32h7xx_hal_uart_ex.o)
 .ARM.attributes
                0x000000000800c86a       0x32 ../../libdaisy/build/libdaisy.a(stm32h7xx_ll_fmc.o)
 .ARM.attributes
                0x000000000800c89c       0x32 ../../libdaisy/build/libdaisy.a(i2c.o)
 .ARM.attributes
                0x000000000800c8ce       0x32 ../../libdaisy/build/libdaisy.a(tim.o)
 .ARM.attributes
                0x000000000800c900       0x32 ../../libdaisy/build/libdaisy.a(dma.o)
 .ARM.attributes
                0x000000000800c932       0x32 ../../libdaisy/build/libdaisy.a(stm32h7xx_hal_i2c.o)
 .ARM.attributes
                0x000000000800c964       0x32 ../../libdaisy/build/libdaisy.a(stm32h7xx_hal_mdma.o)
 .ARM.attributes
                0x000000000800c996       0x32 ../../libdaisy/build/libdaisy.a(stm32h7xx_hal_tim.o)
 .ARM.attributes
                0x000000000800c9c8       0x32 ../../libdaisy/build/libdaisy.a(stm32h7xx_hal_tim_ex.o)
 .ARM.attributes
                0x000000000800c9fa       0x32 ../../DaisySP/build/libdaisysp.a(oscillator.o)
 .ARM.attributes
                0x000000000800ca2c       0x32 /opt/homebrew/Caskroom/gcc-arm-embedded/10-2020-q4-major/gcc-arm-none-eabi-10-2020-q4-major/bin/../lib/gcc/arm-none-eabi/10.2.1/../../../../arm-none-eabi/lib/thumb/v7e-m+dp/hard/libstdc++_nano.a(atexit_arm.o)
 .ARM.attributes
                0x000000000800ca5e       0x32 /opt/homebrew/Caskroom/gcc-arm-embedded/10-2020-q4-major/gcc-arm-none-eabi-10-2020-q4-major/bin/../lib/gcc/arm-none-eabi/10.2.1/../../../../arm-none-eabi/lib/thumb/v7e-m+dp/hard/libstdc++_nano.a(class_type_info.o)
 .ARM.attributes
                0x000000000800ca90       0x32 /opt/homebrew/Caskroom/gcc-arm-embedded/10-2020-q4-major/gcc-arm-none-eabi-10-2020-q4-major/bin/../lib/gcc/arm-none-eabi/10.2.1/../../../../arm-none-eabi/lib/thumb/v7e-m+dp/hard/libstdc++_nano.a(del_ops.o)
 .ARM.attributes
                0x000000000800cac2       0x32 /opt/homebrew/Caskroom/gcc-arm-embedded/10-2020-q4-major/gcc-arm-none-eabi-10-2020-q4-major/bin/../lib/gcc/arm-none-eabi/10.2.1/../../../../arm-none-eabi/lib/thumb/v7e-m+dp/hard/libstdc++_nano.a(new_op.o)
 .ARM.attributes
                0x000000000800caf4       0x32 /opt/homebrew/Caskroom/gcc-arm-embedded/10-2020-q4-major/gcc-arm-none-eabi-10-2020-q4-major/bin/../lib/gcc/arm-none-eabi/10.2.1/../../../../arm-none-eabi/lib/thumb/v7e-m+dp/hard/libstdc++_nano.a(si_class_type_info.o)
 .ARM.attributes
                0x000000000800cb26       0x32 /opt/homebrew/Caskroom/gcc-arm-embedded/10-2020-q4-major/gcc-arm-none-eabi-10-2020-q4-major/bin/../lib/gcc/arm-none-eabi/10.2.1/../../../../arm-none-eabi/lib/thumb/v7e-m+dp/hard/libstdc++_nano.a(tinfo.o)
 .ARM.attributes
                0x000000000800cb58       0x32 /opt/homebrew/Caskroom/gcc-arm-embedded/10-2020-q4-major/gcc-arm-none-eabi-10-2020-q4-major/bin/../lib/gcc/arm-none-eabi/10.2.1/../../../../arm-none-eabi/lib/thumb/v7e-m+dp/hard/libstdc++_nano.a(del_op.o)
 .ARM.attributes
                0x000000000800cb8a       0x32 /opt/homebrew/Caskroom/gcc-arm-embedded/10-2020-q4-major/gcc-arm-none-eabi-10-2020-q4-major/bin/../lib/gcc/arm-none-eabi/10.2.1/../../../../arm-none-eabi/lib/thumb/v7e-m+dp/hard/libstdc++_nano.a(new_handler.o)
 .ARM.attributes
                0x000000000800cbbc       0x32 /opt/homebrew/Caskroom/gcc-arm-embedded/10-2020-q4-major/gcc-arm-none-eabi-10-2020-q4-major/bin/../lib/gcc/arm-none-eabi/10.2.1/../../../../arm-none-eabi/lib/thumb/v7e-m+dp/hard/libm.a(lib_a-sf_pow.o)
 .ARM.attributes
                0x000000000800cbee       0x30 /opt/homebrew/Caskroom/gcc-arm-embedded/10-2020-q4-major/gcc-arm-none-eabi-10-2020-q4-major/bin/../lib/gcc/arm-none-eabi/10.2.1/../../../../arm-none-eabi/lib/thumb/v7e-m+dp/hard/libm.a(lib_a-sf_pow_log2_data.o)
 .ARM.attributes
                0x000000000800cc1e       0x32 /opt/homebrew/Caskroom/gcc-arm-embedded/10-2020-q4-major/gcc-arm-none-eabi-10-2020-q4-major/bin/../lib/gcc/arm-none-eabi/10.2.1/../../../../arm-none-eabi/lib/thumb/v7e-m+dp/hard/libm.a(lib_a-sinf.o)
 .ARM.attributes
                0x000000000800cc50       0x32 /opt/homebrew/Caskroom/gcc-arm-embedded/10-2020-q4-major/gcc-arm-none-eabi-10-2020-q4-major/bin/../lib/gcc/arm-none-eabi/10.2.1/../../../../arm-none-eabi/lib/thumb/v7e-m+dp/hard/libm.a(lib_a-wf_fmod.o)
 .ARM.attributes
                0x000000000800cc82       0x32 /opt/homebrew/Caskroom/gcc-arm-embedded/10-2020-q4-major/gcc-arm-none-eabi-10-2020-q4-major/bin/../lib/gcc/arm-none-eabi/10.2.1/../../../../arm-none-eabi/lib/thumb/v7e-m+dp/hard/libm.a(lib_a-ef_fmod.o)
 .ARM.attributes